******************************************************************************
                  TI ARM Linker PC v5.1.7                      
******************************************************************************
>> Linked Tue Sep 16 08:53:32 2014

OUTPUT FILE NAME:   <FreeRTOS8_EECS_TM4C1294_SensorHub.out>
ENTRY POINT SYMBOL: "_c_int00"  address: 00005ee5


MEMORY CONFIGURATION

         name            origin    length      used     unused   attr    fill
----------------------  --------  ---------  --------  --------  ----  --------
  FLASH                 00000000   00100000  00006a4a  000f95b6  R  X
  SRAM                  20000000   00040000  0000574c  0003a8b4  RW X


SEGMENT ALLOCATION MAP

run origin  load origin   length   init length attrs members
----------  ----------- ---------- ----------- ----- -------
00000000    00000000    00006a50   00006a50    r-x
  00000000    00000000    00000200   00000200    r-- .intvecs
  00000200    00000200    00006342   00006342    r-x .text
  00006544    00006544    00000438   00000438    r-- .const
  00006980    00006980    000000d0   000000d0    r-- .cinit
20000000    20000000    0000574c   00000000    rw-
  20000000    20000000    000044d8   00000000    rw- .bss
  200044d8    200044d8    00000800   00000000    rw- .stack
  20004cd8    20004cd8    00000800   00000000    rw- .sysmem
  200054d8    200054d8    00000274   00000000    rw- .data


SECTION ALLOCATION MAP

 output                                  attributes/
section   page    origin      length       input sections
--------  ----  ----------  ----------   ----------------
.intvecs   0    00000000    00000200     
                  00000000    00000200     startup_ccs.obj (.intvecs)

.init_array 
*          0    00000000    00000000     UNINITIALIZED

.text      0    00000200    00006342     
                  00000200    00000ec0     rtsv7M4_T_le_v4SPD16_eabi.lib : _printfi.obj (.text)
                  000010c0    00000bf8     i2cm_drv.obj (.text)
                  00001cb8    000008c0     tasks.obj (.text)
                  00002578    0000066e     queue.obj (.text)
                  00002be6    00000002     --HOLE-- [fill = 0]
                  00002be8    0000049c     uartstdio.obj (.text)
                  00003084    000003dc     rtsv7M4_T_le_v4SPD16_eabi.lib : memory.obj (.text)
                  00003460    00000310                                   : lowlev.obj (.text)
                  00003770    000002d4                                   : trgdrv.obj (.text)
                  00003a44    00000208     Main_SensorHub.obj (.text)
                  00003c4c    000001fc     driverlib.lib : sysctl.obj (.text:SysCtlClockFreqSet)
                  00003e48    000001f4     rtsv7M4_T_le_v4SPD16_eabi.lib : ull_div_t2.obj (.text)
                  0000403c    000001dc     sensorlib.lib : bmp180.obj (.text:BMP180Callback)
                  00004218    000001d0     Task_BMP180_Pressure_Handler.obj (.text)
                  000043e8    000001c0     Task_TimerInterrupt.obj (.text)
                  000045a8    000001c0     rtsv7M4_T_le_v4SPD16_eabi.lib : fopen.obj (.text)
                  00004768    000001b6                                   : fd_add_t2.obj (.text)
                  0000491e    00000002     --HOLE-- [fill = 0]
                  00004920    000001b4     heap_2.obj (.text)
                  00004ad4    00000136     rtsv7M4_T_le_v4SPD16_eabi.lib : fd_div_t2.obj (.text)
                  00004c0a    00000002     --HOLE-- [fill = 0]
                  00004c0c    00000134                                   : fputs.obj (.text)
                  00004d40    00000130     driverlib.lib : gpio.obj (.text:GPIOPadConfigSet)
                  00004e70    0000012a     list.obj (.text)
                  00004f9a    00000002     --HOLE-- [fill = 0]
                  00004f9c    00000124     Task_I2C7_Handler.obj (.text)
                  000050c0    000000fc     rtsv7M4_T_le_v4SPD16_eabi.lib : fd_mul_t2.obj (.text)
                  000051bc    000000e8     port.obj (.text)
                  000052a4    000000dc     rtsv7M4_T_le_v4SPD16_eabi.lib : setvbuf.obj (.text)
                  00005380    000000c0                                   : fflush.obj (.text)
                  00005440    000000ac                                   : _io_perm.obj (.text)
                  000054ec    0000009c                                   : fputc.obj (.text)
                  00005588    0000009c                                   : memcpy_t2.obj (.text)
                  00005624    00000098                                   : fclose.obj (.text)
                  000056bc    00000094                                   : auto_init.obj (.text)
                  00005750    00000086                                   : fd_cmp_t2.obj (.text:__aeabi_cdcmple)
                  000057d6    00000086                                   : fd_cmp_t2.obj (.text:__aeabi_cdrcmple)
                  0000585c    00000080     portasm.obj (.text)
                  000058dc    00000078     rtsv7M4_T_le_v4SPD16_eabi.lib : memset_t2.obj (.text)
                  00005954    00000070                                   : printf.obj (.text)
                  000059c4    00000064     driverlib.lib : interrupt.obj (.text:IntIsEnabled)
                  00005a28    00000064     rtsv7M4_T_le_v4SPD16_eabi.lib : fseek.obj (.text)
                  00005a8c    00000060     driverlib.lib : interrupt.obj (.text:IntDisable)
                  00005aec    00000060                   : interrupt.obj (.text:IntEnable)
                  00005b4c    00000060     rtsv7M4_T_le_v4SPD16_eabi.lib : trgmsg.obj (.text)
                  00005bac    0000005e                                   : copy_decompress_rle.obj (.text)
                  00005c0a    00000002     --HOLE-- [fill = 0]
                  00005c0c    0000005c     driverlib.lib : timer.obj (.text:TimerConfigure)
                  00005c68    0000005a     rtsv7M4_T_le_v4SPD16_eabi.lib : ltoa.obj (.text)
                  00005cc2    00000002     --HOLE-- [fill = 0]
                  00005cc4    00000058     sensorlib.lib : bmp180.obj (.text:BMP180DataRead)
                  00005d1c    00000058                   : bmp180.obj (.text:BMP180Init)
                  00005d74    0000004c                   : bmp180.obj (.text:BMP180ReadModifyWrite)
                  00005dc0    0000004c     rtsv7M4_T_le_v4SPD16_eabi.lib : atoi.obj (.text)
                  00005e0c    00000048     driverlib.lib : gpio.obj (.text:GPIOPinConfigure)
                  00005e54    00000048                   : i2c.obj (.text:I2CMasterInitExpClk)
                  00005e9c    00000048                   : sysctl.obj (.text:_SysCtlFrequencyGet)
                  00005ee4    00000048     rtsv7M4_T_le_v4SPD16_eabi.lib : boot.obj (.text)
                  00005f2c    00000048                                   : fd_toi_t2.obj (.text)
                  00005f74    00000044                                   : cpy_tbl.obj (.text)
                  00005fb8    00000044                                   : exit.obj (.text)
                  00005ffc    00000044                                   : fd_tou_t2.obj (.text)
                  00006040    00000044                                   : xdtest.obj (.text)
                  00006084    00000042                                   : u_divt2.obj (.text)
                  000060c6    00000040     driverlib.lib : uart.obj (.text:UARTConfigSetExpClk)
                  00006106    00000036     Task_BMP180_Pressure_Handler.obj (.text:I2CMRead)
                  0000613c    00000036     Task_BMP180_Pressure_Handler.obj (.text:I2CMWrite)
                  00006172    00000036     Task_BMP180_Pressure_Handler.obj (.text:I2CMWriteBatched)
                  000061a8    00000034     driverlib.lib : sysctl.obj (.text:SysCtlPeripheralEnable)
                  000061dc    00000034                   : sysctl.obj (.text:SysCtlPeripheralPresent)
                  00006210    00000030     rtsv7M4_T_le_v4SPD16_eabi.lib : strncpy.obj (.text)
                  00006240    0000002e                                   : i_tofd_t2.obj (.text)
                  0000626e    0000002a     driverlib.lib : gpio.obj (.text:GPIODirModeSet)
                  00006298    00000020     rtsv7M4_T_le_v4SPD16_eabi.lib : u_tofd_t2.obj (.text)
                  000062b8    0000001c     driverlib.lib : uart.obj (.text:UARTDisable)
                  000062d4    0000001c                   : sysctl.obj (.text:_SysCtlMemTimingGet)
                  000062f0    0000001c     rtsv7M4_T_le_v4SPD16_eabi.lib : memccpy.obj (.text)
                  0000630c    00000018     sensorlib.lib : bmp180.obj (.text:BMP180DataPressureGetRaw)
                  00006324    00000018     driverlib.lib : gpio.obj (.text:GPIOPinTypeGPIOOutput)
                  0000633c    00000018     rtsv7M4_T_le_v4SPD16_eabi.lib : args_main.obj (.text)
                  00006354    00000018                                   : ll_mul_t2.obj (.text)
                  0000636c    00000018                                   : strcmp.obj (.text)
                  00006384    00000016                                   : memchr.obj (.text)
                  0000639a    00000016                                   : strchr.obj (.text)
                  000063b0    00000014     driverlib.lib : uart.obj (.text:UARTEnable)
                  000063c4    00000014     rtsv7M4_T_le_v4SPD16_eabi.lib : _lock.obj (.text)
                  000063d8    00000014                                   : strlen.obj (.text)
                  000063ec    00000012     driverlib.lib : gpio.obj (.text:GPIOPinTypeI2C)
                  000063fe    00000012                   : gpio.obj (.text:GPIOPinTypeI2CSCL)
                  00006410    00000012                   : gpio.obj (.text:GPIOPinTypeUART)
                  00006422    00000012                   : timer.obj (.text:TimerLoadSet)
                  00006434    00000012                   : timer.obj (.text:TimerPrescaleSet)
                  00006446    00000012     rtsv7M4_T_le_v4SPD16_eabi.lib : copy_zero_init.obj (.text:decompress:ZI)
                  00006458    00000012                                   : xdclass.obj (.text)
                  0000646a    00000002     --HOLE-- [fill = 0]
                  0000646c    00000010     driverlib.lib : fpu.obj (.text:FPUEnable)
                  0000647c    00000010                   : fpu.obj (.text:FPULazyStackingEnable)
                  0000648c    00000010     rtsv7M4_T_le_v4SPD16_eabi.lib : strcpy.obj (.text)
                  0000649c    0000000e     driverlib.lib : timer.obj (.text:TimerEnable)
                  000064aa    0000000e     rtsv7M4_T_le_v4SPD16_eabi.lib : copy_decompress_none.obj (.text:decompress:none)
                  000064b8    0000000c     sensorlib.lib : bmp180.obj (.text:BMP180DataTemperatureGetRaw)
                  000064c4    0000000c     driverlib.lib : interrupt.obj (.text:IntTrigger)
                  000064d0    0000000c     startup_ccs.obj (.text)
                  000064dc    0000000a     driverlib.lib : i2c.obj (.text:I2CMasterEnable)
                  000064e6    0000000a                   : uart.obj (.text:UARTCharGet)
                  000064f0    0000000a                   : uart.obj (.text:UARTCharPut)
                  000064fa    00000008                   : i2c.obj (.text:I2CMasterIntClear)
                  00006502    00000008                   : i2c.obj (.text:I2CMasterIntEnableEx)
                  0000650a    00000008                   : i2c.obj (.text:I2CMasterSlaveAddrSet)
                  00006512    00000008                   : timer.obj (.text:TimerIntEnable)
                  0000651a    00000006                   : gpio.obj (.text:GPIOPinRead)
                  00006520    00000006                   : gpio.obj (.text:GPIOPinWrite)
                  00006526    00000006                   : uart.obj (.text:UARTClockSourceSet)
                  0000652c    00000006     rtsv7M4_T_le_v4SPD16_eabi.lib : copy_decompress_rle.obj (.text:decompress:rle24)
                  00006532    00000004     driverlib.lib : i2c.obj (.text:I2CMasterControl)
                  00006536    00000004                   : i2c.obj (.text:I2CMasterDataGet)
                  0000653a    00000004                   : i2c.obj (.text:I2CMasterDataPut)
                  0000653e    00000004                   : timer.obj (.text:TimerIntClear)

.const     0    00006544    00000438     
                  00006544    00000120     driverlib.lib : sysctl.obj (.const:g_pppui32XTALtoVCO)
                  00006664    00000102     rtsv7M4_T_le_v4SPD16_eabi.lib : ctype.obj (.const:.string:_ctypes_)
                  00006766    00000002     heap_2.obj (.const)
                  00006768    00000090     driverlib.lib : gpio.obj (.const:g_pui32GPIOBaseAddrs)
                  000067f8    00000070                   : interrupt.obj (.const)
                  00006868    0000006c                   : sysctl.obj (.const:g_pui32Xtals)
                  000068d4    00000040     Task_BMP180_Pressure_Handler.obj (.const:.string:$P$T0$1)
                  00006914    00000030     driverlib.lib : sysctl.obj (.const:g_sXTALtoMEMTIM)
                  00006944    0000001c     uartstdio.obj (.const)
                  00006960    00000012     uartstdio.obj (.const:.string)
                  00006972    00000002     --HOLE-- [fill = 0]
                  00006974    00000008     driverlib.lib : sysctl.obj (.const)

.cinit     0    00006980    000000d0     
                  00006980    000000a5     (.cinit..data.load) [load image, compression = rle]
                  00006a25    00000003     --HOLE-- [fill = 0]
                  00006a28    0000000c     (__TI_handler_table)
                  00006a34    00000004     --HOLE-- [fill = 0]
                  00006a38    00000008     (.cinit..bss.load) [load image, compression = zero_init]
                  00006a40    00000010     (__TI_cinit_table)

.bss       0    20000000    000044d8     UNINITIALIZED
                  20000000    00004000     heap_2.obj (.bss:xHeap)
                  20004000    00000124     Task_I2C7_Handler.obj (.bss:sI2C7_Instance)
                  20004124    00000120     rtsv7M4_T_le_v4SPD16_eabi.lib : trgmsg.obj (.bss:__CIOBUF_)
                  20004244    00000100     startup_ccs.obj (.bss:pulStack)
                  20004344    000000a0     rtsv7M4_T_le_v4SPD16_eabi.lib : defs.obj (.bss:__TI_tmpnams)
                  200043e4    00000050     tasks.obj (.bss:pxReadyTasksLists)
                  20004434    00000044     Task_BMP180_Pressure_Handler.obj (.bss:sBMP180)
                  20004478    00000014     (.common:xDelayedTaskList1)
                  2000448c    00000014     (.common:xDelayedTaskList2)
                  200044a0    00000014     (.common:xPendingReadyList)
                  200044b4    00000008     (.common:parmbuf)
                  200044bc    00000008     (.common:xEnd)
                  200044c4    00000008     (.common:xStart)
                  200044cc    00000004     (.common:Timer_0_A_Semaphore)
                  200044d0    00000004     (.common:pxDelayedTaskList)
                  200044d4    00000004     (.common:pxOverflowDelayedTaskList)

.stack     0    200044d8    00000800     UNINITIALIZED
                  200044d8    00000800     --HOLE--

.sysmem    0    20004cd8    00000800     UNINITIALIZED
                  20004cd8    00000008     rtsv7M4_T_le_v4SPD16_eabi.lib : memory.obj (.sysmem)
                  20004ce0    000007f8     --HOLE--

.data      0    200054d8    00000274     UNINITIALIZED
                  200054d8    000000f0     rtsv7M4_T_le_v4SPD16_eabi.lib : defs.obj (.data:_ftable)
                  200055c8    000000d0                                   : lowlev.obj (.data)
                  20005698    0000002c     tasks.obj (.data)
                  200056c4    00000021     Task_I2C7_Handler.obj (.data)
                  200056e5    00000003     --HOLE--
                  200056e8    00000010     Task_BMP180_Pressure_Handler.obj (.data)
                  200056f8    00000010     rtsv7M4_T_le_v4SPD16_eabi.lib : defs.obj (.data)
                  20005708    0000000c                                   : memory.obj (.data)
                  20005714    00000008     heap_2.obj (.data)
                  2000571c    00000008     port.obj (.data)
                  20005724    00000008     rtsv7M4_T_le_v4SPD16_eabi.lib : _lock.obj (.data)
                  2000572c    00000008                                   : exit.obj (.data)
                  20005734    00000005     uartstdio.obj (.data)
                  20005739    00000003     --HOLE--
                  2000573c    00000004     Main_SensorHub.obj (.data)
                  20005740    00000004     Task_TimerInterrupt.obj (.data)
                  20005744    00000004     rtsv7M4_T_le_v4SPD16_eabi.lib : fopen.obj (.data)
                  20005748    00000004                                   : stkdepth_vars.obj (.data)


LINKER GENERATED COPY TABLES

__TI_cinit_table @ 00006a40 records: 2, size/record: 8, table size: 16
	.data: load addr=00006980, load size=000000a5 bytes, run addr=200054d8, run size=00000274 bytes, compression=rle
	.bss: load addr=00006a38, load size=00000008 bytes, run addr=20000000, run size=000044d8 bytes, compression=zero_init


LINKER GENERATED HANDLER TABLE

__TI_handler_table @ 00006a28 records: 3, size/record: 4, table size: 12
	index: 0, handler: __TI_decompress_rle24
	index: 1, handler: __TI_decompress_none
	index: 2, handler: __TI_zero_init


GLOBAL SYMBOLS: SORTED ALPHABETICALLY BY Name 

address    name
--------   ----
0000630d   BMP180DataPressureGetRaw
00005cc5   BMP180DataRead
000064b9   BMP180DataTemperatureGetRaw
00005d1d   BMP180Init
00005d75   BMP180ReadModifyWrite
00004219   BMP180SimpleCallback
200056f4   BMP180_Semaphore
00005fb9   C$$EXIT
00005b77   C$$IO$$
0000646d   FPUEnable
0000647d   FPULazyStackingEnable
0000626f   GPIODirModeSet
00004d41   GPIOPadConfigSet
00005e0d   GPIOPinConfigure
0000651b   GPIOPinRead
00006325   GPIOPinTypeGPIOOutput
000063ed   GPIOPinTypeI2C
000063ff   GPIOPinTypeI2CSCL
00006411   GPIOPinTypeUART
00006521   GPIOPinWrite
000039fd   HOSTclock
000039c5   HOSTclose
00003987   HOSTgetenv
0000392b   HOSTlseek
000038d9   HOSTopen
0000388d   HOSTread
0000382f   HOSTrename
000037f5   HOSTtime
000037bd   HOSTunlink
00003771   HOSTwrite
200056d1   I2C7WriteData
00004f9d   I2C7_IntServiceRoutine
000016b5   I2CMCommand
0000165f   I2CMInit
0000153d   I2CMIntHandler
00006107   I2CMRead
00001b7d   I2CMRead16BE
000019a3   I2CMReadModifyWrite16LE
0000185b   I2CMReadModifyWrite8
00004faf   I2CMSimpleCallback
00001781   I2CMTransferResume
0000613d   I2CMWrite
00001c43   I2CMWrite16BE
00001ab1   I2CMWrite8
00006173   I2CMWriteBatched
00006533   I2CMasterControl
00006537   I2CMasterDataGet
0000653b   I2CMasterDataPut
000064dd   I2CMasterEnable
00005e55   I2CMasterInitExpClk
000064fb   I2CMasterIntClear
00006503   I2CMasterIntEnableEx
0000650b   I2CMasterSlaveAddrSet
00005a8d   IntDisable
00005aed   IntEnable
000059c5   IntIsEnabled
000064c5   IntTrigger
000064d1   ResetISR
UNDEFED    SHT$$INIT_ARRAY$$Base
UNDEFED    SHT$$INIT_ARRAY$$Limit
00003c4d   SysCtlClockFreqSet
000061a9   SysCtlPeripheralEnable
000061dd   SysCtlPeripheralPresent
0000424d   Task_BMP180_Handler
00003a45   Task_BlinkLED
00004fd1   Task_I2C7_Handler
00003ac1   Task_PrintData_Init
00004417   Task_TimerInterrupt
20005740   TimeCount
00005c0d   TimerConfigure
0000649d   TimerEnable
0000653f   TimerIntClear
00006513   TimerIntEnable
00006423   TimerLoadSet
00006435   TimerPrescaleSet
000043e9   Timer_0_A_ISR
200044cc   Timer_0_A_Semaphore
000064e7   UARTCharGet
000064f1   UARTCharPut
00006527   UARTClockSourceSet
000060c7   UARTConfigSetExpClk
000062b9   UARTDisable
000063b1   UARTEnable
00002be9   UARTStdioConfig
00002d2f   UARTgetc
00002c75   UARTgets
0000304f   UARTprintf
00002d55   UARTvprintf
00002c2f   UARTwrite
00006459   _Dclass
00006041   _Dtest
20004124   __CIOBUF_
20004cd8   __STACK_END
00000800   __STACK_SIZE
200046d8   __STACK_TOP
00000800   __SYSMEM_SIZE
00006a40   __TI_CINIT_Base
00006a50   __TI_CINIT_Limit
00006a28   __TI_Handler_Table_Base
00006a34   __TI_Handler_Table_Limit
00000001   __TI_args_main
000056bd   __TI_auto_init
00004671   __TI_cleanup
2000572c   __TI_cleanup_ptr
00005625   __TI_closefile
000064ab   __TI_decompress_none
0000652d   __TI_decompress_rle24
00005381   __TI_doflush
20005730   __TI_dtors_ptr
200056f8   __TI_ft_end
00000db7   __TI_printfi
000054a3   __TI_rd_ok
00005b7b   __TI_readmsg
00000000   __TI_static_base__
20004344   __TI_tmpnams
00005b4d   __TI_writemsg
00005441   __TI_wrt_ok
00006447   __TI_zero_init
00005751   __aeabi_cdcmpeq
00005751   __aeabi_cdcmple
000057d7   __aeabi_cdrcmple
00005f2d   __aeabi_d2iz
00005ffd   __aeabi_d2uiz
00004773   __aeabi_dadd
00004ad5   __aeabi_ddiv
000050c1   __aeabi_dmul
00004769   __aeabi_dsub
00006241   __aeabi_i2d
00006355   __aeabi_lmul
000058dd   __aeabi_memclr
000058dd   __aeabi_memclr4
000058dd   __aeabi_memclr8
00005589   __aeabi_memcpy
00005589   __aeabi_memcpy4
00005589   __aeabi_memcpy8
000058df   __aeabi_memset
000058df   __aeabi_memset4
000058df   __aeabi_memset8
20005704   __aeabi_stderr
200056fc   __aeabi_stdin
20005700   __aeabi_stdout
00006299   __aeabi_ui2d
00006085   __aeabi_uidivmod
00003e49   __aeabi_uldivmod
ffffffff   __binit__
ffffffff   __c_args__
200044d8   __stack
0000633d   _args_main
00005ee5   _c_int00
00006664   _ctypes_
200054d8   _ftable
20005724   _lock
000063d3   _nop
000063cb   _register_lock
000063c5   _register_unlock
20004cd8   _sys_memory
20005728   _unlock
00005fbd   abort
000036c3   add_device
00005dc1   atoi
200056d0   bI2C7Initialized
ffffffff   binit
00003429   calloc
00003671   close
00005f75   copy_in
00005fc5   exit
0000568b   fclose
000053cd   fflush
000046c7   fopen
000054ed   fputc
00004c0d   fputs
00003179   free
0000469d   freopen
00005a29   fseek
200056ec   g_bBMP180SimpleDone
200056e4   g_bI2CMSimpleDone
00000000   g_pfnVectors
2000573c   g_ulSystemClock
0000364d   lseek
00005c69   ltoa
00003b2b   main
20005748   main_func_sp
00003111   malloc
00003345   memalign
000062f1   memccpy
00006385   memchr
00005589   memcpy
000058e5   memset
00003085   minit
0000359f   open
0000595d   printf
200056cc   psI2C7_Instance
00005571   putc
00005575   putchar
00004d19   puts
00004921   pvPortMalloc
20005698   pxCurrentTCB
000051bd   pxPortInitialiseStack
0000357b   read
00003239   realloc
000034f1   remove
00003553   remove_device
00003515   rename
20004434   sBMP180
20004000   sI2C7_Instance
000052a5   setvbuf
0000639b   strchr
0000636d   strcmp
0000648d   strcpy
000063d9   strlen
00006211   strncpy
200056e0   ui32I2C7HWStatus
200056f0   ui32_BMP180_NbrCallbacks
200056c8   ui32_NbrCallbacks
200056c4   ui32_NbrI2C7Interrupts
200056e8   ui8BMP180Status
200056dc   ui8I2C7Status
00005899   ulPortSetInterruptMask
000034f1   unlink
00004f53   uxListRemove
000029a5   uxQueueMessagesWaiting
000029db   uxQueueMessagesWaitingFromISR
000029bb   uxQueueSpacesAvailable
00001fe5   uxTaskGetNumberOfTasks
00002533   uxTaskResetEventItemValue
00004e71   vListInitialise
00004ea1   vListInitialiseItem
00004eed   vListInsert
00004eb1   vListInsertEnd
000058a7   vPortClearInterruptMask
0000522d   vPortEndScheduler
00005239   vPortEnterCritical
00005249   vPortExitCritical
00004a49   vPortFree
00004ab1   vPortInitialiseBlocks
000058ad   vPortSVCHandler
0000527b   vPortSetupTimerInterrupt
000058cb   vPortStartFirstTask
0000522f   vPortYieldFromISR
000029ed   vQueueDelete
00001e49   vTaskDelay
00001dbd   vTaskDelayUntil
00001ecf   vTaskEndScheduler
00002381   vTaskMissedYield
0000215d   vTaskPlaceOnEventList
00002195   vTaskPlaceOnUnorderedEventList
000022f1   vTaskSetTimeOutState
00001e89   vTaskStartScheduler
00001ee1   vTaskSuspendAll
000020e1   vTaskSwitchContext
00003461   write
00004aab   xPortGetFreeHeapSize
0000585d   xPortPendSVHandler
00005205   xPortStartScheduler
20005720   xPortSysTickCount
00005261   xPortSysTickHandler
00002605   xQueueGenericCreate
000027d5   xQueueGenericReceive
00002579   xQueueGenericReset
00002669   xQueueGenericSend
00002757   xQueueGenericSendFromISR
00002b83   xQueueIsQueueEmptyFromISR
00002bc5   xQueueIsQueueFullFromISR
00002961   xQueuePeekFromISR
000028e9   xQueueReceiveFromISR
00002311   xTaskCheckForTimeOut
00001cb9   xTaskGenericCreate
00001fb5   xTaskGetTickCount
00001fcd   xTaskGetTickCountFromISR
00001ff9   xTaskIncrementTick
000021e9   xTaskRemoveFromEventList
00002271   xTaskRemoveFromUnorderedEventList
00001eeb   xTaskResumeAll


GLOBAL SYMBOLS: SORTED BY Symbol Address 

address    name
--------   ----
00000000   __TI_static_base__
00000000   g_pfnVectors
00000001   __TI_args_main
00000800   __STACK_SIZE
00000800   __SYSMEM_SIZE
00000db7   __TI_printfi
0000153d   I2CMIntHandler
0000165f   I2CMInit
000016b5   I2CMCommand
00001781   I2CMTransferResume
0000185b   I2CMReadModifyWrite8
000019a3   I2CMReadModifyWrite16LE
00001ab1   I2CMWrite8
00001b7d   I2CMRead16BE
00001c43   I2CMWrite16BE
00001cb9   xTaskGenericCreate
00001dbd   vTaskDelayUntil
00001e49   vTaskDelay
00001e89   vTaskStartScheduler
00001ecf   vTaskEndScheduler
00001ee1   vTaskSuspendAll
00001eeb   xTaskResumeAll
00001fb5   xTaskGetTickCount
00001fcd   xTaskGetTickCountFromISR
00001fe5   uxTaskGetNumberOfTasks
00001ff9   xTaskIncrementTick
000020e1   vTaskSwitchContext
0000215d   vTaskPlaceOnEventList
00002195   vTaskPlaceOnUnorderedEventList
000021e9   xTaskRemoveFromEventList
00002271   xTaskRemoveFromUnorderedEventList
000022f1   vTaskSetTimeOutState
00002311   xTaskCheckForTimeOut
00002381   vTaskMissedYield
00002533   uxTaskResetEventItemValue
00002579   xQueueGenericReset
00002605   xQueueGenericCreate
00002669   xQueueGenericSend
00002757   xQueueGenericSendFromISR
000027d5   xQueueGenericReceive
000028e9   xQueueReceiveFromISR
00002961   xQueuePeekFromISR
000029a5   uxQueueMessagesWaiting
000029bb   uxQueueSpacesAvailable
000029db   uxQueueMessagesWaitingFromISR
000029ed   vQueueDelete
00002b83   xQueueIsQueueEmptyFromISR
00002bc5   xQueueIsQueueFullFromISR
00002be9   UARTStdioConfig
00002c2f   UARTwrite
00002c75   UARTgets
00002d2f   UARTgetc
00002d55   UARTvprintf
0000304f   UARTprintf
00003085   minit
00003111   malloc
00003179   free
00003239   realloc
00003345   memalign
00003429   calloc
00003461   write
000034f1   remove
000034f1   unlink
00003515   rename
00003553   remove_device
0000357b   read
0000359f   open
0000364d   lseek
00003671   close
000036c3   add_device
00003771   HOSTwrite
000037bd   HOSTunlink
000037f5   HOSTtime
0000382f   HOSTrename
0000388d   HOSTread
000038d9   HOSTopen
0000392b   HOSTlseek
00003987   HOSTgetenv
000039c5   HOSTclose
000039fd   HOSTclock
00003a45   Task_BlinkLED
00003ac1   Task_PrintData_Init
00003b2b   main
00003c4d   SysCtlClockFreqSet
00003e49   __aeabi_uldivmod
00004219   BMP180SimpleCallback
0000424d   Task_BMP180_Handler
000043e9   Timer_0_A_ISR
00004417   Task_TimerInterrupt
00004671   __TI_cleanup
0000469d   freopen
000046c7   fopen
00004769   __aeabi_dsub
00004773   __aeabi_dadd
00004921   pvPortMalloc
00004a49   vPortFree
00004aab   xPortGetFreeHeapSize
00004ab1   vPortInitialiseBlocks
00004ad5   __aeabi_ddiv
00004c0d   fputs
00004d19   puts
00004d41   GPIOPadConfigSet
00004e71   vListInitialise
00004ea1   vListInitialiseItem
00004eb1   vListInsertEnd
00004eed   vListInsert
00004f53   uxListRemove
00004f9d   I2C7_IntServiceRoutine
00004faf   I2CMSimpleCallback
00004fd1   Task_I2C7_Handler
000050c1   __aeabi_dmul
000051bd   pxPortInitialiseStack
00005205   xPortStartScheduler
0000522d   vPortEndScheduler
0000522f   vPortYieldFromISR
00005239   vPortEnterCritical
00005249   vPortExitCritical
00005261   xPortSysTickHandler
0000527b   vPortSetupTimerInterrupt
000052a5   setvbuf
00005381   __TI_doflush
000053cd   fflush
00005441   __TI_wrt_ok
000054a3   __TI_rd_ok
000054ed   fputc
00005571   putc
00005575   putchar
00005589   __aeabi_memcpy
00005589   __aeabi_memcpy4
00005589   __aeabi_memcpy8
00005589   memcpy
00005625   __TI_closefile
0000568b   fclose
000056bd   __TI_auto_init
00005751   __aeabi_cdcmpeq
00005751   __aeabi_cdcmple
000057d7   __aeabi_cdrcmple
0000585d   xPortPendSVHandler
00005899   ulPortSetInterruptMask
000058a7   vPortClearInterruptMask
000058ad   vPortSVCHandler
000058cb   vPortStartFirstTask
000058dd   __aeabi_memclr
000058dd   __aeabi_memclr4
000058dd   __aeabi_memclr8
000058df   __aeabi_memset
000058df   __aeabi_memset4
000058df   __aeabi_memset8
000058e5   memset
0000595d   printf
000059c5   IntIsEnabled
00005a29   fseek
00005a8d   IntDisable
00005aed   IntEnable
00005b4d   __TI_writemsg
00005b77   C$$IO$$
00005b7b   __TI_readmsg
00005c0d   TimerConfigure
00005c69   ltoa
00005cc5   BMP180DataRead
00005d1d   BMP180Init
00005d75   BMP180ReadModifyWrite
00005dc1   atoi
00005e0d   GPIOPinConfigure
00005e55   I2CMasterInitExpClk
00005ee5   _c_int00
00005f2d   __aeabi_d2iz
00005f75   copy_in
00005fb9   C$$EXIT
00005fbd   abort
00005fc5   exit
00005ffd   __aeabi_d2uiz
00006041   _Dtest
00006085   __aeabi_uidivmod
000060c7   UARTConfigSetExpClk
00006107   I2CMRead
0000613d   I2CMWrite
00006173   I2CMWriteBatched
000061a9   SysCtlPeripheralEnable
000061dd   SysCtlPeripheralPresent
00006211   strncpy
00006241   __aeabi_i2d
0000626f   GPIODirModeSet
00006299   __aeabi_ui2d
000062b9   UARTDisable
000062f1   memccpy
0000630d   BMP180DataPressureGetRaw
00006325   GPIOPinTypeGPIOOutput
0000633d   _args_main
00006355   __aeabi_lmul
0000636d   strcmp
00006385   memchr
0000639b   strchr
000063b1   UARTEnable
000063c5   _register_unlock
000063cb   _register_lock
000063d3   _nop
000063d9   strlen
000063ed   GPIOPinTypeI2C
000063ff   GPIOPinTypeI2CSCL
00006411   GPIOPinTypeUART
00006423   TimerLoadSet
00006435   TimerPrescaleSet
00006447   __TI_zero_init
00006459   _Dclass
0000646d   FPUEnable
0000647d   FPULazyStackingEnable
0000648d   strcpy
0000649d   TimerEnable
000064ab   __TI_decompress_none
000064b9   BMP180DataTemperatureGetRaw
000064c5   IntTrigger
000064d1   ResetISR
000064dd   I2CMasterEnable
000064e7   UARTCharGet
000064f1   UARTCharPut
000064fb   I2CMasterIntClear
00006503   I2CMasterIntEnableEx
0000650b   I2CMasterSlaveAddrSet
00006513   TimerIntEnable
0000651b   GPIOPinRead
00006521   GPIOPinWrite
00006527   UARTClockSourceSet
0000652d   __TI_decompress_rle24
00006533   I2CMasterControl
00006537   I2CMasterDataGet
0000653b   I2CMasterDataPut
0000653f   TimerIntClear
00006664   _ctypes_
00006a28   __TI_Handler_Table_Base
00006a34   __TI_Handler_Table_Limit
00006a40   __TI_CINIT_Base
00006a50   __TI_CINIT_Limit
20004000   sI2C7_Instance
20004124   __CIOBUF_
20004344   __TI_tmpnams
20004434   sBMP180
200044cc   Timer_0_A_Semaphore
200044d8   __stack
200046d8   __STACK_TOP
20004cd8   __STACK_END
20004cd8   _sys_memory
200054d8   _ftable
20005698   pxCurrentTCB
200056c4   ui32_NbrI2C7Interrupts
200056c8   ui32_NbrCallbacks
200056cc   psI2C7_Instance
200056d0   bI2C7Initialized
200056d1   I2C7WriteData
200056dc   ui8I2C7Status
200056e0   ui32I2C7HWStatus
200056e4   g_bI2CMSimpleDone
200056e8   ui8BMP180Status
200056ec   g_bBMP180SimpleDone
200056f0   ui32_BMP180_NbrCallbacks
200056f4   BMP180_Semaphore
200056f8   __TI_ft_end
200056fc   __aeabi_stdin
20005700   __aeabi_stdout
20005704   __aeabi_stderr
20005720   xPortSysTickCount
20005724   _lock
20005728   _unlock
2000572c   __TI_cleanup_ptr
20005730   __TI_dtors_ptr
2000573c   g_ulSystemClock
20005740   TimeCount
20005748   main_func_sp
ffffffff   __binit__
ffffffff   __c_args__
ffffffff   binit
UNDEFED    SHT$$INIT_ARRAY$$Base
UNDEFED    SHT$$INIT_ARRAY$$Limit

[273 symbols]
