<?xml version="1.0"?>
<link_info>
   <banner>TI ARM Linker PC v5.1.7</banner>
   <copyright>Copyright (c) 1996-2014 Texas Instruments Incorporated</copyright>
   <link_time>0x541840dc</link_time>
   <link_errors>0x0</link_errors>
   <output_file>FreeRTOS8_EECS_TM4C1294_SensorHub.out</output_file>
   <entry_point>
      <name>_c_int00</name>
      <address>0x5ee5</address>
   </entry_point>
   <input_file_list>
      <input_file id="fl-2">
         <path>.\</path>
         <kind>object</kind>
         <file>Main_SensorHub.obj</file>
         <name>Main_SensorHub.obj</name>
      </input_file>
      <input_file id="fl-3">
         <path>.\</path>
         <kind>object</kind>
         <file>heap_2.obj</file>
         <name>heap_2.obj</name>
      </input_file>
      <input_file id="fl-4">
         <path>.\</path>
         <kind>object</kind>
         <file>startup_ccs.obj</file>
         <name>startup_ccs.obj</name>
      </input_file>
      <input_file id="fl-5">
         <path>.\Tasks\</path>
         <kind>object</kind>
         <file>Task_BMP180_Pressure_Handler.obj</file>
         <name>Task_BMP180_Pressure_Handler.obj</name>
      </input_file>
      <input_file id="fl-6">
         <path>.\Tasks\</path>
         <kind>object</kind>
         <file>Task_I2C7_Handler.obj</file>
         <name>Task_I2C7_Handler.obj</name>
      </input_file>
      <input_file id="fl-7">
         <path>.\Tasks\</path>
         <kind>object</kind>
         <file>Task_TimerInterrupt.obj</file>
         <name>Task_TimerInterrupt.obj</name>
      </input_file>
      <input_file id="fl-8">
         <path>.\Source\</path>
         <kind>object</kind>
         <file>croutine.obj</file>
         <name>croutine.obj</name>
      </input_file>
      <input_file id="fl-9">
         <path>.\Source\</path>
         <kind>object</kind>
         <file>event_groups.obj</file>
         <name>event_groups.obj</name>
      </input_file>
      <input_file id="fl-a">
         <path>.\Source\</path>
         <kind>object</kind>
         <file>list.obj</file>
         <name>list.obj</name>
      </input_file>
      <input_file id="fl-b">
         <path>.\Source\</path>
         <kind>object</kind>
         <file>queue.obj</file>
         <name>queue.obj</name>
      </input_file>
      <input_file id="fl-c">
         <path>.\Source\</path>
         <kind>object</kind>
         <file>tasks.obj</file>
         <name>tasks.obj</name>
      </input_file>
      <input_file id="fl-d">
         <path>.\Source\</path>
         <kind>object</kind>
         <file>timers.obj</file>
         <name>timers.obj</name>
      </input_file>
      <input_file id="fl-e">
         <path>.\Source\portable\CCS5\ARM_CM3\</path>
         <kind>object</kind>
         <file>port.obj</file>
         <name>port.obj</name>
      </input_file>
      <input_file id="fl-f">
         <path>.\Source\portable\CCS5\ARM_CM3\</path>
         <kind>object</kind>
         <file>portasm.obj</file>
         <name>portasm.obj</name>
      </input_file>
      <input_file id="fl-10">
         <path>.\Drivers\</path>
         <kind>object</kind>
         <file>GetSP.obj</file>
         <name>GetSP.obj</name>
      </input_file>
      <input_file id="fl-11">
         <path>.\Drivers\</path>
         <kind>object</kind>
         <file>i2cm_drv.obj</file>
         <name>i2cm_drv.obj</name>
      </input_file>
      <input_file id="fl-12">
         <path>.\Drivers\</path>
         <kind>object</kind>
         <file>uartstdio.obj</file>
         <name>uartstdio.obj</name>
      </input_file>
      <input_file id="fl-141">
         <path>C:\TI_CodeComposer\ccsv6\tools\compiler\arm_5.1.7\lib\</path>
         <kind>archive</kind>
         <file>rtsv7M4_T_le_v4SPD16_eabi.lib</file>
         <name>boot.obj</name>
      </input_file>
      <input_file id="fl-142">
         <path>C:\TI_CodeComposer\ccsv6\tools\compiler\arm_5.1.7\lib\</path>
         <kind>archive</kind>
         <file>rtsv7M4_T_le_v4SPD16_eabi.lib</file>
         <name>copy_decompress_none.obj</name>
      </input_file>
      <input_file id="fl-143">
         <path>C:\TI_CodeComposer\ccsv6\tools\compiler\arm_5.1.7\lib\</path>
         <kind>archive</kind>
         <file>rtsv7M4_T_le_v4SPD16_eabi.lib</file>
         <name>copy_decompress_rle.obj</name>
      </input_file>
      <input_file id="fl-144">
         <path>C:\TI_CodeComposer\ccsv6\tools\compiler\arm_5.1.7\lib\</path>
         <kind>archive</kind>
         <file>rtsv7M4_T_le_v4SPD16_eabi.lib</file>
         <name>copy_zero_init.obj</name>
      </input_file>
      <input_file id="fl-145">
         <path>C:\TI_CodeComposer\ccsv6\tools\compiler\arm_5.1.7\lib\</path>
         <kind>archive</kind>
         <file>rtsv7M4_T_le_v4SPD16_eabi.lib</file>
         <name>exit.obj</name>
      </input_file>
      <input_file id="fl-146">
         <path>C:\TI_CodeComposer\ccsv6\tools\compiler\arm_5.1.7\lib\</path>
         <kind>archive</kind>
         <file>rtsv7M4_T_le_v4SPD16_eabi.lib</file>
         <name>fd_mul_t2.obj</name>
      </input_file>
      <input_file id="fl-147">
         <path>C:\TI_CodeComposer\ccsv6\tools\compiler\arm_5.1.7\lib\</path>
         <kind>archive</kind>
         <file>rtsv7M4_T_le_v4SPD16_eabi.lib</file>
         <name>fd_tou_t2.obj</name>
      </input_file>
      <input_file id="fl-148">
         <path>C:\TI_CodeComposer\ccsv6\tools\compiler\arm_5.1.7\lib\</path>
         <kind>archive</kind>
         <file>rtsv7M4_T_le_v4SPD16_eabi.lib</file>
         <name>memcpy_t2.obj</name>
      </input_file>
      <input_file id="fl-149">
         <path>C:\TI_CodeComposer\ccsv6\tools\compiler\arm_5.1.7\lib\</path>
         <kind>archive</kind>
         <file>rtsv7M4_T_le_v4SPD16_eabi.lib</file>
         <name>printf.obj</name>
      </input_file>
      <input_file id="fl-14a">
         <path>C:\TI_CodeComposer\ccsv6\tools\compiler\arm_5.1.7\lib\</path>
         <kind>archive</kind>
         <file>rtsv7M4_T_le_v4SPD16_eabi.lib</file>
         <name>stkdepth_vars.obj</name>
      </input_file>
      <input_file id="fl-14b">
         <path>C:\TI_CodeComposer\ccsv6\tools\compiler\arm_5.1.7\lib\</path>
         <kind>archive</kind>
         <file>rtsv7M4_T_le_v4SPD16_eabi.lib</file>
         <name>u_divt2.obj</name>
      </input_file>
      <input_file id="fl-14c">
         <path>C:\TI_CodeComposer\ccsv6\tools\compiler\arm_5.1.7\lib\</path>
         <kind>archive</kind>
         <file>rtsv7M4_T_le_v4SPD16_eabi.lib</file>
         <name>u_tofd_t2.obj</name>
      </input_file>
      <input_file id="fl-14d">
         <path>C:\TI_CodeComposer\ccsv6\tools\compiler\arm_5.1.7\lib\</path>
         <kind>archive</kind>
         <file>rtsv7M4_T_le_v4SPD16_eabi.lib</file>
         <name>_lock.obj</name>
      </input_file>
      <input_file id="fl-14e">
         <path>C:\TI_CodeComposer\ccsv6\tools\compiler\arm_5.1.7\lib\</path>
         <kind>archive</kind>
         <file>rtsv7M4_T_le_v4SPD16_eabi.lib</file>
         <name>_printfi.obj</name>
      </input_file>
      <input_file id="fl-14f">
         <path>C:\TI_CodeComposer\ccsv6\tools\compiler\arm_5.1.7\lib\</path>
         <kind>archive</kind>
         <file>rtsv7M4_T_le_v4SPD16_eabi.lib</file>
         <name>args_main.obj</name>
      </input_file>
      <input_file id="fl-150">
         <path>C:\TI_CodeComposer\ccsv6\tools\compiler\arm_5.1.7\lib\</path>
         <kind>archive</kind>
         <file>rtsv7M4_T_le_v4SPD16_eabi.lib</file>
         <name>atoi.obj</name>
      </input_file>
      <input_file id="fl-151">
         <path>C:\TI_CodeComposer\ccsv6\tools\compiler\arm_5.1.7\lib\</path>
         <kind>archive</kind>
         <file>rtsv7M4_T_le_v4SPD16_eabi.lib</file>
         <name>auto_init.obj</name>
      </input_file>
      <input_file id="fl-152">
         <path>C:\TI_CodeComposer\ccsv6\tools\compiler\arm_5.1.7\lib\</path>
         <kind>archive</kind>
         <file>rtsv7M4_T_le_v4SPD16_eabi.lib</file>
         <name>cpy_tbl.obj</name>
      </input_file>
      <input_file id="fl-153">
         <path>C:\TI_CodeComposer\ccsv6\tools\compiler\arm_5.1.7\lib\</path>
         <kind>archive</kind>
         <file>rtsv7M4_T_le_v4SPD16_eabi.lib</file>
         <name>ctype.obj</name>
      </input_file>
      <input_file id="fl-154">
         <path>C:\TI_CodeComposer\ccsv6\tools\compiler\arm_5.1.7\lib\</path>
         <kind>archive</kind>
         <file>rtsv7M4_T_le_v4SPD16_eabi.lib</file>
         <name>defs.obj</name>
      </input_file>
      <input_file id="fl-155">
         <path>C:\TI_CodeComposer\ccsv6\tools\compiler\arm_5.1.7\lib\</path>
         <kind>archive</kind>
         <file>rtsv7M4_T_le_v4SPD16_eabi.lib</file>
         <name>fd_add_t2.obj</name>
      </input_file>
      <input_file id="fl-156">
         <path>C:\TI_CodeComposer\ccsv6\tools\compiler\arm_5.1.7\lib\</path>
         <kind>archive</kind>
         <file>rtsv7M4_T_le_v4SPD16_eabi.lib</file>
         <name>fd_cmp_t2.obj</name>
      </input_file>
      <input_file id="fl-157">
         <path>C:\TI_CodeComposer\ccsv6\tools\compiler\arm_5.1.7\lib\</path>
         <kind>archive</kind>
         <file>rtsv7M4_T_le_v4SPD16_eabi.lib</file>
         <name>fd_div_t2.obj</name>
      </input_file>
      <input_file id="fl-158">
         <path>C:\TI_CodeComposer\ccsv6\tools\compiler\arm_5.1.7\lib\</path>
         <kind>archive</kind>
         <file>rtsv7M4_T_le_v4SPD16_eabi.lib</file>
         <name>fd_toi_t2.obj</name>
      </input_file>
      <input_file id="fl-159">
         <path>C:\TI_CodeComposer\ccsv6\tools\compiler\arm_5.1.7\lib\</path>
         <kind>archive</kind>
         <file>rtsv7M4_T_le_v4SPD16_eabi.lib</file>
         <name>fputc.obj</name>
      </input_file>
      <input_file id="fl-15a">
         <path>C:\TI_CodeComposer\ccsv6\tools\compiler\arm_5.1.7\lib\</path>
         <kind>archive</kind>
         <file>rtsv7M4_T_le_v4SPD16_eabi.lib</file>
         <name>fputs.obj</name>
      </input_file>
      <input_file id="fl-15b">
         <path>C:\TI_CodeComposer\ccsv6\tools\compiler\arm_5.1.7\lib\</path>
         <kind>archive</kind>
         <file>rtsv7M4_T_le_v4SPD16_eabi.lib</file>
         <name>i_tofd_t2.obj</name>
      </input_file>
      <input_file id="fl-15c">
         <path>C:\TI_CodeComposer\ccsv6\tools\compiler\arm_5.1.7\lib\</path>
         <kind>archive</kind>
         <file>rtsv7M4_T_le_v4SPD16_eabi.lib</file>
         <name>ll_mul_t2.obj</name>
      </input_file>
      <input_file id="fl-15d">
         <path>C:\TI_CodeComposer\ccsv6\tools\compiler\arm_5.1.7\lib\</path>
         <kind>archive</kind>
         <file>rtsv7M4_T_le_v4SPD16_eabi.lib</file>
         <name>lowlev.obj</name>
      </input_file>
      <input_file id="fl-15e">
         <path>C:\TI_CodeComposer\ccsv6\tools\compiler\arm_5.1.7\lib\</path>
         <kind>archive</kind>
         <file>rtsv7M4_T_le_v4SPD16_eabi.lib</file>
         <name>ltoa.obj</name>
      </input_file>
      <input_file id="fl-15f">
         <path>C:\TI_CodeComposer\ccsv6\tools\compiler\arm_5.1.7\lib\</path>
         <kind>archive</kind>
         <file>rtsv7M4_T_le_v4SPD16_eabi.lib</file>
         <name>memccpy.obj</name>
      </input_file>
      <input_file id="fl-160">
         <path>C:\TI_CodeComposer\ccsv6\tools\compiler\arm_5.1.7\lib\</path>
         <kind>archive</kind>
         <file>rtsv7M4_T_le_v4SPD16_eabi.lib</file>
         <name>memchr.obj</name>
      </input_file>
      <input_file id="fl-161">
         <path>C:\TI_CodeComposer\ccsv6\tools\compiler\arm_5.1.7\lib\</path>
         <kind>archive</kind>
         <file>rtsv7M4_T_le_v4SPD16_eabi.lib</file>
         <name>memset_t2.obj</name>
      </input_file>
      <input_file id="fl-162">
         <path>C:\TI_CodeComposer\ccsv6\tools\compiler\arm_5.1.7\lib\</path>
         <kind>archive</kind>
         <file>rtsv7M4_T_le_v4SPD16_eabi.lib</file>
         <name>strchr.obj</name>
      </input_file>
      <input_file id="fl-163">
         <path>C:\TI_CodeComposer\ccsv6\tools\compiler\arm_5.1.7\lib\</path>
         <kind>archive</kind>
         <file>rtsv7M4_T_le_v4SPD16_eabi.lib</file>
         <name>strcmp.obj</name>
      </input_file>
      <input_file id="fl-164">
         <path>C:\TI_CodeComposer\ccsv6\tools\compiler\arm_5.1.7\lib\</path>
         <kind>archive</kind>
         <file>rtsv7M4_T_le_v4SPD16_eabi.lib</file>
         <name>strlen.obj</name>
      </input_file>
      <input_file id="fl-165">
         <path>C:\TI_CodeComposer\ccsv6\tools\compiler\arm_5.1.7\lib\</path>
         <kind>archive</kind>
         <file>rtsv7M4_T_le_v4SPD16_eabi.lib</file>
         <name>strncpy.obj</name>
      </input_file>
      <input_file id="fl-166">
         <path>C:\TI_CodeComposer\ccsv6\tools\compiler\arm_5.1.7\lib\</path>
         <kind>archive</kind>
         <file>rtsv7M4_T_le_v4SPD16_eabi.lib</file>
         <name>trgdrv.obj</name>
      </input_file>
      <input_file id="fl-167">
         <path>C:\TI_CodeComposer\ccsv6\tools\compiler\arm_5.1.7\lib\</path>
         <kind>archive</kind>
         <file>rtsv7M4_T_le_v4SPD16_eabi.lib</file>
         <name>trgmsg.obj</name>
      </input_file>
      <input_file id="fl-168">
         <path>C:\TI_CodeComposer\ccsv6\tools\compiler\arm_5.1.7\lib\</path>
         <kind>archive</kind>
         <file>rtsv7M4_T_le_v4SPD16_eabi.lib</file>
         <name>ull_div_t2.obj</name>
      </input_file>
      <input_file id="fl-169">
         <path>C:\TI_CodeComposer\ccsv6\tools\compiler\arm_5.1.7\lib\</path>
         <kind>archive</kind>
         <file>rtsv7M4_T_le_v4SPD16_eabi.lib</file>
         <name>xdclass.obj</name>
      </input_file>
      <input_file id="fl-16a">
         <path>C:\TI_CodeComposer\ccsv6\tools\compiler\arm_5.1.7\lib\</path>
         <kind>archive</kind>
         <file>rtsv7M4_T_le_v4SPD16_eabi.lib</file>
         <name>xdtest.obj</name>
      </input_file>
      <input_file id="fl-16b">
         <path>C:\TI_CodeComposer\ccsv6\tools\compiler\arm_5.1.7\lib\</path>
         <kind>archive</kind>
         <file>rtsv7M4_T_le_v4SPD16_eabi.lib</file>
         <name>_io_perm.obj</name>
      </input_file>
      <input_file id="fl-16c">
         <path>C:\TI_CodeComposer\ccsv6\tools\compiler\arm_5.1.7\lib\</path>
         <kind>archive</kind>
         <file>rtsv7M4_T_le_v4SPD16_eabi.lib</file>
         <name>fflush.obj</name>
      </input_file>
      <input_file id="fl-16d">
         <path>C:\TI_CodeComposer\ccsv6\tools\compiler\arm_5.1.7\lib\</path>
         <kind>archive</kind>
         <file>rtsv7M4_T_le_v4SPD16_eabi.lib</file>
         <name>fseek.obj</name>
      </input_file>
      <input_file id="fl-16e">
         <path>C:\TI_CodeComposer\ccsv6\tools\compiler\arm_5.1.7\lib\</path>
         <kind>archive</kind>
         <file>rtsv7M4_T_le_v4SPD16_eabi.lib</file>
         <name>setvbuf.obj</name>
      </input_file>
      <input_file id="fl-16f">
         <path>C:\TI_CodeComposer\ccsv6\tools\compiler\arm_5.1.7\lib\</path>
         <kind>archive</kind>
         <file>rtsv7M4_T_le_v4SPD16_eabi.lib</file>
         <name>strcpy.obj</name>
      </input_file>
      <input_file id="fl-170">
         <path>C:\TI_CodeComposer\ccsv6\tools\compiler\arm_5.1.7\lib\</path>
         <kind>archive</kind>
         <file>rtsv7M4_T_le_v4SPD16_eabi.lib</file>
         <name>fopen.obj</name>
      </input_file>
      <input_file id="fl-171">
         <path>C:\TI_CodeComposer\ccsv6\tools\compiler\arm_5.1.7\lib\</path>
         <kind>archive</kind>
         <file>rtsv7M4_T_le_v4SPD16_eabi.lib</file>
         <name>memory.obj</name>
      </input_file>
      <input_file id="fl-172">
         <path>C:\TI_CodeComposer\ccsv6\tools\compiler\arm_5.1.7\lib\</path>
         <kind>archive</kind>
         <file>rtsv7M4_T_le_v4SPD16_eabi.lib</file>
         <name>fclose.obj</name>
      </input_file>
      <input_file id="fl-173">
         <path>C:\TI_CodeComposer\ccsv6\tools\compiler\arm_5.1.7\lib\</path>
         <kind>archive</kind>
         <file>rtsv7M4_T_le_v4SPD16_eabi.lib</file>
         <name>remove.obj</name>
      </input_file>
      <input_file id="fl-174">
         <path>C:\TI_CodeComposer\TivaWare\driverlib\ccs\Debug\</path>
         <kind>archive</kind>
         <file>driverlib.lib</file>
         <name>uart.obj</name>
      </input_file>
      <input_file id="fl-175">
         <path>C:\TI_CodeComposer\TivaWare\driverlib\ccs\Debug\</path>
         <kind>archive</kind>
         <file>driverlib.lib</file>
         <name>timer.obj</name>
      </input_file>
      <input_file id="fl-176">
         <path>C:\TI_CodeComposer\TivaWare\driverlib\ccs\Debug\</path>
         <kind>archive</kind>
         <file>driverlib.lib</file>
         <name>sysctl.obj</name>
      </input_file>
      <input_file id="fl-177">
         <path>C:\TI_CodeComposer\TivaWare\driverlib\ccs\Debug\</path>
         <kind>archive</kind>
         <file>driverlib.lib</file>
         <name>interrupt.obj</name>
      </input_file>
      <input_file id="fl-178">
         <path>C:\TI_CodeComposer\TivaWare\driverlib\ccs\Debug\</path>
         <kind>archive</kind>
         <file>driverlib.lib</file>
         <name>i2c.obj</name>
      </input_file>
      <input_file id="fl-179">
         <path>C:\TI_CodeComposer\TivaWare\driverlib\ccs\Debug\</path>
         <kind>archive</kind>
         <file>driverlib.lib</file>
         <name>gpio.obj</name>
      </input_file>
      <input_file id="fl-17a">
         <path>C:\TI_CodeComposer\TivaWare\driverlib\ccs\Debug\</path>
         <kind>archive</kind>
         <file>driverlib.lib</file>
         <name>fpu.obj</name>
      </input_file>
      <input_file id="fl-17b">
         <path>C:\TI_CodeComposer\TivaWare\driverlib\ccs\Debug\</path>
         <kind>archive</kind>
         <file>driverlib.lib</file>
         <name>cpu.obj</name>
      </input_file>
      <input_file id="fl-17c">
         <path>C:\TI_CodeComposer\TivaWare\sensorlib\ccs\Debug\</path>
         <kind>archive</kind>
         <file>sensorlib.lib</file>
         <name>bmp180.obj</name>
      </input_file>
   </input_file_list>
   <object_component_list>
      <object_component id="oc-e">
         <name>.intvecs</name>
         <load_address>0x0</load_address>
         <run_address>0x0</run_address>
         <size>0x200</size>
         <input_file_ref idref="fl-4"/>
      </object_component>
      <object_component id="oc-3ad">
         <name>.text</name>
         <load_address>0x200</load_address>
         <run_address>0x200</run_address>
         <size>0xec0</size>
         <input_file_ref idref="fl-14e"/>
      </object_component>
      <object_component id="oc-f4">
         <name>.text</name>
         <load_address>0x10c0</load_address>
         <run_address>0x10c0</run_address>
         <size>0xbf8</size>
         <input_file_ref idref="fl-11"/>
      </object_component>
      <object_component id="oc-8b">
         <name>.text</name>
         <load_address>0x1cb8</load_address>
         <run_address>0x1cb8</run_address>
         <size>0x8c0</size>
         <input_file_ref idref="fl-c"/>
      </object_component>
      <object_component id="oc-aa">
         <name>.text</name>
         <load_address>0x2578</load_address>
         <run_address>0x2578</run_address>
         <size>0x66e</size>
         <input_file_ref idref="fl-b"/>
      </object_component>
      <object_component id="oc-bc">
         <name>.text</name>
         <load_address>0x2be8</load_address>
         <run_address>0x2be8</run_address>
         <size>0x49c</size>
         <input_file_ref idref="fl-12"/>
      </object_component>
      <object_component id="oc-4bc">
         <name>.text</name>
         <load_address>0x3084</load_address>
         <run_address>0x3084</run_address>
         <size>0x3dc</size>
         <input_file_ref idref="fl-171"/>
      </object_component>
      <object_component id="oc-3ea">
         <name>.text</name>
         <load_address>0x3460</load_address>
         <run_address>0x3460</run_address>
         <size>0x310</size>
         <input_file_ref idref="fl-15d"/>
      </object_component>
      <object_component id="oc-4db">
         <name>.text</name>
         <load_address>0x3770</load_address>
         <run_address>0x3770</run_address>
         <size>0x2d4</size>
         <input_file_ref idref="fl-166"/>
      </object_component>
      <object_component id="oc-129">
         <name>.text</name>
         <load_address>0x3a44</load_address>
         <run_address>0x3a44</run_address>
         <size>0x208</size>
         <input_file_ref idref="fl-2"/>
      </object_component>
      <object_component id="oc-27a">
         <name>.text:SysCtlClockFreqSet</name>
         <load_address>0x3c4c</load_address>
         <run_address>0x3c4c</run_address>
         <size>0x1fc</size>
         <input_file_ref idref="fl-176"/>
      </object_component>
      <object_component id="oc-400">
         <name>.text</name>
         <load_address>0x3e48</load_address>
         <run_address>0x3e48</run_address>
         <size>0x1f4</size>
         <input_file_ref idref="fl-168"/>
      </object_component>
      <object_component id="oc-38e">
         <name>.text:BMP180Callback</name>
         <load_address>0x403c</load_address>
         <run_address>0x403c</run_address>
         <size>0x1dc</size>
         <input_file_ref idref="fl-17c"/>
      </object_component>
      <object_component id="oc-280">
         <name>.text</name>
         <load_address>0x4218</load_address>
         <run_address>0x4218</run_address>
         <size>0x1d0</size>
         <input_file_ref idref="fl-5"/>
      </object_component>
      <object_component id="oc-40">
         <name>.text</name>
         <load_address>0x43e8</load_address>
         <run_address>0x43e8</run_address>
         <size>0x1c0</size>
         <input_file_ref idref="fl-7"/>
      </object_component>
      <object_component id="oc-4c2">
         <name>.text</name>
         <load_address>0x45a8</load_address>
         <run_address>0x45a8</run_address>
         <size>0x1c0</size>
         <input_file_ref idref="fl-170"/>
      </object_component>
      <object_component id="oc-429">
         <name>.text</name>
         <load_address>0x4768</load_address>
         <run_address>0x4768</run_address>
         <size>0x1b6</size>
         <input_file_ref idref="fl-155"/>
      </object_component>
      <object_component id="oc-16a">
         <name>.text</name>
         <load_address>0x4920</load_address>
         <run_address>0x4920</run_address>
         <size>0x1b4</size>
         <input_file_ref idref="fl-3"/>
      </object_component>
      <object_component id="oc-40f">
         <name>.text</name>
         <load_address>0x4ad4</load_address>
         <run_address>0x4ad4</run_address>
         <size>0x136</size>
         <input_file_ref idref="fl-157"/>
      </object_component>
      <object_component id="oc-3a7">
         <name>.text</name>
         <load_address>0x4c0c</load_address>
         <run_address>0x4c0c</run_address>
         <size>0x134</size>
         <input_file_ref idref="fl-15a"/>
      </object_component>
      <object_component id="oc-237">
         <name>.text:GPIOPadConfigSet</name>
         <load_address>0x4d40</load_address>
         <run_address>0x4d40</run_address>
         <size>0x130</size>
         <input_file_ref idref="fl-179"/>
      </object_component>
      <object_component id="oc-15a">
         <name>.text</name>
         <load_address>0x4e70</load_address>
         <run_address>0x4e70</run_address>
         <size>0x12a</size>
         <input_file_ref idref="fl-a"/>
      </object_component>
      <object_component id="oc-46">
         <name>.text</name>
         <load_address>0x4f9c</load_address>
         <run_address>0x4f9c</run_address>
         <size>0x124</size>
         <input_file_ref idref="fl-6"/>
      </object_component>
      <object_component id="oc-264">
         <name>.text</name>
         <load_address>0x50c0</load_address>
         <run_address>0x50c0</run_address>
         <size>0xfc</size>
         <input_file_ref idref="fl-146"/>
      </object_component>
      <object_component id="oc-3a">
         <name>.text</name>
         <load_address>0x51bc</load_address>
         <run_address>0x51bc</run_address>
         <size>0xe8</size>
         <input_file_ref idref="fl-e"/>
      </object_component>
      <object_component id="oc-461">
         <name>.text</name>
         <load_address>0x52a4</load_address>
         <run_address>0x52a4</run_address>
         <size>0xdc</size>
         <input_file_ref idref="fl-16e"/>
      </object_component>
      <object_component id="oc-3e4">
         <name>.text</name>
         <load_address>0x5380</load_address>
         <run_address>0x5380</run_address>
         <size>0xc0</size>
         <input_file_ref idref="fl-16c"/>
      </object_component>
      <object_component id="oc-3de">
         <name>.text</name>
         <load_address>0x5440</load_address>
         <run_address>0x5440</run_address>
         <size>0xac</size>
         <input_file_ref idref="fl-16b"/>
      </object_component>
      <object_component id="oc-3a1">
         <name>.text</name>
         <load_address>0x54ec</load_address>
         <run_address>0x54ec</run_address>
         <size>0x9c</size>
         <input_file_ref idref="fl-159"/>
      </object_component>
      <object_component id="oc-64">
         <name>.text</name>
         <load_address>0x5588</load_address>
         <run_address>0x5588</run_address>
         <size>0x9c</size>
         <input_file_ref idref="fl-148"/>
      </object_component>
      <object_component id="oc-4ff">
         <name>.text</name>
         <load_address>0x5624</load_address>
         <run_address>0x5624</run_address>
         <size>0x98</size>
         <input_file_ref idref="fl-172"/>
      </object_component>
      <object_component id="oc-4f">
         <name>.text</name>
         <load_address>0x56bc</load_address>
         <run_address>0x56bc</run_address>
         <size>0x94</size>
         <input_file_ref idref="fl-151"/>
      </object_component>
      <object_component id="oc-40a">
         <name>.text:__aeabi_cdcmple</name>
         <load_address>0x5750</load_address>
         <run_address>0x5750</run_address>
         <size>0x86</size>
         <input_file_ref idref="fl-156"/>
      </object_component>
      <object_component id="oc-414">
         <name>.text:__aeabi_cdrcmple</name>
         <load_address>0x57d6</load_address>
         <run_address>0x57d6</run_address>
         <size>0x86</size>
         <input_file_ref idref="fl-156"/>
      </object_component>
      <object_component id="oc-35">
         <name>.text</name>
         <load_address>0x585c</load_address>
         <run_address>0x585c</run_address>
         <size>0x80</size>
         <input_file_ref idref="fl-f"/>
      </object_component>
      <object_component id="oc-42e">
         <name>.text</name>
         <load_address>0x58dc</load_address>
         <run_address>0x58dc</run_address>
         <size>0x78</size>
         <input_file_ref idref="fl-161"/>
      </object_component>
      <object_component id="oc-35a">
         <name>.text</name>
         <load_address>0x5954</load_address>
         <run_address>0x5954</run_address>
         <size>0x70</size>
         <input_file_ref idref="fl-149"/>
      </object_component>
      <object_component id="oc-20a">
         <name>.text:IntIsEnabled</name>
         <load_address>0x59c4</load_address>
         <run_address>0x59c4</run_address>
         <size>0x64</size>
         <input_file_ref idref="fl-177"/>
      </object_component>
      <object_component id="oc-45b">
         <name>.text</name>
         <load_address>0x5a28</load_address>
         <run_address>0x5a28</run_address>
         <size>0x64</size>
         <input_file_ref idref="fl-16d"/>
      </object_component>
      <object_component id="oc-210">
         <name>.text:IntDisable</name>
         <load_address>0x5a8c</load_address>
         <run_address>0x5a8c</run_address>
         <size>0x60</size>
         <input_file_ref idref="fl-177"/>
      </object_component>
      <object_component id="oc-d4">
         <name>.text:IntEnable</name>
         <load_address>0x5aec</load_address>
         <run_address>0x5aec</run_address>
         <size>0x60</size>
         <input_file_ref idref="fl-177"/>
      </object_component>
      <object_component id="oc-510">
         <name>.text</name>
         <load_address>0x5b4c</load_address>
         <run_address>0x5b4c</run_address>
         <size>0x60</size>
         <input_file_ref idref="fl-167"/>
      </object_component>
      <object_component id="oc-77">
         <name>.text</name>
         <load_address>0x5bac</load_address>
         <run_address>0x5bac</run_address>
         <size>0x5e</size>
         <input_file_ref idref="fl-143"/>
      </object_component>
      <object_component id="oc-b6">
         <name>.text:TimerConfigure</name>
         <load_address>0x5c0c</load_address>
         <run_address>0x5c0c</run_address>
         <size>0x5c</size>
         <input_file_ref idref="fl-175"/>
      </object_component>
      <object_component id="oc-41e">
         <name>.text</name>
         <load_address>0x5c68</load_address>
         <run_address>0x5c68</run_address>
         <size>0x5a</size>
         <input_file_ref idref="fl-15e"/>
      </object_component>
      <object_component id="oc-348">
         <name>.text:BMP180DataRead</name>
         <load_address>0x5cc4</load_address>
         <run_address>0x5cc4</run_address>
         <size>0x58</size>
         <input_file_ref idref="fl-17c"/>
      </object_component>
      <object_component id="oc-330">
         <name>.text:BMP180Init</name>
         <load_address>0x5d1c</load_address>
         <run_address>0x5d1c</run_address>
         <size>0x58</size>
         <input_file_ref idref="fl-17c"/>
      </object_component>
      <object_component id="oc-342">
         <name>.text:BMP180ReadModifyWrite</name>
         <load_address>0x5d74</load_address>
         <run_address>0x5d74</run_address>
         <size>0x4c</size>
         <input_file_ref idref="fl-17c"/>
      </object_component>
      <object_component id="oc-43f">
         <name>.text</name>
         <load_address>0x5dc0</load_address>
         <run_address>0x5dc0</run_address>
         <size>0x4c</size>
         <input_file_ref idref="fl-150"/>
      </object_component>
      <object_component id="oc-fa">
         <name>.text:GPIOPinConfigure</name>
         <load_address>0x5e0c</load_address>
         <run_address>0x5e0c</run_address>
         <size>0x48</size>
         <input_file_ref idref="fl-179"/>
      </object_component>
      <object_component id="oc-1fe">
         <name>.text:I2CMasterInitExpClk</name>
         <load_address>0x5e54</load_address>
         <run_address>0x5e54</run_address>
         <size>0x48</size>
         <input_file_ref idref="fl-178"/>
      </object_component>
      <object_component id="oc-320">
         <name>.text:_SysCtlFrequencyGet</name>
         <load_address>0x5e9c</load_address>
         <run_address>0x5e9c</run_address>
         <size>0x48</size>
         <input_file_ref idref="fl-176"/>
      </object_component>
      <object_component id="oc-11">
         <name>.text</name>
         <load_address>0x5ee4</load_address>
         <run_address>0x5ee4</run_address>
         <size>0x48</size>
         <input_file_ref idref="fl-141"/>
      </object_component>
      <object_component id="oc-419">
         <name>.text</name>
         <load_address>0x5f2c</load_address>
         <run_address>0x5f2c</run_address>
         <size>0x48</size>
         <input_file_ref idref="fl-158"/>
      </object_component>
      <object_component id="oc-122">
         <name>.text</name>
         <load_address>0x5f74</load_address>
         <run_address>0x5f74</run_address>
         <size>0x44</size>
         <input_file_ref idref="fl-152"/>
      </object_component>
      <object_component id="oc-5a">
         <name>.text</name>
         <load_address>0x5fb8</load_address>
         <run_address>0x5fb8</run_address>
         <size>0x44</size>
         <input_file_ref idref="fl-145"/>
      </object_component>
      <object_component id="oc-269">
         <name>.text</name>
         <load_address>0x5ffc</load_address>
         <run_address>0x5ffc</run_address>
         <size>0x44</size>
         <input_file_ref idref="fl-147"/>
      </object_component>
      <object_component id="oc-49e">
         <name>.text</name>
         <load_address>0x6040</load_address>
         <run_address>0x6040</run_address>
         <size>0x44</size>
         <input_file_ref idref="fl-16a"/>
      </object_component>
      <object_component id="oc-1c0">
         <name>.text</name>
         <load_address>0x6084</load_address>
         <run_address>0x6084</run_address>
         <size>0x42</size>
         <input_file_ref idref="fl-14b"/>
      </object_component>
      <object_component id="oc-1a2">
         <name>.text:UARTConfigSetExpClk</name>
         <load_address>0x60c6</load_address>
         <run_address>0x60c6</run_address>
         <size>0x40</size>
         <input_file_ref idref="fl-174"/>
      </object_component>
      <object_component id="oc-21c">
         <name>.text:I2CMRead</name>
         <load_address>0x6106</load_address>
         <run_address>0x6106</run_address>
         <size>0x36</size>
         <input_file_ref idref="fl-5"/>
      </object_component>
      <object_component id="oc-10c">
         <name>.text:I2CMWrite</name>
         <load_address>0x613c</load_address>
         <run_address>0x613c</run_address>
         <size>0x36</size>
         <input_file_ref idref="fl-5"/>
      </object_component>
      <object_component id="oc-223">
         <name>.text:I2CMWriteBatched</name>
         <load_address>0x6172</load_address>
         <run_address>0x6172</run_address>
         <size>0x36</size>
         <input_file_ref idref="fl-5"/>
      </object_component>
      <object_component id="oc-b0">
         <name>.text:SysCtlPeripheralEnable</name>
         <load_address>0x61a8</load_address>
         <run_address>0x61a8</run_address>
         <size>0x34</size>
         <input_file_ref idref="fl-176"/>
      </object_component>
      <object_component id="oc-19c">
         <name>.text:SysCtlPeripheralPresent</name>
         <load_address>0x61dc</load_address>
         <run_address>0x61dc</run_address>
         <size>0x34</size>
         <input_file_ref idref="fl-176"/>
      </object_component>
      <object_component id="oc-47a">
         <name>.text</name>
         <load_address>0x6210</load_address>
         <run_address>0x6210</run_address>
         <size>0x30</size>
         <input_file_ref idref="fl-165"/>
      </object_component>
      <object_component id="oc-424">
         <name>.text</name>
         <load_address>0x6240</load_address>
         <run_address>0x6240</run_address>
         <size>0x2e</size>
         <input_file_ref idref="fl-15b"/>
      </object_component>
      <object_component id="oc-231">
         <name>.text:GPIODirModeSet</name>
         <load_address>0x626e</load_address>
         <run_address>0x626e</run_address>
         <size>0x2a</size>
         <input_file_ref idref="fl-179"/>
      </object_component>
      <object_component id="oc-25f">
         <name>.text</name>
         <load_address>0x6298</load_address>
         <run_address>0x6298</run_address>
         <size>0x20</size>
         <input_file_ref idref="fl-14c"/>
      </object_component>
      <object_component id="oc-2d4">
         <name>.text:UARTDisable</name>
         <load_address>0x62b8</load_address>
         <run_address>0x62b8</run_address>
         <size>0x1c</size>
         <input_file_ref idref="fl-174"/>
      </object_component>
      <object_component id="oc-31a">
         <name>.text:_SysCtlMemTimingGet</name>
         <load_address>0x62d4</load_address>
         <run_address>0x62d4</run_address>
         <size>0x1c</size>
         <input_file_ref idref="fl-176"/>
      </object_component>
      <object_component id="oc-439">
         <name>.text</name>
         <load_address>0x62f0</load_address>
         <run_address>0x62f0</run_address>
         <size>0x1c</size>
         <input_file_ref idref="fl-15f"/>
      </object_component>
      <object_component id="oc-34e">
         <name>.text:BMP180DataPressureGetRaw</name>
         <load_address>0x630c</load_address>
         <run_address>0x630c</run_address>
         <size>0x18</size>
         <input_file_ref idref="fl-17c"/>
      </object_component>
      <object_component id="oc-24d">
         <name>.text:GPIOPinTypeGPIOOutput</name>
         <load_address>0x6324</load_address>
         <run_address>0x6324</run_address>
         <size>0x18</size>
         <input_file_ref idref="fl-179"/>
      </object_component>
      <object_component id="oc-54">
         <name>.text</name>
         <load_address>0x633c</load_address>
         <run_address>0x633c</run_address>
         <size>0x18</size>
         <input_file_ref idref="fl-14f"/>
      </object_component>
      <object_component id="oc-405">
         <name>.text</name>
         <load_address>0x6354</load_address>
         <run_address>0x6354</run_address>
         <size>0x18</size>
         <input_file_ref idref="fl-15c"/>
      </object_component>
      <object_component id="oc-46e">
         <name>.text</name>
         <load_address>0x636c</load_address>
         <run_address>0x636c</run_address>
         <size>0x18</size>
         <input_file_ref idref="fl-163"/>
      </object_component>
      <object_component id="oc-3f8">
         <name>.text</name>
         <load_address>0x6384</load_address>
         <run_address>0x6384</run_address>
         <size>0x16</size>
         <input_file_ref idref="fl-160"/>
      </object_component>
      <object_component id="oc-474">
         <name>.text</name>
         <load_address>0x639a</load_address>
         <run_address>0x639a</run_address>
         <size>0x16</size>
         <input_file_ref idref="fl-162"/>
      </object_component>
      <object_component id="oc-1a8">
         <name>.text:UARTEnable</name>
         <load_address>0x63b0</load_address>
         <run_address>0x63b0</run_address>
         <size>0x14</size>
         <input_file_ref idref="fl-174"/>
      </object_component>
      <object_component id="oc-28e">
         <name>.text</name>
         <load_address>0x63c4</load_address>
         <run_address>0x63c4</run_address>
         <size>0x14</size>
         <input_file_ref idref="fl-14d"/>
      </object_component>
      <object_component id="oc-3f2">
         <name>.text</name>
         <load_address>0x63d8</load_address>
         <run_address>0x63d8</run_address>
         <size>0x14</size>
         <input_file_ref idref="fl-164"/>
      </object_component>
      <object_component id="oc-106">
         <name>.text:GPIOPinTypeI2C</name>
         <load_address>0x63ec</load_address>
         <run_address>0x63ec</run_address>
         <size>0x12</size>
         <input_file_ref idref="fl-179"/>
      </object_component>
      <object_component id="oc-100">
         <name>.text:GPIOPinTypeI2CSCL</name>
         <load_address>0x63fe</load_address>
         <run_address>0x63fe</run_address>
         <size>0x12</size>
         <input_file_ref idref="fl-179"/>
      </object_component>
      <object_component id="oc-26e">
         <name>.text:GPIOPinTypeUART</name>
         <load_address>0x6410</load_address>
         <run_address>0x6410</run_address>
         <size>0x12</size>
         <input_file_ref idref="fl-179"/>
      </object_component>
      <object_component id="oc-c8">
         <name>.text:TimerLoadSet</name>
         <load_address>0x6422</load_address>
         <run_address>0x6422</run_address>
         <size>0x12</size>
         <input_file_ref idref="fl-175"/>
      </object_component>
      <object_component id="oc-c2">
         <name>.text:TimerPrescaleSet</name>
         <load_address>0x6434</load_address>
         <run_address>0x6434</run_address>
         <size>0x12</size>
         <input_file_ref idref="fl-175"/>
      </object_component>
      <object_component id="oc-1c">
         <name>.text:decompress:ZI</name>
         <load_address>0x6446</load_address>
         <run_address>0x6446</run_address>
         <size>0x12</size>
         <input_file_ref idref="fl-144"/>
      </object_component>
      <object_component id="oc-433">
         <name>.text</name>
         <load_address>0x6458</load_address>
         <run_address>0x6458</run_address>
         <size>0x12</size>
         <input_file_ref idref="fl-169"/>
      </object_component>
      <object_component id="oc-336">
         <name>.text:FPUEnable</name>
         <load_address>0x646c</load_address>
         <run_address>0x646c</run_address>
         <size>0x10</size>
         <input_file_ref idref="fl-17a"/>
      </object_component>
      <object_component id="oc-33c">
         <name>.text:FPULazyStackingEnable</name>
         <load_address>0x647c</load_address>
         <run_address>0x647c</run_address>
         <size>0x10</size>
         <input_file_ref idref="fl-17a"/>
      </object_component>
      <object_component id="oc-516">
         <name>.text</name>
         <load_address>0x648c</load_address>
         <run_address>0x648c</run_address>
         <size>0x10</size>
         <input_file_ref idref="fl-16f"/>
      </object_component>
      <object_component id="oc-da">
         <name>.text:TimerEnable</name>
         <load_address>0x649c</load_address>
         <run_address>0x649c</run_address>
         <size>0xe</size>
         <input_file_ref idref="fl-175"/>
      </object_component>
      <object_component id="oc-16">
         <name>.text:decompress:none</name>
         <load_address>0x64aa</load_address>
         <run_address>0x64aa</run_address>
         <size>0xe</size>
         <input_file_ref idref="fl-142"/>
      </object_component>
      <object_component id="oc-354">
         <name>.text:BMP180DataTemperatureGetRaw</name>
         <load_address>0x64b8</load_address>
         <run_address>0x64b8</run_address>
         <size>0xc</size>
         <input_file_ref idref="fl-17c"/>
      </object_component>
      <object_component id="oc-216">
         <name>.text:IntTrigger</name>
         <load_address>0x64c4</load_address>
         <run_address>0x64c4</run_address>
         <size>0xc</size>
         <input_file_ref idref="fl-177"/>
      </object_component>
      <object_component id="oc-2f">
         <name>.text</name>
         <load_address>0x64d0</load_address>
         <run_address>0x64d0</run_address>
         <size>0xc</size>
         <input_file_ref idref="fl-4"/>
      </object_component>
      <object_component id="oc-2f1">
         <name>.text:I2CMasterEnable</name>
         <load_address>0x64dc</load_address>
         <run_address>0x64dc</run_address>
         <size>0xa</size>
         <input_file_ref idref="fl-178"/>
      </object_component>
      <object_component id="oc-1b4">
         <name>.text:UARTCharGet</name>
         <load_address>0x64e6</load_address>
         <run_address>0x64e6</run_address>
         <size>0xa</size>
         <input_file_ref idref="fl-174"/>
      </object_component>
      <object_component id="oc-1ae">
         <name>.text:UARTCharPut</name>
         <load_address>0x64f0</load_address>
         <run_address>0x64f0</run_address>
         <size>0xa</size>
         <input_file_ref idref="fl-174"/>
      </object_component>
      <object_component id="oc-1f8">
         <name>.text:I2CMasterIntClear</name>
         <load_address>0x64fa</load_address>
         <run_address>0x64fa</run_address>
         <size>0x8</size>
         <input_file_ref idref="fl-178"/>
      </object_component>
      <object_component id="oc-204">
         <name>.text:I2CMasterIntEnableEx</name>
         <load_address>0x6502</load_address>
         <run_address>0x6502</run_address>
         <size>0x8</size>
         <input_file_ref idref="fl-178"/>
      </object_component>
      <object_component id="oc-1e0">
         <name>.text:I2CMasterSlaveAddrSet</name>
         <load_address>0x650a</load_address>
         <run_address>0x650a</run_address>
         <size>0x8</size>
         <input_file_ref idref="fl-178"/>
      </object_component>
      <object_component id="oc-ce">
         <name>.text:TimerIntEnable</name>
         <load_address>0x6512</load_address>
         <run_address>0x6512</run_address>
         <size>0x8</size>
         <input_file_ref idref="fl-175"/>
      </object_component>
      <object_component id="oc-253">
         <name>.text:GPIOPinRead</name>
         <load_address>0x651a</load_address>
         <run_address>0x651a</run_address>
         <size>0x6</size>
         <input_file_ref idref="fl-179"/>
      </object_component>
      <object_component id="oc-259">
         <name>.text:GPIOPinWrite</name>
         <load_address>0x6520</load_address>
         <run_address>0x6520</run_address>
         <size>0x6</size>
         <input_file_ref idref="fl-179"/>
      </object_component>
      <object_component id="oc-274">
         <name>.text:UARTClockSourceSet</name>
         <load_address>0x6526</load_address>
         <run_address>0x6526</run_address>
         <size>0x6</size>
         <input_file_ref idref="fl-174"/>
      </object_component>
      <object_component id="oc-22">
         <name>.text:decompress:rle24</name>
         <load_address>0x652c</load_address>
         <run_address>0x652c</run_address>
         <size>0x6</size>
         <input_file_ref idref="fl-143"/>
      </object_component>
      <object_component id="oc-1ec">
         <name>.text:I2CMasterControl</name>
         <load_address>0x6532</load_address>
         <run_address>0x6532</run_address>
         <size>0x4</size>
         <input_file_ref idref="fl-178"/>
      </object_component>
      <object_component id="oc-1f2">
         <name>.text:I2CMasterDataGet</name>
         <load_address>0x6536</load_address>
         <run_address>0x6536</run_address>
         <size>0x4</size>
         <input_file_ref idref="fl-178"/>
      </object_component>
      <object_component id="oc-1e6">
         <name>.text:I2CMasterDataPut</name>
         <load_address>0x653a</load_address>
         <run_address>0x653a</run_address>
         <size>0x4</size>
         <input_file_ref idref="fl-178"/>
      </object_component>
      <object_component id="oc-a4">
         <name>.text:TimerIntClear</name>
         <load_address>0x653e</load_address>
         <run_address>0x653e</run_address>
         <size>0x4</size>
         <input_file_ref idref="fl-175"/>
      </object_component>
      <object_component id="oc-329">
         <name>.const:g_pppui32XTALtoVCO</name>
         <load_address>0x6544</load_address>
         <run_address>0x6544</run_address>
         <size>0x120</size>
         <input_file_ref idref="fl-176"/>
      </object_component>
      <object_component id="oc-4a7">
         <name>.const:.string:_ctypes_</name>
         <load_address>0x6664</load_address>
         <run_address>0x6664</run_address>
         <size>0x102</size>
         <input_file_ref idref="fl-153"/>
      </object_component>
      <object_component id="oc-2b8">
         <name>.const</name>
         <load_address>0x6766</load_address>
         <run_address>0x6766</run_address>
         <size>0x2</size>
         <input_file_ref idref="fl-3"/>
      </object_component>
      <object_component id="oc-22c">
         <name>.const:g_pui32GPIOBaseAddrs</name>
         <load_address>0x6768</load_address>
         <run_address>0x6768</run_address>
         <size>0x90</size>
         <input_file_ref idref="fl-179"/>
      </object_component>
      <object_component id="oc-1cf">
         <name>.const</name>
         <load_address>0x67f8</load_address>
         <run_address>0x67f8</run_address>
         <size>0x70</size>
         <input_file_ref idref="fl-177"/>
      </object_component>
      <object_component id="oc-326">
         <name>.const:g_pui32Xtals</name>
         <load_address>0x6868</load_address>
         <run_address>0x6868</run_address>
         <size>0x6c</size>
         <input_file_ref idref="fl-176"/>
      </object_component>
      <object_component id="oc-363">
         <name>.const:.string:$P$T0$1</name>
         <load_address>0x68d4</load_address>
         <run_address>0x68d4</run_address>
         <size>0x40</size>
         <input_file_ref idref="fl-5"/>
      </object_component>
      <object_component id="oc-383">
         <name>.const:g_sXTALtoMEMTIM</name>
         <load_address>0x6914</load_address>
         <run_address>0x6914</run_address>
         <size>0x30</size>
         <input_file_ref idref="fl-176"/>
      </object_component>
      <object_component id="oc-1ba">
         <name>.const</name>
         <load_address>0x6944</load_address>
         <run_address>0x6944</run_address>
         <size>0x1c</size>
         <input_file_ref idref="fl-12"/>
      </object_component>
      <object_component id="oc-2df">
         <name>.const:.string</name>
         <load_address>0x6960</load_address>
         <run_address>0x6960</run_address>
         <size>0x12</size>
         <input_file_ref idref="fl-12"/>
      </object_component>
      <object_component id="oc-32c">
         <name>.const</name>
         <load_address>0x6974</load_address>
         <run_address>0x6974</run_address>
         <size>0x8</size>
         <input_file_ref idref="fl-176"/>
      </object_component>
      <object_component id="oc-563">
         <name>.cinit..data.load</name>
         <load_address>0x6980</load_address>
         <run_address>0x6980</run_address>
         <size>0xa5</size>
      </object_component>
      <object_component id="oc-561">
         <name>__TI_handler_table</name>
         <load_address>0x6a28</load_address>
         <run_address>0x6a28</run_address>
         <size>0xc</size>
      </object_component>
      <object_component id="oc-564">
         <name>.cinit..bss.load</name>
         <load_address>0x6a38</load_address>
         <run_address>0x6a38</run_address>
         <size>0x8</size>
      </object_component>
      <object_component id="oc-562">
         <name>__TI_cinit_table</name>
         <load_address>0x6a40</load_address>
         <run_address>0x6a40</run_address>
         <size>0x10</size>
      </object_component>
      <object_component id="oc-60">
         <name>.data</name>
         <load_address>0x20005748</load_address>
         <run_address>0x20005748</run_address>
         <size>0x4</size>
         <input_file_ref idref="fl-14a"/>
      </object_component>
      <object_component id="oc-91">
         <name>.data</name>
         <load_address>0x20005698</load_address>
         <run_address>0x20005698</run_address>
         <size>0x2c</size>
         <input_file_ref idref="fl-c"/>
      </object_component>
      <object_component id="oc-95">
         <name>.data</name>
         <load_address>0x2000571c</load_address>
         <run_address>0x2000571c</run_address>
         <size>0x8</size>
         <input_file_ref idref="fl-e"/>
      </object_component>
      <object_component id="oc-e0">
         <name>.data</name>
         <load_address>0x20005740</load_address>
         <run_address>0x20005740</run_address>
         <size>0x4</size>
         <input_file_ref idref="fl-7"/>
      </object_component>
      <object_component id="oc-e6">
         <name>.data</name>
         <load_address>0x2000573c</load_address>
         <run_address>0x2000573c</run_address>
         <size>0x4</size>
         <input_file_ref idref="fl-2"/>
      </object_component>
      <object_component id="oc-113">
         <name>.data</name>
         <load_address>0x200056c4</load_address>
         <run_address>0x200056c4</run_address>
         <size>0x21</size>
         <input_file_ref idref="fl-6"/>
      </object_component>
      <object_component id="oc-131">
         <name>.data</name>
         <load_address>0x20005724</load_address>
         <run_address>0x20005724</run_address>
         <size>0x8</size>
         <input_file_ref idref="fl-14d"/>
      </object_component>
      <object_component id="oc-134">
         <name>.data</name>
         <load_address>0x2000572c</load_address>
         <run_address>0x2000572c</run_address>
         <size>0x8</size>
         <input_file_ref idref="fl-145"/>
      </object_component>
      <object_component id="oc-1bd">
         <name>.data</name>
         <load_address>0x20005734</load_address>
         <run_address>0x20005734</run_address>
         <size>0x5</size>
         <input_file_ref idref="fl-12"/>
      </object_component>
      <object_component id="oc-2ac">
         <name>.data</name>
         <load_address>0x20005714</load_address>
         <run_address>0x20005714</run_address>
         <size>0x8</size>
         <input_file_ref idref="fl-3"/>
      </object_component>
      <object_component id="oc-360">
         <name>.data</name>
         <load_address>0x200056e8</load_address>
         <run_address>0x200056e8</run_address>
         <size>0x10</size>
         <input_file_ref idref="fl-5"/>
      </object_component>
      <object_component id="oc-3b3">
         <name>.data:_ftable</name>
         <load_address>0x200054d8</load_address>
         <run_address>0x200054d8</run_address>
         <size>0xf0</size>
         <input_file_ref idref="fl-154"/>
      </object_component>
      <object_component id="oc-469">
         <name>.data</name>
         <load_address>0x200056f8</load_address>
         <run_address>0x200056f8</run_address>
         <size>0x10</size>
         <input_file_ref idref="fl-154"/>
      </object_component>
      <object_component id="oc-480">
         <name>.data</name>
         <load_address>0x200055c8</load_address>
         <run_address>0x200055c8</run_address>
         <size>0xd0</size>
         <input_file_ref idref="fl-15d"/>
      </object_component>
      <object_component id="oc-4fb">
         <name>.data</name>
         <load_address>0x20005708</load_address>
         <run_address>0x20005708</run_address>
         <size>0xc</size>
         <input_file_ref idref="fl-171"/>
      </object_component>
      <object_component id="oc-505">
         <name>.data</name>
         <load_address>0x20005744</load_address>
         <run_address>0x20005744</run_address>
         <size>0x4</size>
         <input_file_ref idref="fl-170"/>
      </object_component>
      <object_component id="oc-2c">
         <name>.bss:pulStack</name>
         <uninitialized>true</uninitialized>
         <run_address>0x20004244</run_address>
         <size>0x100</size>
         <input_file_ref idref="fl-4"/>
      </object_component>
      <object_component id="oc-116">
         <name>.bss:sI2C7_Instance</name>
         <uninitialized>true</uninitialized>
         <run_address>0x20004000</run_address>
         <size>0x124</size>
         <input_file_ref idref="fl-6"/>
      </object_component>
      <object_component id="oc-160">
         <name>.bss:pxReadyTasksLists</name>
         <uninitialized>true</uninitialized>
         <run_address>0x200043e4</run_address>
         <size>0x50</size>
         <input_file_ref idref="fl-c"/>
      </object_component>
      <object_component id="oc-2b2">
         <name>.bss:xHeap</name>
         <uninitialized>true</uninitialized>
         <run_address>0x20000000</run_address>
         <size>0x4000</size>
         <input_file_ref idref="fl-3"/>
      </object_component>
      <object_component id="oc-366">
         <name>.bss:sBMP180</name>
         <uninitialized>true</uninitialized>
         <run_address>0x20004434</run_address>
         <size>0x44</size>
         <input_file_ref idref="fl-5"/>
      </object_component>
      <object_component id="oc-52b">
         <name>.bss:__TI_tmpnams</name>
         <uninitialized>true</uninitialized>
         <run_address>0x20004344</run_address>
         <size>0xa0</size>
         <input_file_ref idref="fl-154"/>
      </object_component>
      <object_component id="oc-532">
         <name>.bss:__CIOBUF_</name>
         <uninitialized>true</uninitialized>
         <run_address>0x20004124</run_address>
         <size>0x120</size>
         <input_file_ref idref="fl-167"/>
      </object_component>
      <object_component id="oc-2b5">
         <name>.common:xStart</name>
         <uninitialized>true</uninitialized>
         <run_address>0x200044c4</run_address>
         <size>0x8</size>
      </object_component>
      <object_component id="oc-2b7">
         <name>.common:xEnd</name>
         <uninitialized>true</uninitialized>
         <run_address>0x200044bc</run_address>
         <size>0x8</size>
      </object_component>
      <object_component id="oc-e3">
         <name>.common:Timer_0_A_Semaphore</name>
         <uninitialized>true</uninitialized>
         <run_address>0x200044cc</run_address>
         <size>0x4</size>
      </object_component>
      <object_component id="oc-170">
         <name>.common:xDelayedTaskList1</name>
         <uninitialized>true</uninitialized>
         <run_address>0x20004478</run_address>
         <size>0x14</size>
      </object_component>
      <object_component id="oc-171">
         <name>.common:xDelayedTaskList2</name>
         <uninitialized>true</uninitialized>
         <run_address>0x2000448c</run_address>
         <size>0x14</size>
      </object_component>
      <object_component id="oc-172">
         <name>.common:pxDelayedTaskList</name>
         <uninitialized>true</uninitialized>
         <run_address>0x200044d0</run_address>
         <size>0x4</size>
      </object_component>
      <object_component id="oc-173">
         <name>.common:pxOverflowDelayedTaskList</name>
         <uninitialized>true</uninitialized>
         <run_address>0x200044d4</run_address>
         <size>0x4</size>
      </object_component>
      <object_component id="oc-169">
         <name>.common:xPendingReadyList</name>
         <uninitialized>true</uninitialized>
         <run_address>0x200044a0</run_address>
         <size>0x14</size>
      </object_component>
      <object_component id="oc-51c">
         <name>.common:parmbuf</name>
         <uninitialized>true</uninitialized>
         <run_address>0x200044b4</run_address>
         <size>0x8</size>
      </object_component>
      <object_component id="oc-29">
         <name>.sysmem</name>
         <uninitialized>true</uninitialized>
         <run_address>0x20004cd8</run_address>
         <size>0x8</size>
         <input_file_ref idref="fl-171"/>
      </object_component>
      <object_component id="oc-566">
         <name>.sysmem</name>
         <uninitialized>true</uninitialized>
         <run_address>0x20004cd8</run_address>
         <size>0x0</size>
      </object_component>
      <object_component id="oc-28">
         <name>.stack</name>
         <uninitialized>true</uninitialized>
         <run_address>0x200044d8</run_address>
         <size>0x0</size>
         <input_file_ref idref="fl-141"/>
      </object_component>
      <object_component id="oc-565">
         <name>.stack</name>
         <uninitialized>true</uninitialized>
         <run_address>0x200044d8</run_address>
         <size>0x0</size>
      </object_component>
      <object_component id="oc-f">
         <name>.debug_info</name>
         <load_address>0x0</load_address>
         <run_address>0x0</run_address>
         <size>0xe9</size>
         <input_file_ref idref="fl-4"/>
      </object_component>
      <object_component id="oc-13">
         <name>.debug_info</name>
         <load_address>0xe9</load_address>
         <run_address>0xe9</run_address>
         <size>0xf3</size>
         <input_file_ref idref="fl-141"/>
      </object_component>
      <object_component id="oc-1a">
         <name>.debug_info</name>
         <load_address>0x1dc</load_address>
         <run_address>0x1dc</run_address>
         <size>0x194</size>
         <input_file_ref idref="fl-142"/>
      </object_component>
      <object_component id="oc-1d">
         <name>.debug_info</name>
         <load_address>0x370</load_address>
         <run_address>0x370</run_address>
         <size>0x16a</size>
         <input_file_ref idref="fl-144"/>
      </object_component>
      <object_component id="oc-24">
         <name>.debug_info</name>
         <load_address>0x4da</load_address>
         <run_address>0x4da</run_address>
         <size>0x18e</size>
         <input_file_ref idref="fl-143"/>
      </object_component>
      <object_component id="oc-2a">
         <name>.debug_info</name>
         <load_address>0x668</load_address>
         <run_address>0x668</run_address>
         <size>0xb6</size>
         <input_file_ref idref="fl-171"/>
      </object_component>
      <object_component id="oc-2d">
         <name>.debug_info</name>
         <load_address>0x71e</load_address>
         <run_address>0x71e</run_address>
         <size>0xe0</size>
         <input_file_ref idref="fl-4"/>
      </object_component>
      <object_component id="oc-30">
         <name>.debug_info</name>
         <load_address>0x7fe</load_address>
         <run_address>0x7fe</run_address>
         <size>0x1fb</size>
         <input_file_ref idref="fl-4"/>
      </object_component>
      <object_component id="oc-36">
         <name>.debug_info</name>
         <load_address>0x9f9</load_address>
         <run_address>0x9f9</run_address>
         <size>0x161</size>
         <input_file_ref idref="fl-f"/>
      </object_component>
      <object_component id="oc-3b">
         <name>.debug_info</name>
         <load_address>0xb5a</load_address>
         <run_address>0xb5a</run_address>
         <size>0x6fb</size>
         <input_file_ref idref="fl-e"/>
      </object_component>
      <object_component id="oc-41">
         <name>.debug_info</name>
         <load_address>0x1255</load_address>
         <run_address>0x1255</run_address>
         <size>0x474</size>
         <input_file_ref idref="fl-7"/>
      </object_component>
      <object_component id="oc-47">
         <name>.debug_info</name>
         <load_address>0x16c9</load_address>
         <run_address>0x16c9</run_address>
         <size>0x3cb</size>
         <input_file_ref idref="fl-6"/>
      </object_component>
      <object_component id="oc-4e">
         <name>.debug_info</name>
         <load_address>0x1a94</load_address>
         <run_address>0x1a94</run_address>
         <size>0x1c7</size>
         <input_file_ref idref="fl-4"/>
      </object_component>
      <object_component id="oc-52">
         <name>.debug_info</name>
         <load_address>0x1c5b</load_address>
         <run_address>0x1c5b</run_address>
         <size>0x13d</size>
         <input_file_ref idref="fl-151"/>
      </object_component>
      <object_component id="oc-55">
         <name>.debug_info</name>
         <load_address>0x1d98</load_address>
         <run_address>0x1d98</run_address>
         <size>0x11c</size>
         <input_file_ref idref="fl-14f"/>
      </object_component>
      <object_component id="oc-5b">
         <name>.debug_info</name>
         <load_address>0x1eb4</load_address>
         <run_address>0x1eb4</run_address>
         <size>0x1c2</size>
         <input_file_ref idref="fl-145"/>
      </object_component>
      <object_component id="oc-61">
         <name>.debug_info</name>
         <load_address>0x2076</load_address>
         <run_address>0x2076</run_address>
         <size>0xbe</size>
         <input_file_ref idref="fl-14a"/>
      </object_component>
      <object_component id="oc-65">
         <name>.debug_info</name>
         <load_address>0x2134</load_address>
         <run_address>0x2134</run_address>
         <size>0xcc</size>
         <input_file_ref idref="fl-148"/>
      </object_component>
      <object_component id="oc-6a">
         <name>.debug_info</name>
         <load_address>0x2200</load_address>
         <run_address>0x2200</run_address>
         <size>0x46</size>
         <input_file_ref idref="fl-142"/>
      </object_component>
      <object_component id="oc-6f">
         <name>.debug_info</name>
         <load_address>0x2246</load_address>
         <run_address>0x2246</run_address>
         <size>0xf2</size>
         <input_file_ref idref="fl-142"/>
      </object_component>
      <object_component id="oc-71">
         <name>.debug_info</name>
         <load_address>0x2338</load_address>
         <run_address>0x2338</run_address>
         <size>0x46</size>
         <input_file_ref idref="fl-144"/>
      </object_component>
      <object_component id="oc-76">
         <name>.debug_info</name>
         <load_address>0x237e</load_address>
         <run_address>0x237e</run_address>
         <size>0xad</size>
         <input_file_ref idref="fl-144"/>
      </object_component>
      <object_component id="oc-79">
         <name>.debug_info</name>
         <load_address>0x242b</load_address>
         <run_address>0x242b</run_address>
         <size>0x1ef</size>
         <input_file_ref idref="fl-143"/>
      </object_component>
      <object_component id="oc-7e">
         <name>.debug_info</name>
         <load_address>0x261a</load_address>
         <run_address>0x261a</run_address>
         <size>0xb7</size>
         <input_file_ref idref="fl-143"/>
      </object_component>
      <object_component id="oc-7f">
         <name>.debug_info</name>
         <load_address>0x26d1</load_address>
         <run_address>0x26d1</run_address>
         <size>0x39</size>
         <input_file_ref idref="fl-143"/>
      </object_component>
      <object_component id="oc-86">
         <name>.debug_info</name>
         <load_address>0x270a</load_address>
         <run_address>0x270a</run_address>
         <size>0x1d7</size>
         <input_file_ref idref="fl-171"/>
      </object_component>
      <object_component id="oc-8c">
         <name>.debug_info</name>
         <load_address>0x28e1</load_address>
         <run_address>0x28e1</run_address>
         <size>0x1e33</size>
         <input_file_ref idref="fl-c"/>
      </object_component>
      <object_component id="oc-92">
         <name>.debug_info</name>
         <load_address>0x4714</load_address>
         <run_address>0x4714</run_address>
         <size>0x2ca</size>
         <input_file_ref idref="fl-c"/>
      </object_component>
      <object_component id="oc-96">
         <name>.debug_info</name>
         <load_address>0x49de</load_address>
         <run_address>0x49de</run_address>
         <size>0x13b</size>
         <input_file_ref idref="fl-e"/>
      </object_component>
      <object_component id="oc-99">
         <name>.debug_info</name>
         <load_address>0x4b19</load_address>
         <run_address>0x4b19</run_address>
         <size>0x217</size>
         <input_file_ref idref="fl-e"/>
      </object_component>
      <object_component id="oc-9a">
         <name>.debug_info</name>
         <load_address>0x4d30</load_address>
         <run_address>0x4d30</run_address>
         <size>0x2c</size>
         <input_file_ref idref="fl-2"/>
      </object_component>
      <object_component id="oc-9f">
         <name>.debug_info</name>
         <load_address>0x4d5c</load_address>
         <run_address>0x4d5c</run_address>
         <size>0xae</size>
         <input_file_ref idref="fl-2"/>
      </object_component>
      <object_component id="oc-a5">
         <name>.debug_info</name>
         <load_address>0x4e0a</load_address>
         <run_address>0x4e0a</run_address>
         <size>0x1f6</size>
         <input_file_ref idref="fl-175"/>
      </object_component>
      <object_component id="oc-ab">
         <name>.debug_info</name>
         <load_address>0x5000</load_address>
         <run_address>0x5000</run_address>
         <size>0x1c06</size>
         <input_file_ref idref="fl-b"/>
      </object_component>
      <object_component id="oc-b2">
         <name>.debug_info</name>
         <load_address>0x6c06</load_address>
         <run_address>0x6c06</run_address>
         <size>0x1e1</size>
         <input_file_ref idref="fl-176"/>
      </object_component>
      <object_component id="oc-b7">
         <name>.debug_info</name>
         <load_address>0x6de7</load_address>
         <run_address>0x6de7</run_address>
         <size>0x1f0</size>
         <input_file_ref idref="fl-175"/>
      </object_component>
      <object_component id="oc-bd">
         <name>.debug_info</name>
         <load_address>0x6fd7</load_address>
         <run_address>0x6fd7</run_address>
         <size>0x7f3</size>
         <input_file_ref idref="fl-12"/>
      </object_component>
      <object_component id="oc-c3">
         <name>.debug_info</name>
         <load_address>0x77ca</load_address>
         <run_address>0x77ca</run_address>
         <size>0x226</size>
         <input_file_ref idref="fl-175"/>
      </object_component>
      <object_component id="oc-c9">
         <name>.debug_info</name>
         <load_address>0x79f0</load_address>
         <run_address>0x79f0</run_address>
         <size>0x21e</size>
         <input_file_ref idref="fl-175"/>
      </object_component>
      <object_component id="oc-cf">
         <name>.debug_info</name>
         <load_address>0x7c0e</load_address>
         <run_address>0x7c0e</run_address>
         <size>0x1f8</size>
         <input_file_ref idref="fl-175"/>
      </object_component>
      <object_component id="oc-d5">
         <name>.debug_info</name>
         <load_address>0x7e06</load_address>
         <run_address>0x7e06</run_address>
         <size>0x1cc</size>
         <input_file_ref idref="fl-177"/>
      </object_component>
      <object_component id="oc-db">
         <name>.debug_info</name>
         <load_address>0x7fd2</load_address>
         <run_address>0x7fd2</run_address>
         <size>0x1e3</size>
         <input_file_ref idref="fl-175"/>
      </object_component>
      <object_component id="oc-e1">
         <name>.debug_info</name>
         <load_address>0x81b5</load_address>
         <run_address>0x81b5</run_address>
         <size>0xf1</size>
         <input_file_ref idref="fl-7"/>
      </object_component>
      <object_component id="oc-e4">
         <name>.debug_info</name>
         <load_address>0x82a6</load_address>
         <run_address>0x82a6</run_address>
         <size>0x4e7</size>
         <input_file_ref idref="fl-7"/>
      </object_component>
      <object_component id="oc-e7">
         <name>.debug_info</name>
         <load_address>0x878d</load_address>
         <run_address>0x878d</run_address>
         <size>0xf2</size>
         <input_file_ref idref="fl-2"/>
      </object_component>
      <object_component id="oc-ea">
         <name>.debug_info</name>
         <load_address>0x887f</load_address>
         <run_address>0x887f</run_address>
         <size>0x18b</size>
         <input_file_ref idref="fl-2"/>
      </object_component>
      <object_component id="oc-ef">
         <name>.debug_info</name>
         <load_address>0x8a0a</load_address>
         <run_address>0x8a0a</run_address>
         <size>0x8b</size>
         <input_file_ref idref="fl-5"/>
      </object_component>
      <object_component id="oc-f5">
         <name>.debug_info</name>
         <load_address>0x8a95</load_address>
         <run_address>0x8a95</run_address>
         <size>0x2315</size>
         <input_file_ref idref="fl-11"/>
      </object_component>
      <object_component id="oc-fb">
         <name>.debug_info</name>
         <load_address>0xadaa</load_address>
         <run_address>0xadaa</run_address>
         <size>0x1e4</size>
         <input_file_ref idref="fl-179"/>
      </object_component>
      <object_component id="oc-101">
         <name>.debug_info</name>
         <load_address>0xaf8e</load_address>
         <run_address>0xaf8e</run_address>
         <size>0x1e3</size>
         <input_file_ref idref="fl-179"/>
      </object_component>
      <object_component id="oc-107">
         <name>.debug_info</name>
         <load_address>0xb171</load_address>
         <run_address>0xb171</run_address>
         <size>0x1dd</size>
         <input_file_ref idref="fl-179"/>
      </object_component>
      <object_component id="oc-10d">
         <name>.debug_info</name>
         <load_address>0xb34e</load_address>
         <run_address>0xb34e</run_address>
         <size>0x295</size>
         <input_file_ref idref="fl-5"/>
      </object_component>
      <object_component id="oc-114">
         <name>.debug_info</name>
         <load_address>0xb5e3</load_address>
         <run_address>0xb5e3</run_address>
         <size>0x256</size>
         <input_file_ref idref="fl-6"/>
      </object_component>
      <object_component id="oc-117">
         <name>.debug_info</name>
         <load_address>0xb839</load_address>
         <run_address>0xb839</run_address>
         <size>0xf9</size>
         <input_file_ref idref="fl-6"/>
      </object_component>
      <object_component id="oc-11a">
         <name>.debug_info</name>
         <load_address>0xb932</load_address>
         <run_address>0xb932</run_address>
         <size>0x42f</size>
         <input_file_ref idref="fl-6"/>
      </object_component>
      <object_component id="oc-11d">
         <name>.debug_info</name>
         <load_address>0xbd61</load_address>
         <run_address>0xbd61</run_address>
         <size>0x84</size>
         <input_file_ref idref="fl-2"/>
      </object_component>
      <object_component id="oc-126">
         <name>.debug_info</name>
         <load_address>0xbde5</load_address>
         <run_address>0xbde5</run_address>
         <size>0x14b</size>
         <input_file_ref idref="fl-152"/>
      </object_component>
      <object_component id="oc-12a">
         <name>.debug_info</name>
         <load_address>0xbf30</load_address>
         <run_address>0xbf30</run_address>
         <size>0x4e1</size>
         <input_file_ref idref="fl-2"/>
      </object_component>
      <object_component id="oc-130">
         <name>.debug_info</name>
         <load_address>0xc411</load_address>
         <run_address>0xc411</run_address>
         <size>0x11b</size>
         <input_file_ref idref="fl-14f"/>
      </object_component>
      <object_component id="oc-132">
         <name>.debug_info</name>
         <load_address>0xc52c</load_address>
         <run_address>0xc52c</run_address>
         <size>0xc8</size>
         <input_file_ref idref="fl-14d"/>
      </object_component>
      <object_component id="oc-135">
         <name>.debug_info</name>
         <load_address>0xc5f4</load_address>
         <run_address>0xc5f4</run_address>
         <size>0xeb</size>
         <input_file_ref idref="fl-145"/>
      </object_component>
      <object_component id="oc-138">
         <name>.debug_info</name>
         <load_address>0xc6df</load_address>
         <run_address>0xc6df</run_address>
         <size>0x146</size>
         <input_file_ref idref="fl-145"/>
      </object_component>
      <object_component id="oc-13d">
         <name>.debug_info</name>
         <load_address>0xc825</load_address>
         <run_address>0xc825</run_address>
         <size>0x2c</size>
         <input_file_ref idref="fl-142"/>
      </object_component>
      <object_component id="oc-144">
         <name>.debug_info</name>
         <load_address>0xc851</load_address>
         <run_address>0xc851</run_address>
         <size>0x2c</size>
         <input_file_ref idref="fl-144"/>
      </object_component>
      <object_component id="oc-150">
         <name>.debug_info</name>
         <load_address>0xc87d</load_address>
         <run_address>0xc87d</run_address>
         <size>0x2c</size>
         <input_file_ref idref="fl-170"/>
      </object_component>
      <object_component id="oc-155">
         <name>.debug_info</name>
         <load_address>0xc8a9</load_address>
         <run_address>0xc8a9</run_address>
         <size>0x62</size>
         <input_file_ref idref="fl-171"/>
      </object_component>
      <object_component id="oc-15b">
         <name>.debug_info</name>
         <load_address>0xc90b</load_address>
         <run_address>0xc90b</run_address>
         <size>0x49c</size>
         <input_file_ref idref="fl-a"/>
      </object_component>
      <object_component id="oc-161">
         <name>.debug_info</name>
         <load_address>0xcda7</load_address>
         <run_address>0xcda7</run_address>
         <size>0xf3</size>
         <input_file_ref idref="fl-c"/>
      </object_component>
      <object_component id="oc-164">
         <name>.debug_info</name>
         <load_address>0xce9a</load_address>
         <run_address>0xce9a</run_address>
         <size>0x626</size>
         <input_file_ref idref="fl-c"/>
      </object_component>
      <object_component id="oc-16b">
         <name>.debug_info</name>
         <load_address>0xd4c0</load_address>
         <run_address>0xd4c0</run_address>
         <size>0x483</size>
         <input_file_ref idref="fl-3"/>
      </object_component>
      <object_component id="oc-17b">
         <name>.debug_info</name>
         <load_address>0xd943</load_address>
         <run_address>0xd943</run_address>
         <size>0x14c</size>
         <input_file_ref idref="fl-2"/>
      </object_component>
      <object_component id="oc-180">
         <name>.debug_info</name>
         <load_address>0xda8f</load_address>
         <run_address>0xda8f</run_address>
         <size>0x2ab</size>
         <input_file_ref idref="fl-2"/>
      </object_component>
      <object_component id="oc-185">
         <name>.debug_info</name>
         <load_address>0xdd3a</load_address>
         <run_address>0xdd3a</run_address>
         <size>0x5b7</size>
         <input_file_ref idref="fl-2"/>
      </object_component>
      <object_component id="oc-187">
         <name>.debug_info</name>
         <load_address>0xe2f1</load_address>
         <run_address>0xe2f1</run_address>
         <size>0x18b</size>
[...]
         <name>__aeabi_stderr</name>
         <value>0x20005704</value>
         <object_component_ref idref="oc-469"/>
      </symbol>
      <symbol id="sm-72f">
         <name>__aeabi_stdin</name>
         <value>0x200056fc</value>
         <object_component_ref idref="oc-469"/>
      </symbol>
      <symbol id="sm-730">
         <name>_ftable</name>
         <value>0x200054d8</value>
         <object_component_ref idref="oc-3b3"/>
      </symbol>
      <symbol id="sm-731">
         <name>__TI_ft_end</name>
         <value>0x200056f8</value>
         <object_component_ref idref="oc-469"/>
      </symbol>
      <symbol id="sm-748">
         <name>__aeabi_dsub</name>
         <value>0x4769</value>
         <object_component_ref idref="oc-429"/>
      </symbol>
      <symbol id="sm-749">
         <name>__aeabi_dadd</name>
         <value>0x4773</value>
         <object_component_ref idref="oc-429"/>
      </symbol>
      <symbol id="sm-76b">
         <name>__aeabi_cdcmpeq</name>
         <value>0x5751</value>
         <object_component_ref idref="oc-40a"/>
      </symbol>
      <symbol id="sm-76c">
         <name>__aeabi_cdcmple</name>
         <value>0x5751</value>
         <object_component_ref idref="oc-40a"/>
      </symbol>
      <symbol id="sm-76d">
         <name>__aeabi_cdrcmple</name>
         <value>0x57d7</value>
         <object_component_ref idref="oc-414"/>
      </symbol>
      <symbol id="sm-781">
         <name>__aeabi_ddiv</name>
         <value>0x4ad5</value>
         <object_component_ref idref="oc-40f"/>
      </symbol>
      <symbol id="sm-78b">
         <name>__aeabi_d2iz</name>
         <value>0x5f2d</value>
         <object_component_ref idref="oc-419"/>
      </symbol>
      <symbol id="sm-7a3">
         <name>putc</name>
         <value>0x5571</value>
         <object_component_ref idref="oc-3a1"/>
      </symbol>
      <symbol id="sm-7a4">
         <name>fputc</name>
         <value>0x54ed</value>
         <object_component_ref idref="oc-3a1"/>
      </symbol>
      <symbol id="sm-7a5">
         <name>putchar</name>
         <value>0x5575</value>
         <object_component_ref idref="oc-3a1"/>
      </symbol>
      <symbol id="sm-7c7">
         <name>puts</name>
         <value>0x4d19</value>
         <object_component_ref idref="oc-3a7"/>
      </symbol>
      <symbol id="sm-7c8">
         <name>fputs</name>
         <value>0x4c0d</value>
         <object_component_ref idref="oc-3a7"/>
      </symbol>
      <symbol id="sm-7d2">
         <name>__aeabi_i2d</name>
         <value>0x6241</value>
         <object_component_ref idref="oc-424"/>
      </symbol>
      <symbol id="sm-7db">
         <name>__aeabi_lmul</name>
         <value>0x6355</value>
         <object_component_ref idref="oc-405"/>
      </symbol>
      <symbol id="sm-829">
         <name>open</name>
         <value>0x359f</value>
         <object_component_ref idref="oc-3ea"/>
      </symbol>
      <symbol id="sm-82a">
         <name>add_device</name>
         <value>0x36c3</value>
         <object_component_ref idref="oc-3ea"/>
      </symbol>
      <symbol id="sm-82b">
         <name>remove_device</name>
         <value>0x3553</value>
         <object_component_ref idref="oc-3ea"/>
      </symbol>
      <symbol id="sm-82c">
         <name>lseek</name>
         <value>0x364d</value>
         <object_component_ref idref="oc-3ea"/>
      </symbol>
      <symbol id="sm-82d">
         <name>read</name>
         <value>0x357b</value>
         <object_component_ref idref="oc-3ea"/>
      </symbol>
      <symbol id="sm-82e">
         <name>rename</name>
         <value>0x3515</value>
         <object_component_ref idref="oc-3ea"/>
      </symbol>
      <symbol id="sm-82f">
         <name>write</name>
         <value>0x3461</value>
         <object_component_ref idref="oc-3ea"/>
      </symbol>
      <symbol id="sm-830">
         <name>close</name>
         <value>0x3671</value>
         <object_component_ref idref="oc-3ea"/>
      </symbol>
      <symbol id="sm-831">
         <name>unlink</name>
         <value>0x34f1</value>
         <object_component_ref idref="oc-3ea"/>
      </symbol>
      <symbol id="sm-840">
         <name>ltoa</name>
         <value>0x5c69</value>
         <object_component_ref idref="oc-41e"/>
      </symbol>
      <symbol id="sm-850">
         <name>memccpy</name>
         <value>0x62f1</value>
         <object_component_ref idref="oc-439"/>
      </symbol>
      <symbol id="sm-860">
         <name>memchr</name>
         <value>0x6385</value>
         <object_component_ref idref="oc-3f8"/>
      </symbol>
      <symbol id="sm-86f">
         <name>__aeabi_memset</name>
         <value>0x58df</value>
         <object_component_ref idref="oc-42e"/>
      </symbol>
      <symbol id="sm-870">
         <name>memset</name>
         <value>0x58e5</value>
         <object_component_ref idref="oc-42e"/>
      </symbol>
      <symbol id="sm-871">
         <name>__aeabi_memset8</name>
         <value>0x58df</value>
         <object_component_ref idref="oc-42e"/>
      </symbol>
      <symbol id="sm-872">
         <name>__aeabi_memset4</name>
         <value>0x58df</value>
         <object_component_ref idref="oc-42e"/>
      </symbol>
      <symbol id="sm-873">
         <name>__aeabi_memclr8</name>
         <value>0x58dd</value>
         <object_component_ref idref="oc-42e"/>
      </symbol>
      <symbol id="sm-874">
         <name>__aeabi_memclr4</name>
         <value>0x58dd</value>
         <object_component_ref idref="oc-42e"/>
      </symbol>
      <symbol id="sm-875">
         <name>__aeabi_memclr</name>
         <value>0x58dd</value>
         <object_component_ref idref="oc-42e"/>
      </symbol>
      <symbol id="sm-885">
         <name>strchr</name>
         <value>0x639b</value>
         <object_component_ref idref="oc-474"/>
      </symbol>
      <symbol id="sm-894">
         <name>strcmp</name>
         <value>0x636d</value>
         <object_component_ref idref="oc-46e"/>
      </symbol>
      <symbol id="sm-8a2">
         <name>strlen</name>
         <value>0x63d9</value>
         <object_component_ref idref="oc-3f2"/>
      </symbol>
      <symbol id="sm-8b2">
         <name>strncpy</name>
         <value>0x6211</value>
         <object_component_ref idref="oc-47a"/>
      </symbol>
      <symbol id="sm-8d3">
         <name>HOSTgetenv</name>
         <value>0x3987</value>
         <object_component_ref idref="oc-4db"/>
      </symbol>
      <symbol id="sm-8d4">
         <name>HOSTrename</name>
         <value>0x382f</value>
         <object_component_ref idref="oc-4db"/>
      </symbol>
      <symbol id="sm-8d5">
         <name>HOSTclose</name>
         <value>0x39c5</value>
         <object_component_ref idref="oc-4db"/>
      </symbol>
      <symbol id="sm-8d6">
         <name>HOSTunlink</name>
         <value>0x37bd</value>
         <object_component_ref idref="oc-4db"/>
      </symbol>
      <symbol id="sm-8d7">
         <name>HOSTlseek</name>
         <value>0x392b</value>
         <object_component_ref idref="oc-4db"/>
      </symbol>
      <symbol id="sm-8d8">
         <name>HOSTopen</name>
         <value>0x38d9</value>
         <object_component_ref idref="oc-4db"/>
      </symbol>
      <symbol id="sm-8d9">
         <name>HOSTclock</name>
         <value>0x39fd</value>
         <object_component_ref idref="oc-4db"/>
      </symbol>
      <symbol id="sm-8da">
         <name>HOSTwrite</name>
         <value>0x3771</value>
         <object_component_ref idref="oc-4db"/>
      </symbol>
      <symbol id="sm-8db">
         <name>HOSTread</name>
         <value>0x388d</value>
         <object_component_ref idref="oc-4db"/>
      </symbol>
      <symbol id="sm-8dc">
         <name>HOSTtime</name>
         <value>0x37f5</value>
         <object_component_ref idref="oc-4db"/>
      </symbol>
      <symbol id="sm-8f7">
         <name>__TI_readmsg</name>
         <value>0x5b7b</value>
         <object_component_ref idref="oc-510"/>
      </symbol>
      <symbol id="sm-8f8">
         <name>C$$IO$$</name>
         <value>0x5b77</value>
         <object_component_ref idref="oc-510"/>
      </symbol>
      <symbol id="sm-8f9">
         <name>__CIOBUF_</name>
         <value>0x20004124</value>
         <object_component_ref idref="oc-532"/>
      </symbol>
      <symbol id="sm-8fa">
         <name>__TI_writemsg</name>
         <value>0x5b4d</value>
         <object_component_ref idref="oc-510"/>
      </symbol>
      <symbol id="sm-916">
         <name>__aeabi_uldivmod</name>
         <value>0x3e49</value>
         <object_component_ref idref="oc-400"/>
      </symbol>
      <symbol id="sm-920">
         <name>_Dclass</name>
         <value>0x6459</value>
         <object_component_ref idref="oc-433"/>
      </symbol>
      <symbol id="sm-932">
         <name>_Dtest</name>
         <value>0x6041</value>
         <object_component_ref idref="oc-49e"/>
      </symbol>
      <symbol id="sm-950">
         <name>__TI_wrt_ok</name>
         <value>0x5441</value>
         <object_component_ref idref="oc-3de"/>
      </symbol>
      <symbol id="sm-951">
         <name>__TI_rd_ok</name>
         <value>0x54a3</value>
         <object_component_ref idref="oc-3de"/>
      </symbol>
      <symbol id="sm-96b">
         <name>__TI_doflush</name>
         <value>0x5381</value>
         <object_component_ref idref="oc-3e4"/>
      </symbol>
      <symbol id="sm-96c">
         <name>fflush</name>
         <value>0x53cd</value>
         <object_component_ref idref="oc-3e4"/>
      </symbol>
      <symbol id="sm-97e">
         <name>fseek</name>
         <value>0x5a29</value>
         <object_component_ref idref="oc-45b"/>
      </symbol>
      <symbol id="sm-99a">
         <name>setvbuf</name>
         <value>0x52a5</value>
         <object_component_ref idref="oc-461"/>
      </symbol>
      <symbol id="sm-9a8">
         <name>strcpy</name>
         <value>0x648d</value>
         <object_component_ref idref="oc-516"/>
      </symbol>
      <symbol id="sm-9e0">
         <name>__TI_cleanup</name>
         <value>0x4671</value>
         <object_component_ref idref="oc-4c2"/>
      </symbol>
      <symbol id="sm-9e1">
         <name>freopen</name>
         <value>0x469d</value>
         <object_component_ref idref="oc-4c2"/>
      </symbol>
      <symbol id="sm-9e2">
         <name>fopen</name>
         <value>0x46c7</value>
         <object_component_ref idref="oc-4c2"/>
      </symbol>
      <symbol id="sm-a52">
         <name>_sys_memory</name>
         <value>0x20004cd8</value>
         <object_component_ref idref="oc-29"/>
      </symbol>
      <symbol id="sm-a53">
         <name>free</name>
         <value>0x3179</value>
         <object_component_ref idref="oc-4bc"/>
      </symbol>
      <symbol id="sm-a54">
         <name>realloc</name>
         <value>0x3239</value>
         <object_component_ref idref="oc-4bc"/>
      </symbol>
      <symbol id="sm-a55">
         <name>memalign</name>
         <value>0x3345</value>
         <object_component_ref idref="oc-4bc"/>
      </symbol>
      <symbol id="sm-a56">
         <name>calloc</name>
         <value>0x3429</value>
         <object_component_ref idref="oc-4bc"/>
      </symbol>
      <symbol id="sm-a57">
         <name>malloc</name>
         <value>0x3111</value>
         <object_component_ref idref="oc-4bc"/>
      </symbol>
      <symbol id="sm-a58">
         <name>minit</name>
         <value>0x3085</value>
         <object_component_ref idref="oc-4bc"/>
      </symbol>
      <symbol id="sm-a6e">
         <name>__TI_closefile</name>
         <value>0x5625</value>
         <object_component_ref idref="oc-4ff"/>
      </symbol>
      <symbol id="sm-a6f">
         <name>fclose</name>
         <value>0x568b</value>
         <object_component_ref idref="oc-4ff"/>
      </symbol>
      <symbol id="sm-abb">
         <name>UARTConfigSetExpClk</name>
         <value>0x60c7</value>
         <object_component_ref idref="oc-1a2"/>
      </symbol>
      <symbol id="sm-abc">
         <name>UARTDisable</name>
         <value>0x62b9</value>
         <object_component_ref idref="oc-2d4"/>
      </symbol>
      <symbol id="sm-abd">
         <name>UARTClockSourceSet</name>
         <value>0x6527</value>
         <object_component_ref idref="oc-274"/>
      </symbol>
      <symbol id="sm-abe">
         <name>UARTCharPut</name>
         <value>0x64f1</value>
         <object_component_ref idref="oc-1ae"/>
      </symbol>
      <symbol id="sm-abf">
         <name>UARTEnable</name>
         <value>0x63b1</value>
         <object_component_ref idref="oc-1a8"/>
      </symbol>
      <symbol id="sm-ac0">
         <name>UARTCharGet</name>
         <value>0x64e7</value>
         <object_component_ref idref="oc-1b4"/>
      </symbol>
      <symbol id="sm-afb">
         <name>TimerLoadSet</name>
         <value>0x6423</value>
         <object_component_ref idref="oc-c8"/>
      </symbol>
      <symbol id="sm-afc">
         <name>TimerEnable</name>
         <value>0x649d</value>
         <object_component_ref idref="oc-da"/>
      </symbol>
      <symbol id="sm-afd">
         <name>TimerPrescaleSet</name>
         <value>0x6435</value>
         <object_component_ref idref="oc-c2"/>
      </symbol>
      <symbol id="sm-afe">
         <name>TimerIntEnable</name>
         <value>0x6513</value>
         <object_component_ref idref="oc-ce"/>
      </symbol>
      <symbol id="sm-aff">
         <name>TimerConfigure</name>
         <value>0x5c0d</value>
         <object_component_ref idref="oc-b6"/>
      </symbol>
      <symbol id="sm-b00">
         <name>TimerIntClear</name>
         <value>0x653f</value>
         <object_component_ref idref="oc-a4"/>
      </symbol>
      <symbol id="sm-b80">
         <name>SysCtlPeripheralPresent</name>
         <value>0x61dd</value>
         <object_component_ref idref="oc-19c"/>
      </symbol>
      <symbol id="sm-b81">
         <name>SysCtlPeripheralEnable</name>
         <value>0x61a9</value>
         <object_component_ref idref="oc-b0"/>
      </symbol>
      <symbol id="sm-b82">
         <name>SysCtlClockFreqSet</name>
         <value>0x3c4d</value>
         <object_component_ref idref="oc-27a"/>
      </symbol>
      <symbol id="sm-bd5">
         <name>IntIsEnabled</name>
         <value>0x59c5</value>
         <object_component_ref idref="oc-20a"/>
      </symbol>
      <symbol id="sm-bd6">
         <name>IntEnable</name>
         <value>0x5aed</value>
         <object_component_ref idref="oc-d4"/>
      </symbol>
      <symbol id="sm-bd7">
         <name>IntTrigger</name>
         <value>0x64c5</value>
         <object_component_ref idref="oc-216"/>
      </symbol>
      <symbol id="sm-bd8">
         <name>IntDisable</name>
         <value>0x5a8d</value>
         <object_component_ref idref="oc-210"/>
      </symbol>
      <symbol id="sm-c21">
         <name>I2CMasterDataPut</name>
         <value>0x653b</value>
         <object_component_ref idref="oc-1e6"/>
      </symbol>
      <symbol id="sm-c22">
         <name>I2CMasterInitExpClk</name>
         <value>0x5e55</value>
         <object_component_ref idref="oc-1fe"/>
      </symbol>
      <symbol id="sm-c23">
         <name>I2CMasterSlaveAddrSet</name>
         <value>0x650b</value>
         <object_component_ref idref="oc-1e0"/>
      </symbol>
      <symbol id="sm-c24">
         <name>I2CMasterDataGet</name>
         <value>0x6537</value>
         <object_component_ref idref="oc-1f2"/>
      </symbol>
      <symbol id="sm-c25">
         <name>I2CMasterIntEnableEx</name>
         <value>0x6503</value>
         <object_component_ref idref="oc-204"/>
      </symbol>
      <symbol id="sm-c26">
         <name>I2CMasterControl</name>
         <value>0x6533</value>
         <object_component_ref idref="oc-1ec"/>
      </symbol>
      <symbol id="sm-c27">
         <name>I2CMasterEnable</name>
         <value>0x64dd</value>
         <object_component_ref idref="oc-2f1"/>
      </symbol>
      <symbol id="sm-c28">
         <name>I2CMasterIntClear</name>
         <value>0x64fb</value>
         <object_component_ref idref="oc-1f8"/>
      </symbol>
      <symbol id="sm-c88">
         <name>GPIOPinConfigure</name>
         <value>0x5e0d</value>
         <object_component_ref idref="oc-fa"/>
      </symbol>
      <symbol id="sm-c89">
         <name>GPIOPinTypeI2CSCL</name>
         <value>0x63ff</value>
         <object_component_ref idref="oc-100"/>
      </symbol>
      <symbol id="sm-c8a">
         <name>GPIOPinTypeI2C</name>
         <value>0x63ed</value>
         <object_component_ref idref="oc-106"/>
      </symbol>
      <symbol id="sm-c8b">
         <name>GPIOPinTypeUART</name>
         <value>0x6411</value>
         <object_component_ref idref="oc-26e"/>
      </symbol>
      <symbol id="sm-c8c">
         <name>GPIOPinTypeGPIOOutput</name>
         <value>0x6325</value>
         <object_component_ref idref="oc-24d"/>
      </symbol>
      <symbol id="sm-c8d">
         <name>GPIOPinRead</name>
         <value>0x651b</value>
         <object_component_ref idref="oc-253"/>
      </symbol>
      <symbol id="sm-c8e">
         <name>GPIODirModeSet</name>
         <value>0x626f</value>
         <object_component_ref idref="oc-231"/>
      </symbol>
      <symbol id="sm-c8f">
         <name>GPIOPinWrite</name>
         <value>0x6521</value>
         <object_component_ref idref="oc-259"/>
      </symbol>
      <symbol id="sm-c90">
         <name>GPIOPadConfigSet</name>
         <value>0x4d41</value>
         <object_component_ref idref="oc-237"/>
      </symbol>
      <symbol id="sm-ca6">
         <name>FPULazyStackingEnable</name>
         <value>0x647d</value>
         <object_component_ref idref="oc-33c"/>
      </symbol>
      <symbol id="sm-ca7">
         <name>FPUEnable</name>
         <value>0x646d</value>
         <object_component_ref idref="oc-336"/>
      </symbol>
      <symbol id="sm-d17">
         <name>BMP180DataPressureGetRaw</name>
         <value>0x630d</value>
         <object_component_ref idref="oc-34e"/>
      </symbol>
      <symbol id="sm-d18">
         <name>BMP180DataTemperatureGetRaw</name>
         <value>0x64b9</value>
         <object_component_ref idref="oc-354"/>
      </symbol>
      <symbol id="sm-d19">
         <name>BMP180ReadModifyWrite</name>
         <value>0x5d75</value>
         <object_component_ref idref="oc-342"/>
      </symbol>
      <symbol id="sm-d1a">
         <name>BMP180DataRead</name>
         <value>0x5cc5</value>
         <object_component_ref idref="oc-348"/>
      </symbol>
      <symbol id="sm-d1b">
         <name>BMP180Init</name>
         <value>0x5d1d</value>
         <object_component_ref idref="oc-330"/>
      </symbol>
      <symbol id="sm-d1c">
         <name>__TI_static_base__</name>
         <value>0x0</value>
      </symbol>
      <symbol id="sm-d1d">
         <name>__TI_args_main</name>
         <value>0x1</value>
      </symbol>
      <symbol id="sm-d1e">
         <name>SHT$$INIT_ARRAY$$Limit</name>
         <value>0x0</value>
      </symbol>
      <symbol id="sm-d1f">
         <name>SHT$$INIT_ARRAY$$Base</name>
         <value>0x0</value>
      </symbol>
      <symbol id="sm-d23">
         <name>remove</name>
         <value>0x34f1</value>
      </symbol>
   </symbol_table>
   <title>Link successful</title>
</link_info>
