******************************************************************************
                  TI ARM Linker PC v5.1.7                      
******************************************************************************
>> Linked Tue Sep 09 04:20:37 2014

OUTPUT FILE NAME:   <FreeRTOS8_TM4C1294_SensorHub.out>
ENTRY POINT SYMBOL: "_c_int00"  address: 00005ea9


MEMORY CONFIGURATION

         name            origin    length      used     unused   attr    fill
----------------------  --------  ---------  --------  --------  ----  --------
  FLASH                 00000000   00100000  000069aa  000f9656  R  X
  SRAM                  20000000   00040000  0000574c  0003a8b4  RW X


SEGMENT ALLOCATION MAP

run origin  load origin   length   init length attrs members
----------  ----------- ---------- ----------- ----- -------
00000000    00000000    000069b0   000069b0    r-x
  00000000    00000000    00000200   00000200    r-- .intvecs
  00000200    00000200    000062a2   000062a2    r-x .text
  000064a4    000064a4    00000438   00000438    r-- .const
  000068e0    000068e0    000000d0   000000d0    r-- .cinit
20000000    20000000    0000574c   00000000    rw-
  20000000    20000000    000044d8   00000000    rw- .bss
  200044d8    200044d8    00000800   00000000    rw- .stack
  20004cd8    20004cd8    00000800   00000000    rw- .sysmem
  200054d8    200054d8    00000274   00000000    rw- .data


SECTION ALLOCATION MAP

 output                                  attributes/
section   page    origin      length       input sections
--------  ----  ----------  ----------   ----------------
.intvecs   0    00000000    00000200     
                  00000000    00000200     startup_ccs.obj (.intvecs)

.init_array 
*          0    00000000    00000000     UNINITIALIZED

.text      0    00000200    000062a2     
                  00000200    00000ec0     rtsv7M4_T_le_v4SPD16_eabi.lib : _printfi.obj (.text)
                  000010c0    00000bf8     i2cm_drv.obj (.text)
                  00001cb8    000008c0     tasks.obj (.text)
                  00002578    0000066e     queue.obj (.text)
                  00002be6    00000002     --HOLE-- [fill = 0]
                  00002be8    0000049c     uartstdio.obj (.text)
                  00003084    000003dc     rtsv7M4_T_le_v4SPD16_eabi.lib : memory.obj (.text)
                  00003460    00000310                                   : lowlev.obj (.text)
                  00003770    000002d4                                   : trgdrv.obj (.text)
                  00003a44    000001fc     driverlib.lib : sysctl.obj (.text:SysCtlClockFreqSet)
                  00003c40    000001f4     rtsv7M4_T_le_v4SPD16_eabi.lib : ull_div_t2.obj (.text)
                  00003e34    000001dc     sensorlib.lib : bmp180.obj (.text:BMP180Callback)
                  00004010    000001d0     Task_BMP180_Pressure_Handler.obj (.text)
                  000041e0    000001cc     Main_SensorHub.obj (.text)
                  000043ac    000001c0     Task_TimerInterrupt.obj (.text)
                  0000456c    000001c0     rtsv7M4_T_le_v4SPD16_eabi.lib : fopen.obj (.text)
                  0000472c    000001b6                                   : fd_add_t2.obj (.text)
                  000048e2    00000002     --HOLE-- [fill = 0]
                  000048e4    000001b4     heap_2.obj (.text)
                  00004a98    00000136     rtsv7M4_T_le_v4SPD16_eabi.lib : fd_div_t2.obj (.text)
                  00004bce    00000002     --HOLE-- [fill = 0]
                  00004bd0    00000134                                   : fputs.obj (.text)
                  00004d04    00000130     driverlib.lib : gpio.obj (.text:GPIOPadConfigSet)
                  00004e34    0000012a     list.obj (.text)
                  00004f5e    00000002     --HOLE-- [fill = 0]
                  00004f60    00000124     Task_I2C7_Handler.obj (.text)
                  00005084    000000fc     rtsv7M4_T_le_v4SPD16_eabi.lib : fd_mul_t2.obj (.text)
                  00005180    000000e8     port.obj (.text)
                  00005268    000000dc     rtsv7M4_T_le_v4SPD16_eabi.lib : setvbuf.obj (.text)
                  00005344    000000c0                                   : fflush.obj (.text)
                  00005404    000000ac                                   : _io_perm.obj (.text)
                  000054b0    0000009c                                   : fputc.obj (.text)
                  0000554c    0000009c                                   : memcpy_t2.obj (.text)
                  000055e8    00000098                                   : fclose.obj (.text)
                  00005680    00000094                                   : auto_init.obj (.text)
                  00005714    00000086                                   : fd_cmp_t2.obj (.text:__aeabi_cdcmple)
                  0000579a    00000086                                   : fd_cmp_t2.obj (.text:__aeabi_cdrcmple)
                  00005820    00000080     portasm.obj (.text)
                  000058a0    00000078     rtsv7M4_T_le_v4SPD16_eabi.lib : memset_t2.obj (.text)
                  00005918    00000070                                   : printf.obj (.text)
                  00005988    00000064     driverlib.lib : interrupt.obj (.text:IntIsEnabled)
                  000059ec    00000064     rtsv7M4_T_le_v4SPD16_eabi.lib : fseek.obj (.text)
                  00005a50    00000060     driverlib.lib : interrupt.obj (.text:IntDisable)
                  00005ab0    00000060                   : interrupt.obj (.text:IntEnable)
                  00005b10    00000060     rtsv7M4_T_le_v4SPD16_eabi.lib : trgmsg.obj (.text)
                  00005b70    0000005e                                   : copy_decompress_rle.obj (.text)
                  00005bce    00000002     --HOLE-- [fill = 0]
                  00005bd0    0000005c     driverlib.lib : timer.obj (.text:TimerConfigure)
                  00005c2c    0000005a     rtsv7M4_T_le_v4SPD16_eabi.lib : ltoa.obj (.text)
                  00005c86    00000002     --HOLE-- [fill = 0]
                  00005c88    00000058     sensorlib.lib : bmp180.obj (.text:BMP180DataRead)
                  00005ce0    00000058                   : bmp180.obj (.text:BMP180Init)
                  00005d38    0000004c                   : bmp180.obj (.text:BMP180ReadModifyWrite)
                  00005d84    0000004c     rtsv7M4_T_le_v4SPD16_eabi.lib : atoi.obj (.text)
                  00005dd0    00000048     driverlib.lib : gpio.obj (.text:GPIOPinConfigure)
                  00005e18    00000048                   : i2c.obj (.text:I2CMasterInitExpClk)
                  00005e60    00000048                   : sysctl.obj (.text:_SysCtlFrequencyGet)
                  00005ea8    00000048     rtsv7M4_T_le_v4SPD16_eabi.lib : boot.obj (.text)
                  00005ef0    00000048                                   : fd_toi_t2.obj (.text)
                  00005f38    00000044                                   : cpy_tbl.obj (.text)
                  00005f7c    00000044                                   : exit.obj (.text)
                  00005fc0    00000044                                   : xdtest.obj (.text)
                  00006004    00000042                                   : u_divt2.obj (.text)
                  00006046    00000040     driverlib.lib : uart.obj (.text:UARTConfigSetExpClk)
                  00006086    00000036     Task_BMP180_Pressure_Handler.obj (.text:I2CMRead)
                  000060bc    00000036     Task_BMP180_Pressure_Handler.obj (.text:I2CMWrite)
                  000060f2    00000036     Task_BMP180_Pressure_Handler.obj (.text:I2CMWriteBatched)
                  00006128    00000034     driverlib.lib : sysctl.obj (.text:SysCtlPeripheralEnable)
                  0000615c    00000034                   : sysctl.obj (.text:SysCtlPeripheralPresent)
                  00006190    00000030     rtsv7M4_T_le_v4SPD16_eabi.lib : strncpy.obj (.text)
                  000061c0    0000002e                                   : i_tofd_t2.obj (.text)
                  000061ee    0000002a     driverlib.lib : gpio.obj (.text:GPIODirModeSet)
                  00006218    0000001c                   : uart.obj (.text:UARTDisable)
                  00006234    0000001c                   : sysctl.obj (.text:_SysCtlMemTimingGet)
                  00006250    0000001c     rtsv7M4_T_le_v4SPD16_eabi.lib : memccpy.obj (.text)
                  0000626c    00000018     sensorlib.lib : bmp180.obj (.text:BMP180DataPressureGetRaw)
                  00006284    00000018     driverlib.lib : gpio.obj (.text:GPIOPinTypeGPIOOutput)
                  0000629c    00000018     rtsv7M4_T_le_v4SPD16_eabi.lib : args_main.obj (.text)
                  000062b4    00000018                                   : ll_mul_t2.obj (.text)
                  000062cc    00000018                                   : strcmp.obj (.text)
                  000062e4    00000016                                   : memchr.obj (.text)
                  000062fa    00000016                                   : strchr.obj (.text)
                  00006310    00000014     driverlib.lib : uart.obj (.text:UARTEnable)
                  00006324    00000014     rtsv7M4_T_le_v4SPD16_eabi.lib : _lock.obj (.text)
                  00006338    00000014                                   : strlen.obj (.text)
                  0000634c    00000012     driverlib.lib : gpio.obj (.text:GPIOPinTypeI2C)
                  0000635e    00000012                   : gpio.obj (.text:GPIOPinTypeI2CSCL)
                  00006370    00000012                   : gpio.obj (.text:GPIOPinTypeUART)
                  00006382    00000012                   : timer.obj (.text:TimerLoadSet)
                  00006394    00000012                   : timer.obj (.text:TimerPrescaleSet)
                  000063a6    00000012     rtsv7M4_T_le_v4SPD16_eabi.lib : copy_zero_init.obj (.text:decompress:ZI)
                  000063b8    00000012                                   : xdclass.obj (.text)
                  000063ca    00000002     --HOLE-- [fill = 0]
                  000063cc    00000010     driverlib.lib : fpu.obj (.text:FPUEnable)
                  000063dc    00000010                   : fpu.obj (.text:FPULazyStackingEnable)
                  000063ec    00000010     rtsv7M4_T_le_v4SPD16_eabi.lib : strcpy.obj (.text)
                  000063fc    0000000e     driverlib.lib : timer.obj (.text:TimerEnable)
                  0000640a    0000000e     rtsv7M4_T_le_v4SPD16_eabi.lib : copy_decompress_none.obj (.text:decompress:none)
                  00006418    0000000c     sensorlib.lib : bmp180.obj (.text:BMP180DataTemperatureGetRaw)
                  00006424    0000000c     driverlib.lib : interrupt.obj (.text:IntTrigger)
                  00006430    0000000c     startup_ccs.obj (.text)
                  0000643c    0000000a     driverlib.lib : i2c.obj (.text:I2CMasterEnable)
                  00006446    0000000a                   : uart.obj (.text:UARTCharGet)
                  00006450    0000000a                   : uart.obj (.text:UARTCharPut)
                  0000645a    00000008                   : i2c.obj (.text:I2CMasterIntClear)
                  00006462    00000008                   : i2c.obj (.text:I2CMasterIntEnableEx)
                  0000646a    00000008                   : i2c.obj (.text:I2CMasterSlaveAddrSet)
                  00006472    00000008                   : timer.obj (.text:TimerIntEnable)
                  0000647a    00000006                   : gpio.obj (.text:GPIOPinRead)
                  00006480    00000006                   : gpio.obj (.text:GPIOPinWrite)
                  00006486    00000006                   : uart.obj (.text:UARTClockSourceSet)
                  0000648c    00000006     rtsv7M4_T_le_v4SPD16_eabi.lib : copy_decompress_rle.obj (.text:decompress:rle24)
                  00006492    00000004     driverlib.lib : i2c.obj (.text:I2CMasterControl)
                  00006496    00000004                   : i2c.obj (.text:I2CMasterDataGet)
                  0000649a    00000004                   : i2c.obj (.text:I2CMasterDataPut)
                  0000649e    00000004                   : timer.obj (.text:TimerIntClear)

.const     0    000064a4    00000438     
                  000064a4    00000120     driverlib.lib : sysctl.obj (.const:g_pppui32XTALtoVCO)
                  000065c4    00000102     rtsv7M4_T_le_v4SPD16_eabi.lib : ctype.obj (.const:.string:_ctypes_)
                  000066c6    00000002     heap_2.obj (.const)
                  000066c8    00000090     driverlib.lib : gpio.obj (.const:g_pui32GPIOBaseAddrs)
                  00006758    00000070                   : interrupt.obj (.const)
                  000067c8    0000006c                   : sysctl.obj (.const:g_pui32Xtals)
                  00006834    00000040     Task_BMP180_Pressure_Handler.obj (.const:.string:$P$T0$1)
                  00006874    00000030     driverlib.lib : sysctl.obj (.const:g_sXTALtoMEMTIM)
                  000068a4    0000001c     uartstdio.obj (.const)
                  000068c0    00000012     uartstdio.obj (.const:.string)
                  000068d2    00000002     --HOLE-- [fill = 0]
                  000068d4    00000008     driverlib.lib : sysctl.obj (.const)

.cinit     0    000068e0    000000d0     
                  000068e0    000000a5     (.cinit..data.load) [load image, compression = rle]
                  00006985    00000003     --HOLE-- [fill = 0]
                  00006988    0000000c     (__TI_handler_table)
                  00006994    00000004     --HOLE-- [fill = 0]
                  00006998    00000008     (.cinit..bss.load) [load image, compression = zero_init]
                  000069a0    00000010     (__TI_cinit_table)

.bss       0    20000000    000044d8     UNINITIALIZED
                  20000000    00004000     heap_2.obj (.bss:xHeap)
                  20004000    00000124     Task_I2C7_Handler.obj (.bss:sI2C7_Instance)
                  20004124    00000120     rtsv7M4_T_le_v4SPD16_eabi.lib : trgmsg.obj (.bss:__CIOBUF_)
                  20004244    00000100     startup_ccs.obj (.bss:pulStack)
                  20004344    000000a0     rtsv7M4_T_le_v4SPD16_eabi.lib : defs.obj (.bss:__TI_tmpnams)
                  200043e4    00000050     tasks.obj (.bss:pxReadyTasksLists)
                  20004434    00000044     Task_BMP180_Pressure_Handler.obj (.bss:sBMP180)
                  20004478    00000014     (.common:xDelayedTaskList1)
                  2000448c    00000014     (.common:xDelayedTaskList2)
                  200044a0    00000014     (.common:xPendingReadyList)
                  200044b4    00000008     (.common:parmbuf)
                  200044bc    00000008     (.common:xEnd)
                  200044c4    00000008     (.common:xStart)
                  200044cc    00000004     (.common:Timer_0_A_Semaphore)
                  200044d0    00000004     (.common:pxDelayedTaskList)
                  200044d4    00000004     (.common:pxOverflowDelayedTaskList)

.stack     0    200044d8    00000800     UNINITIALIZED
                  200044d8    00000800     --HOLE--

.sysmem    0    20004cd8    00000800     UNINITIALIZED
                  20004cd8    00000008     rtsv7M4_T_le_v4SPD16_eabi.lib : memory.obj (.sysmem)
                  20004ce0    000007f8     --HOLE--

.data      0    200054d8    00000274     UNINITIALIZED
                  200054d8    000000f0     rtsv7M4_T_le_v4SPD16_eabi.lib : defs.obj (.data:_ftable)
                  200055c8    000000d0                                   : lowlev.obj (.data)
                  20005698    0000002c     tasks.obj (.data)
                  200056c4    00000021     Task_I2C7_Handler.obj (.data)
                  200056e5    00000003     --HOLE--
                  200056e8    00000010     Task_BMP180_Pressure_Handler.obj (.data)
                  200056f8    00000010     rtsv7M4_T_le_v4SPD16_eabi.lib : defs.obj (.data)
                  20005708    0000000c                                   : memory.obj (.data)
                  20005714    00000008     heap_2.obj (.data)
                  2000571c    00000008     port.obj (.data)
                  20005724    00000008     rtsv7M4_T_le_v4SPD16_eabi.lib : _lock.obj (.data)
                  2000572c    00000008                                   : exit.obj (.data)
                  20005734    00000005     uartstdio.obj (.data)
                  20005739    00000003     --HOLE--
                  2000573c    00000004     Main_SensorHub.obj (.data)
                  20005740    00000004     Task_TimerInterrupt.obj (.data)
                  20005744    00000004     rtsv7M4_T_le_v4SPD16_eabi.lib : fopen.obj (.data)
                  20005748    00000004                                   : stkdepth_vars.obj (.data)


LINKER GENERATED COPY TABLES

__TI_cinit_table @ 000069a0 records: 2, size/record: 8, table size: 16
	.data: load addr=000068e0, load size=000000a5 bytes, run addr=200054d8, run size=00000274 bytes, compression=rle
	.bss: load addr=00006998, load size=00000008 bytes, run addr=20000000, run size=000044d8 bytes, compression=zero_init


LINKER GENERATED HANDLER TABLE

__TI_handler_table @ 00006988 records: 3, size/record: 4, table size: 12
	index: 0, handler: __TI_decompress_rle24
	index: 1, handler: __TI_decompress_none
	index: 2, handler: __TI_zero_init


GLOBAL SYMBOLS: SORTED ALPHABETICALLY BY Name 

address    name
--------   ----
0000626d   BMP180DataPressureGetRaw
00005c89   BMP180DataRead
00006419   BMP180DataTemperatureGetRaw
00005ce1   BMP180Init
00005d39   BMP180ReadModifyWrite
00004011   BMP180SimpleCallback
200056f4   BMP180_Semaphore
00005f7d   C$$EXIT
00005b3b   C$$IO$$
000063cd   FPUEnable
000063dd   FPULazyStackingEnable
000061ef   GPIODirModeSet
00004d05   GPIOPadConfigSet
00005dd1   GPIOPinConfigure
0000647b   GPIOPinRead
00006285   GPIOPinTypeGPIOOutput
0000634d   GPIOPinTypeI2C
0000635f   GPIOPinTypeI2CSCL
00006371   GPIOPinTypeUART
00006481   GPIOPinWrite
000039fd   HOSTclock
000039c5   HOSTclose
00003987   HOSTgetenv
0000392b   HOSTlseek
000038d9   HOSTopen
0000388d   HOSTread
0000382f   HOSTrename
000037f5   HOSTtime
000037bd   HOSTunlink
00003771   HOSTwrite
200056d1   I2C7WriteData
00004f61   I2C7_IntServiceRoutine
000016b5   I2CMCommand
0000165f   I2CMInit
0000153d   I2CMIntHandler
00006087   I2CMRead
00001b7d   I2CMRead16BE
000019a3   I2CMReadModifyWrite16LE
0000185b   I2CMReadModifyWrite8
00004f73   I2CMSimpleCallback
00001781   I2CMTransferResume
000060bd   I2CMWrite
00001c43   I2CMWrite16BE
00001ab1   I2CMWrite8
000060f3   I2CMWriteBatched
00006493   I2CMasterControl
00006497   I2CMasterDataGet
0000649b   I2CMasterDataPut
0000643d   I2CMasterEnable
00005e19   I2CMasterInitExpClk
0000645b   I2CMasterIntClear
00006463   I2CMasterIntEnableEx
0000646b   I2CMasterSlaveAddrSet
00005a51   IntDisable
00005ab1   IntEnable
00005989   IntIsEnabled
00006425   IntTrigger
00006431   ResetISR
UNDEFED    SHT$$INIT_ARRAY$$Base
UNDEFED    SHT$$INIT_ARRAY$$Limit
00003a45   SysCtlClockFreqSet
00006129   SysCtlPeripheralEnable
0000615d   SysCtlPeripheralPresent
00004045   Task_BMP180_Handler
000041e1   Task_BlinkLED
00004f95   Task_I2C7_Handler
00004229   Task_PrintData_Init
000043db   Task_TimerInterrupt
20005740   TimeCount
00005bd1   TimerConfigure
000063fd   TimerEnable
0000649f   TimerIntClear
00006473   TimerIntEnable
00006383   TimerLoadSet
00006395   TimerPrescaleSet
000043ad   Timer_0_A_ISR
200044cc   Timer_0_A_Semaphore
00006447   UARTCharGet
00006451   UARTCharPut
00006487   UARTClockSourceSet
00006047   UARTConfigSetExpClk
00006219   UARTDisable
00006311   UARTEnable
00002be9   UARTStdioConfig
00002d2f   UARTgetc
00002c75   UARTgets
0000304f   UARTprintf
00002d55   UARTvprintf
00002c2f   UARTwrite
000063b9   _Dclass
00005fc1   _Dtest
20004124   __CIOBUF_
20004cd8   __STACK_END
00000800   __STACK_SIZE
200046d8   __STACK_TOP
00000800   __SYSMEM_SIZE
000069a0   __TI_CINIT_Base
000069b0   __TI_CINIT_Limit
00006988   __TI_Handler_Table_Base
00006994   __TI_Handler_Table_Limit
00000001   __TI_args_main
00005681   __TI_auto_init
00004635   __TI_cleanup
2000572c   __TI_cleanup_ptr
000055e9   __TI_closefile
0000640b   __TI_decompress_none
0000648d   __TI_decompress_rle24
00005345   __TI_doflush
20005730   __TI_dtors_ptr
200056f8   __TI_ft_end
00000db7   __TI_printfi
00005467   __TI_rd_ok
00005b3f   __TI_readmsg
00000000   __TI_static_base__
20004344   __TI_tmpnams
00005b11   __TI_writemsg
00005405   __TI_wrt_ok
000063a7   __TI_zero_init
00005715   __aeabi_cdcmpeq
00005715   __aeabi_cdcmple
0000579b   __aeabi_cdrcmple
00005ef1   __aeabi_d2iz
00004737   __aeabi_dadd
00004a99   __aeabi_ddiv
00005085   __aeabi_dmul
0000472d   __aeabi_dsub
000061c1   __aeabi_i2d
000062b5   __aeabi_lmul
000058a1   __aeabi_memclr
000058a1   __aeabi_memclr4
000058a1   __aeabi_memclr8
0000554d   __aeabi_memcpy
0000554d   __aeabi_memcpy4
0000554d   __aeabi_memcpy8
000058a3   __aeabi_memset
000058a3   __aeabi_memset4
000058a3   __aeabi_memset8
20005704   __aeabi_stderr
200056fc   __aeabi_stdin
20005700   __aeabi_stdout
00006005   __aeabi_uidivmod
00003c41   __aeabi_uldivmod
ffffffff   __binit__
ffffffff   __c_args__
200044d8   __stack
0000629d   _args_main
00005ea9   _c_int00
000065c4   _ctypes_
200054d8   _ftable
20005724   _lock
00006333   _nop
0000632b   _register_lock
00006325   _register_unlock
20004cd8   _sys_memory
20005728   _unlock
00005f81   abort
000036c3   add_device
00005d85   atoi
200056d0   bI2C7Initialized
ffffffff   binit
00003429   calloc
00003671   close
00005f39   copy_in
00005f89   exit
0000564f   fclose
00005391   fflush
0000468b   fopen
000054b1   fputc
00004bd1   fputs
00003179   free
00004661   freopen
000059ed   fseek
200056ec   g_bBMP180SimpleDone
200056e4   g_bI2CMSimpleDone
00000000   g_pfnVectors
2000573c   g_ulSystemClock
0000364d   lseek
00005c2d   ltoa
00004293   main
20005748   main_func_sp
00003111   malloc
00003345   memalign
00006251   memccpy
000062e5   memchr
0000554d   memcpy
000058a9   memset
00003085   minit
0000359f   open
00005921   printf
200056cc   psI2C7_Instance
00005535   putc
00005539   putchar
00004cdd   puts
000048e5   pvPortMalloc
20005698   pxCurrentTCB
00005181   pxPortInitialiseStack
0000357b   read
00003239   realloc
000034f1   remove
00003553   remove_device
00003515   rename
20004434   sBMP180
20004000   sI2C7_Instance
00005269   setvbuf
000062fb   strchr
000062cd   strcmp
000063ed   strcpy
00006339   strlen
00006191   strncpy
200056e0   ui32I2C7HWStatus
200056f0   ui32_BMP180_NbrCallbacks
200056c8   ui32_NbrCallbacks
200056c4   ui32_NbrI2C7Interrupts
200056e8   ui8BMP180Status
200056dc   ui8I2C7Status
0000585d   ulPortSetInterruptMask
000034f1   unlink
00004f17   uxListRemove
000029a5   uxQueueMessagesWaiting
000029db   uxQueueMessagesWaitingFromISR
000029bb   uxQueueSpacesAvailable
00001fe5   uxTaskGetNumberOfTasks
00002533   uxTaskResetEventItemValue
00004e35   vListInitialise
00004e65   vListInitialiseItem
00004eb1   vListInsert
00004e75   vListInsertEnd
0000586b   vPortClearInterruptMask
000051f1   vPortEndScheduler
000051fd   vPortEnterCritical
0000520d   vPortExitCritical
00004a0d   vPortFree
00004a75   vPortInitialiseBlocks
00005871   vPortSVCHandler
0000523f   vPortSetupTimerInterrupt
0000588f   vPortStartFirstTask
000051f3   vPortYieldFromISR
000029ed   vQueueDelete
00001e49   vTaskDelay
00001dbd   vTaskDelayUntil
00001ecf   vTaskEndScheduler
00002381   vTaskMissedYield
0000215d   vTaskPlaceOnEventList
00002195   vTaskPlaceOnUnorderedEventList
000022f1   vTaskSetTimeOutState
00001e89   vTaskStartScheduler
00001ee1   vTaskSuspendAll
000020e1   vTaskSwitchContext
00003461   write
00004a6f   xPortGetFreeHeapSize
00005821   xPortPendSVHandler
000051c9   xPortStartScheduler
20005720   xPortSysTickCount
00005225   xPortSysTickHandler
00002605   xQueueGenericCreate
000027d5   xQueueGenericReceive
00002579   xQueueGenericReset
00002669   xQueueGenericSend
00002757   xQueueGenericSendFromISR
00002b83   xQueueIsQueueEmptyFromISR
00002bc5   xQueueIsQueueFullFromISR
00002961   xQueuePeekFromISR
000028e9   xQueueReceiveFromISR
00002311   xTaskCheckForTimeOut
00001cb9   xTaskGenericCreate
00001fb5   xTaskGetTickCount
00001fcd   xTaskGetTickCountFromISR
00001ff9   xTaskIncrementTick
000021e9   xTaskRemoveFromEventList
00002271   xTaskRemoveFromUnorderedEventList
00001eeb   xTaskResumeAll


GLOBAL SYMBOLS: SORTED BY Symbol Address 

address    name
--------   ----
00000000   __TI_static_base__
00000000   g_pfnVectors
00000001   __TI_args_main
00000800   __STACK_SIZE
00000800   __SYSMEM_SIZE
00000db7   __TI_printfi
0000153d   I2CMIntHandler
0000165f   I2CMInit
000016b5   I2CMCommand
00001781   I2CMTransferResume
0000185b   I2CMReadModifyWrite8
000019a3   I2CMReadModifyWrite16LE
00001ab1   I2CMWrite8
00001b7d   I2CMRead16BE
00001c43   I2CMWrite16BE
00001cb9   xTaskGenericCreate
00001dbd   vTaskDelayUntil
00001e49   vTaskDelay
00001e89   vTaskStartScheduler
00001ecf   vTaskEndScheduler
00001ee1   vTaskSuspendAll
00001eeb   xTaskResumeAll
00001fb5   xTaskGetTickCount
00001fcd   xTaskGetTickCountFromISR
00001fe5   uxTaskGetNumberOfTasks
00001ff9   xTaskIncrementTick
000020e1   vTaskSwitchContext
0000215d   vTaskPlaceOnEventList
00002195   vTaskPlaceOnUnorderedEventList
000021e9   xTaskRemoveFromEventList
00002271   xTaskRemoveFromUnorderedEventList
000022f1   vTaskSetTimeOutState
00002311   xTaskCheckForTimeOut
00002381   vTaskMissedYield
00002533   uxTaskResetEventItemValue
00002579   xQueueGenericReset
00002605   xQueueGenericCreate
00002669   xQueueGenericSend
00002757   xQueueGenericSendFromISR
000027d5   xQueueGenericReceive
000028e9   xQueueReceiveFromISR
00002961   xQueuePeekFromISR
000029a5   uxQueueMessagesWaiting
000029bb   uxQueueSpacesAvailable
000029db   uxQueueMessagesWaitingFromISR
000029ed   vQueueDelete
00002b83   xQueueIsQueueEmptyFromISR
00002bc5   xQueueIsQueueFullFromISR
00002be9   UARTStdioConfig
00002c2f   UARTwrite
00002c75   UARTgets
00002d2f   UARTgetc
00002d55   UARTvprintf
0000304f   UARTprintf
00003085   minit
00003111   malloc
00003179   free
00003239   realloc
00003345   memalign
00003429   calloc
00003461   write
000034f1   remove
000034f1   unlink
00003515   rename
00003553   remove_device
0000357b   read
0000359f   open
0000364d   lseek
00003671   close
000036c3   add_device
00003771   HOSTwrite
000037bd   HOSTunlink
000037f5   HOSTtime
0000382f   HOSTrename
0000388d   HOSTread
000038d9   HOSTopen
0000392b   HOSTlseek
00003987   HOSTgetenv
000039c5   HOSTclose
000039fd   HOSTclock
00003a45   SysCtlClockFreqSet
00003c41   __aeabi_uldivmod
00004011   BMP180SimpleCallback
00004045   Task_BMP180_Handler
000041e1   Task_BlinkLED
00004229   Task_PrintData_Init
00004293   main
000043ad   Timer_0_A_ISR
000043db   Task_TimerInterrupt
00004635   __TI_cleanup
00004661   freopen
0000468b   fopen
0000472d   __aeabi_dsub
00004737   __aeabi_dadd
000048e5   pvPortMalloc
00004a0d   vPortFree
00004a6f   xPortGetFreeHeapSize
00004a75   vPortInitialiseBlocks
00004a99   __aeabi_ddiv
00004bd1   fputs
00004cdd   puts
00004d05   GPIOPadConfigSet
00004e35   vListInitialise
00004e65   vListInitialiseItem
00004e75   vListInsertEnd
00004eb1   vListInsert
00004f17   uxListRemove
00004f61   I2C7_IntServiceRoutine
00004f73   I2CMSimpleCallback
00004f95   Task_I2C7_Handler
00005085   __aeabi_dmul
00005181   pxPortInitialiseStack
000051c9   xPortStartScheduler
000051f1   vPortEndScheduler
000051f3   vPortYieldFromISR
000051fd   vPortEnterCritical
0000520d   vPortExitCritical
00005225   xPortSysTickHandler
0000523f   vPortSetupTimerInterrupt
00005269   setvbuf
00005345   __TI_doflush
00005391   fflush
00005405   __TI_wrt_ok
00005467   __TI_rd_ok
000054b1   fputc
00005535   putc
00005539   putchar
0000554d   __aeabi_memcpy
0000554d   __aeabi_memcpy4
0000554d   __aeabi_memcpy8
0000554d   memcpy
000055e9   __TI_closefile
0000564f   fclose
00005681   __TI_auto_init
00005715   __aeabi_cdcmpeq
00005715   __aeabi_cdcmple
0000579b   __aeabi_cdrcmple
00005821   xPortPendSVHandler
0000585d   ulPortSetInterruptMask
0000586b   vPortClearInterruptMask
00005871   vPortSVCHandler
0000588f   vPortStartFirstTask
000058a1   __aeabi_memclr
000058a1   __aeabi_memclr4
000058a1   __aeabi_memclr8
000058a3   __aeabi_memset
000058a3   __aeabi_memset4
000058a3   __aeabi_memset8
000058a9   memset
00005921   printf
00005989   IntIsEnabled
000059ed   fseek
00005a51   IntDisable
00005ab1   IntEnable
00005b11   __TI_writemsg
00005b3b   C$$IO$$
00005b3f   __TI_readmsg
00005bd1   TimerConfigure
00005c2d   ltoa
00005c89   BMP180DataRead
00005ce1   BMP180Init
00005d39   BMP180ReadModifyWrite
00005d85   atoi
00005dd1   GPIOPinConfigure
00005e19   I2CMasterInitExpClk
00005ea9   _c_int00
00005ef1   __aeabi_d2iz
00005f39   copy_in
00005f7d   C$$EXIT
00005f81   abort
00005f89   exit
00005fc1   _Dtest
00006005   __aeabi_uidivmod
00006047   UARTConfigSetExpClk
00006087   I2CMRead
000060bd   I2CMWrite
000060f3   I2CMWriteBatched
00006129   SysCtlPeripheralEnable
0000615d   SysCtlPeripheralPresent
00006191   strncpy
000061c1   __aeabi_i2d
000061ef   GPIODirModeSet
00006219   UARTDisable
00006251   memccpy
0000626d   BMP180DataPressureGetRaw
00006285   GPIOPinTypeGPIOOutput
0000629d   _args_main
000062b5   __aeabi_lmul
000062cd   strcmp
000062e5   memchr
000062fb   strchr
00006311   UARTEnable
00006325   _register_unlock
0000632b   _register_lock
00006333   _nop
00006339   strlen
0000634d   GPIOPinTypeI2C
0000635f   GPIOPinTypeI2CSCL
00006371   GPIOPinTypeUART
00006383   TimerLoadSet
00006395   TimerPrescaleSet
000063a7   __TI_zero_init
000063b9   _Dclass
000063cd   FPUEnable
000063dd   FPULazyStackingEnable
000063ed   strcpy
000063fd   TimerEnable
0000640b   __TI_decompress_none
00006419   BMP180DataTemperatureGetRaw
00006425   IntTrigger
00006431   ResetISR
0000643d   I2CMasterEnable
00006447   UARTCharGet
00006451   UARTCharPut
0000645b   I2CMasterIntClear
00006463   I2CMasterIntEnableEx
0000646b   I2CMasterSlaveAddrSet
00006473   TimerIntEnable
0000647b   GPIOPinRead
00006481   GPIOPinWrite
00006487   UARTClockSourceSet
0000648d   __TI_decompress_rle24
00006493   I2CMasterControl
00006497   I2CMasterDataGet
0000649b   I2CMasterDataPut
0000649f   TimerIntClear
000065c4   _ctypes_
00006988   __TI_Handler_Table_Base
00006994   __TI_Handler_Table_Limit
000069a0   __TI_CINIT_Base
000069b0   __TI_CINIT_Limit
20004000   sI2C7_Instance
20004124   __CIOBUF_
20004344   __TI_tmpnams
20004434   sBMP180
200044cc   Timer_0_A_Semaphore
200044d8   __stack
200046d8   __STACK_TOP
20004cd8   __STACK_END
20004cd8   _sys_memory
200054d8   _ftable
20005698   pxCurrentTCB
200056c4   ui32_NbrI2C7Interrupts
200056c8   ui32_NbrCallbacks
200056cc   psI2C7_Instance
200056d0   bI2C7Initialized
200056d1   I2C7WriteData
200056dc   ui8I2C7Status
200056e0   ui32I2C7HWStatus
200056e4   g_bI2CMSimpleDone
200056e8   ui8BMP180Status
200056ec   g_bBMP180SimpleDone
200056f0   ui32_BMP180_NbrCallbacks
200056f4   BMP180_Semaphore
200056f8   __TI_ft_end
200056fc   __aeabi_stdin
20005700   __aeabi_stdout
20005704   __aeabi_stderr
20005720   xPortSysTickCount
20005724   _lock
20005728   _unlock
2000572c   __TI_cleanup_ptr
20005730   __TI_dtors_ptr
2000573c   g_ulSystemClock
20005740   TimeCount
20005748   main_func_sp
ffffffff   __binit__
ffffffff   __c_args__
ffffffff   binit
UNDEFED    SHT$$INIT_ARRAY$$Base
UNDEFED    SHT$$INIT_ARRAY$$Limit

[271 symbols]
