<?xml version="1.0"?>
<link_info>
   <banner>TI ARM Linker PC v5.1.7</banner>
   <copyright>Copyright (c) 1996-2014 Texas Instruments Incorporated</copyright>
   <link_time>0x540ec665</link_time>
   <link_errors>0x0</link_errors>
   <output_file>FreeRTOS8_TM4C1294_SensorHub.out</output_file>
   <entry_point>
      <name>_c_int00</name>
      <address>0x5ea9</address>
   </entry_point>
   <input_file_list>
      <input_file id="fl-2">
         <path>.\</path>
         <kind>object</kind>
         <file>Main_SensorHub.obj</file>
         <name>Main_SensorHub.obj</name>
      </input_file>
      <input_file id="fl-3">
         <path>.\</path>
         <kind>object</kind>
         <file>heap_2.obj</file>
         <name>heap_2.obj</name>
      </input_file>
      <input_file id="fl-4">
         <path>.\</path>
         <kind>object</kind>
         <file>startup_ccs.obj</file>
         <name>startup_ccs.obj</name>
      </input_file>
      <input_file id="fl-5">
         <path>.\Tasks\</path>
         <kind>object</kind>
         <file>Task_BMP180_Pressure_Handler.obj</file>
         <name>Task_BMP180_Pressure_Handler.obj</name>
      </input_file>
      <input_file id="fl-6">
         <path>.\Tasks\</path>
         <kind>object</kind>
         <file>Task_I2C7_Handler.obj</file>
         <name>Task_I2C7_Handler.obj</name>
      </input_file>
      <input_file id="fl-7">
         <path>.\Tasks\</path>
         <kind>object</kind>
         <file>Task_TimerInterrupt.obj</file>
         <name>Task_TimerInterrupt.obj</name>
      </input_file>
      <input_file id="fl-8">
         <path>.\Source\</path>
         <kind>object</kind>
         <file>croutine.obj</file>
         <name>croutine.obj</name>
      </input_file>
      <input_file id="fl-9">
         <path>.\Source\</path>
         <kind>object</kind>
         <file>event_groups.obj</file>
         <name>event_groups.obj</name>
      </input_file>
      <input_file id="fl-a">
         <path>.\Source\</path>
         <kind>object</kind>
         <file>list.obj</file>
         <name>list.obj</name>
      </input_file>
      <input_file id="fl-b">
         <path>.\Source\</path>
         <kind>object</kind>
         <file>queue.obj</file>
         <name>queue.obj</name>
      </input_file>
      <input_file id="fl-c">
         <path>.\Source\</path>
         <kind>object</kind>
         <file>tasks.obj</file>
         <name>tasks.obj</name>
      </input_file>
      <input_file id="fl-d">
         <path>.\Source\</path>
         <kind>object</kind>
         <file>timers.obj</file>
         <name>timers.obj</name>
      </input_file>
      <input_file id="fl-e">
         <path>.\Source\portable\CCS5\ARM_CM3\</path>
         <kind>object</kind>
         <file>port.obj</file>
         <name>port.obj</name>
      </input_file>
      <input_file id="fl-f">
         <path>.\Source\portable\CCS5\ARM_CM3\</path>
         <kind>object</kind>
         <file>portasm.obj</file>
         <name>portasm.obj</name>
      </input_file>
      <input_file id="fl-10">
         <path>.\Drivers\</path>
         <kind>object</kind>
         <file>GetSP.obj</file>
         <name>GetSP.obj</name>
      </input_file>
      <input_file id="fl-11">
         <path>.\Drivers\</path>
         <kind>object</kind>
         <file>i2cm_drv.obj</file>
         <name>i2cm_drv.obj</name>
      </input_file>
      <input_file id="fl-12">
         <path>.\Drivers\</path>
         <kind>object</kind>
         <file>uartstdio.obj</file>
         <name>uartstdio.obj</name>
      </input_file>
      <input_file id="fl-141">
         <path>C:\Tools\TI_CodeComposer_6_0\ccsv6\tools\compiler\arm_5.1.7\lib\</path>
         <kind>archive</kind>
         <file>rtsv7M4_T_le_v4SPD16_eabi.lib</file>
         <name>boot.obj</name>
      </input_file>
      <input_file id="fl-142">
         <path>C:\Tools\TI_CodeComposer_6_0\ccsv6\tools\compiler\arm_5.1.7\lib\</path>
         <kind>archive</kind>
         <file>rtsv7M4_T_le_v4SPD16_eabi.lib</file>
         <name>copy_decompress_none.obj</name>
      </input_file>
      <input_file id="fl-143">
         <path>C:\Tools\TI_CodeComposer_6_0\ccsv6\tools\compiler\arm_5.1.7\lib\</path>
         <kind>archive</kind>
         <file>rtsv7M4_T_le_v4SPD16_eabi.lib</file>
         <name>copy_decompress_rle.obj</name>
      </input_file>
      <input_file id="fl-144">
         <path>C:\Tools\TI_CodeComposer_6_0\ccsv6\tools\compiler\arm_5.1.7\lib\</path>
         <kind>archive</kind>
         <file>rtsv7M4_T_le_v4SPD16_eabi.lib</file>
         <name>copy_zero_init.obj</name>
      </input_file>
      <input_file id="fl-145">
         <path>C:\Tools\TI_CodeComposer_6_0\ccsv6\tools\compiler\arm_5.1.7\lib\</path>
         <kind>archive</kind>
         <file>rtsv7M4_T_le_v4SPD16_eabi.lib</file>
         <name>exit.obj</name>
      </input_file>
      <input_file id="fl-146">
         <path>C:\Tools\TI_CodeComposer_6_0\ccsv6\tools\compiler\arm_5.1.7\lib\</path>
         <kind>archive</kind>
         <file>rtsv7M4_T_le_v4SPD16_eabi.lib</file>
         <name>memcpy_t2.obj</name>
      </input_file>
      <input_file id="fl-147">
         <path>C:\Tools\TI_CodeComposer_6_0\ccsv6\tools\compiler\arm_5.1.7\lib\</path>
         <kind>archive</kind>
         <file>rtsv7M4_T_le_v4SPD16_eabi.lib</file>
         <name>printf.obj</name>
      </input_file>
      <input_file id="fl-148">
         <path>C:\Tools\TI_CodeComposer_6_0\ccsv6\tools\compiler\arm_5.1.7\lib\</path>
         <kind>archive</kind>
         <file>rtsv7M4_T_le_v4SPD16_eabi.lib</file>
         <name>stkdepth_vars.obj</name>
      </input_file>
      <input_file id="fl-149">
         <path>C:\Tools\TI_CodeComposer_6_0\ccsv6\tools\compiler\arm_5.1.7\lib\</path>
         <kind>archive</kind>
         <file>rtsv7M4_T_le_v4SPD16_eabi.lib</file>
         <name>u_divt2.obj</name>
      </input_file>
      <input_file id="fl-14a">
         <path>C:\Tools\TI_CodeComposer_6_0\ccsv6\tools\compiler\arm_5.1.7\lib\</path>
         <kind>archive</kind>
         <file>rtsv7M4_T_le_v4SPD16_eabi.lib</file>
         <name>_lock.obj</name>
      </input_file>
      <input_file id="fl-14b">
         <path>C:\Tools\TI_CodeComposer_6_0\ccsv6\tools\compiler\arm_5.1.7\lib\</path>
         <kind>archive</kind>
         <file>rtsv7M4_T_le_v4SPD16_eabi.lib</file>
         <name>_printfi.obj</name>
      </input_file>
      <input_file id="fl-14c">
         <path>C:\Tools\TI_CodeComposer_6_0\ccsv6\tools\compiler\arm_5.1.7\lib\</path>
         <kind>archive</kind>
         <file>rtsv7M4_T_le_v4SPD16_eabi.lib</file>
         <name>args_main.obj</name>
      </input_file>
      <input_file id="fl-14d">
         <path>C:\Tools\TI_CodeComposer_6_0\ccsv6\tools\compiler\arm_5.1.7\lib\</path>
         <kind>archive</kind>
         <file>rtsv7M4_T_le_v4SPD16_eabi.lib</file>
         <name>atoi.obj</name>
      </input_file>
      <input_file id="fl-14e">
         <path>C:\Tools\TI_CodeComposer_6_0\ccsv6\tools\compiler\arm_5.1.7\lib\</path>
         <kind>archive</kind>
         <file>rtsv7M4_T_le_v4SPD16_eabi.lib</file>
         <name>auto_init.obj</name>
      </input_file>
      <input_file id="fl-14f">
         <path>C:\Tools\TI_CodeComposer_6_0\ccsv6\tools\compiler\arm_5.1.7\lib\</path>
         <kind>archive</kind>
         <file>rtsv7M4_T_le_v4SPD16_eabi.lib</file>
         <name>cpy_tbl.obj</name>
      </input_file>
      <input_file id="fl-150">
         <path>C:\Tools\TI_CodeComposer_6_0\ccsv6\tools\compiler\arm_5.1.7\lib\</path>
         <kind>archive</kind>
         <file>rtsv7M4_T_le_v4SPD16_eabi.lib</file>
         <name>ctype.obj</name>
      </input_file>
      <input_file id="fl-151">
         <path>C:\Tools\TI_CodeComposer_6_0\ccsv6\tools\compiler\arm_5.1.7\lib\</path>
         <kind>archive</kind>
         <file>rtsv7M4_T_le_v4SPD16_eabi.lib</file>
         <name>defs.obj</name>
      </input_file>
      <input_file id="fl-152">
         <path>C:\Tools\TI_CodeComposer_6_0\ccsv6\tools\compiler\arm_5.1.7\lib\</path>
         <kind>archive</kind>
         <file>rtsv7M4_T_le_v4SPD16_eabi.lib</file>
         <name>fd_add_t2.obj</name>
      </input_file>
      <input_file id="fl-153">
         <path>C:\Tools\TI_CodeComposer_6_0\ccsv6\tools\compiler\arm_5.1.7\lib\</path>
         <kind>archive</kind>
         <file>rtsv7M4_T_le_v4SPD16_eabi.lib</file>
         <name>fd_cmp_t2.obj</name>
      </input_file>
      <input_file id="fl-154">
         <path>C:\Tools\TI_CodeComposer_6_0\ccsv6\tools\compiler\arm_5.1.7\lib\</path>
         <kind>archive</kind>
         <file>rtsv7M4_T_le_v4SPD16_eabi.lib</file>
         <name>fd_div_t2.obj</name>
      </input_file>
      <input_file id="fl-155">
         <path>C:\Tools\TI_CodeComposer_6_0\ccsv6\tools\compiler\arm_5.1.7\lib\</path>
         <kind>archive</kind>
         <file>rtsv7M4_T_le_v4SPD16_eabi.lib</file>
         <name>fd_mul_t2.obj</name>
      </input_file>
      <input_file id="fl-156">
         <path>C:\Tools\TI_CodeComposer_6_0\ccsv6\tools\compiler\arm_5.1.7\lib\</path>
         <kind>archive</kind>
         <file>rtsv7M4_T_le_v4SPD16_eabi.lib</file>
         <name>fd_toi_t2.obj</name>
      </input_file>
      <input_file id="fl-157">
         <path>C:\Tools\TI_CodeComposer_6_0\ccsv6\tools\compiler\arm_5.1.7\lib\</path>
         <kind>archive</kind>
         <file>rtsv7M4_T_le_v4SPD16_eabi.lib</file>
         <name>fputc.obj</name>
      </input_file>
      <input_file id="fl-158">
         <path>C:\Tools\TI_CodeComposer_6_0\ccsv6\tools\compiler\arm_5.1.7\lib\</path>
         <kind>archive</kind>
         <file>rtsv7M4_T_le_v4SPD16_eabi.lib</file>
         <name>fputs.obj</name>
      </input_file>
      <input_file id="fl-159">
         <path>C:\Tools\TI_CodeComposer_6_0\ccsv6\tools\compiler\arm_5.1.7\lib\</path>
         <kind>archive</kind>
         <file>rtsv7M4_T_le_v4SPD16_eabi.lib</file>
         <name>i_tofd_t2.obj</name>
      </input_file>
      <input_file id="fl-15a">
         <path>C:\Tools\TI_CodeComposer_6_0\ccsv6\tools\compiler\arm_5.1.7\lib\</path>
         <kind>archive</kind>
         <file>rtsv7M4_T_le_v4SPD16_eabi.lib</file>
         <name>ll_mul_t2.obj</name>
      </input_file>
      <input_file id="fl-15b">
         <path>C:\Tools\TI_CodeComposer_6_0\ccsv6\tools\compiler\arm_5.1.7\lib\</path>
         <kind>archive</kind>
         <file>rtsv7M4_T_le_v4SPD16_eabi.lib</file>
         <name>lowlev.obj</name>
      </input_file>
      <input_file id="fl-15c">
         <path>C:\Tools\TI_CodeComposer_6_0\ccsv6\tools\compiler\arm_5.1.7\lib\</path>
         <kind>archive</kind>
         <file>rtsv7M4_T_le_v4SPD16_eabi.lib</file>
         <name>ltoa.obj</name>
      </input_file>
      <input_file id="fl-15d">
         <path>C:\Tools\TI_CodeComposer_6_0\ccsv6\tools\compiler\arm_5.1.7\lib\</path>
         <kind>archive</kind>
         <file>rtsv7M4_T_le_v4SPD16_eabi.lib</file>
         <name>memccpy.obj</name>
      </input_file>
      <input_file id="fl-15e">
         <path>C:\Tools\TI_CodeComposer_6_0\ccsv6\tools\compiler\arm_5.1.7\lib\</path>
         <kind>archive</kind>
         <file>rtsv7M4_T_le_v4SPD16_eabi.lib</file>
         <name>memchr.obj</name>
      </input_file>
      <input_file id="fl-15f">
         <path>C:\Tools\TI_CodeComposer_6_0\ccsv6\tools\compiler\arm_5.1.7\lib\</path>
         <kind>archive</kind>
         <file>rtsv7M4_T_le_v4SPD16_eabi.lib</file>
         <name>memset_t2.obj</name>
      </input_file>
      <input_file id="fl-160">
         <path>C:\Tools\TI_CodeComposer_6_0\ccsv6\tools\compiler\arm_5.1.7\lib\</path>
         <kind>archive</kind>
         <file>rtsv7M4_T_le_v4SPD16_eabi.lib</file>
         <name>strchr.obj</name>
      </input_file>
      <input_file id="fl-161">
         <path>C:\Tools\TI_CodeComposer_6_0\ccsv6\tools\compiler\arm_5.1.7\lib\</path>
         <kind>archive</kind>
         <file>rtsv7M4_T_le_v4SPD16_eabi.lib</file>
         <name>strcmp.obj</name>
      </input_file>
      <input_file id="fl-162">
         <path>C:\Tools\TI_CodeComposer_6_0\ccsv6\tools\compiler\arm_5.1.7\lib\</path>
         <kind>archive</kind>
         <file>rtsv7M4_T_le_v4SPD16_eabi.lib</file>
         <name>strlen.obj</name>
      </input_file>
      <input_file id="fl-163">
         <path>C:\Tools\TI_CodeComposer_6_0\ccsv6\tools\compiler\arm_5.1.7\lib\</path>
         <kind>archive</kind>
         <file>rtsv7M4_T_le_v4SPD16_eabi.lib</file>
         <name>strncpy.obj</name>
      </input_file>
      <input_file id="fl-164">
         <path>C:\Tools\TI_CodeComposer_6_0\ccsv6\tools\compiler\arm_5.1.7\lib\</path>
         <kind>archive</kind>
         <file>rtsv7M4_T_le_v4SPD16_eabi.lib</file>
         <name>trgdrv.obj</name>
      </input_file>
      <input_file id="fl-165">
         <path>C:\Tools\TI_CodeComposer_6_0\ccsv6\tools\compiler\arm_5.1.7\lib\</path>
         <kind>archive</kind>
         <file>rtsv7M4_T_le_v4SPD16_eabi.lib</file>
         <name>trgmsg.obj</name>
      </input_file>
      <input_file id="fl-166">
         <path>C:\Tools\TI_CodeComposer_6_0\ccsv6\tools\compiler\arm_5.1.7\lib\</path>
         <kind>archive</kind>
         <file>rtsv7M4_T_le_v4SPD16_eabi.lib</file>
         <name>ull_div_t2.obj</name>
      </input_file>
      <input_file id="fl-167">
         <path>C:\Tools\TI_CodeComposer_6_0\ccsv6\tools\compiler\arm_5.1.7\lib\</path>
         <kind>archive</kind>
         <file>rtsv7M4_T_le_v4SPD16_eabi.lib</file>
         <name>xdclass.obj</name>
      </input_file>
      <input_file id="fl-168">
         <path>C:\Tools\TI_CodeComposer_6_0\ccsv6\tools\compiler\arm_5.1.7\lib\</path>
         <kind>archive</kind>
         <file>rtsv7M4_T_le_v4SPD16_eabi.lib</file>
         <name>xdtest.obj</name>
      </input_file>
      <input_file id="fl-169">
         <path>C:\Tools\TI_CodeComposer_6_0\ccsv6\tools\compiler\arm_5.1.7\lib\</path>
         <kind>archive</kind>
         <file>rtsv7M4_T_le_v4SPD16_eabi.lib</file>
         <name>_io_perm.obj</name>
      </input_file>
      <input_file id="fl-16a">
         <path>C:\Tools\TI_CodeComposer_6_0\ccsv6\tools\compiler\arm_5.1.7\lib\</path>
         <kind>archive</kind>
         <file>rtsv7M4_T_le_v4SPD16_eabi.lib</file>
         <name>fflush.obj</name>
      </input_file>
      <input_file id="fl-16b">
         <path>C:\Tools\TI_CodeComposer_6_0\ccsv6\tools\compiler\arm_5.1.7\lib\</path>
         <kind>archive</kind>
         <file>rtsv7M4_T_le_v4SPD16_eabi.lib</file>
         <name>fseek.obj</name>
      </input_file>
      <input_file id="fl-16c">
         <path>C:\Tools\TI_CodeComposer_6_0\ccsv6\tools\compiler\arm_5.1.7\lib\</path>
         <kind>archive</kind>
         <file>rtsv7M4_T_le_v4SPD16_eabi.lib</file>
         <name>setvbuf.obj</name>
      </input_file>
      <input_file id="fl-16d">
         <path>C:\Tools\TI_CodeComposer_6_0\ccsv6\tools\compiler\arm_5.1.7\lib\</path>
         <kind>archive</kind>
         <file>rtsv7M4_T_le_v4SPD16_eabi.lib</file>
         <name>strcpy.obj</name>
      </input_file>
      <input_file id="fl-16e">
         <path>C:\Tools\TI_CodeComposer_6_0\ccsv6\tools\compiler\arm_5.1.7\lib\</path>
         <kind>archive</kind>
         <file>rtsv7M4_T_le_v4SPD16_eabi.lib</file>
         <name>fopen.obj</name>
      </input_file>
      <input_file id="fl-16f">
         <path>C:\Tools\TI_CodeComposer_6_0\ccsv6\tools\compiler\arm_5.1.7\lib\</path>
         <kind>archive</kind>
         <file>rtsv7M4_T_le_v4SPD16_eabi.lib</file>
         <name>memory.obj</name>
      </input_file>
      <input_file id="fl-170">
         <path>C:\Tools\TI_CodeComposer_6_0\ccsv6\tools\compiler\arm_5.1.7\lib\</path>
         <kind>archive</kind>
         <file>rtsv7M4_T_le_v4SPD16_eabi.lib</file>
         <name>fclose.obj</name>
      </input_file>
      <input_file id="fl-171">
         <path>C:\Tools\TI_CodeComposer_6_0\ccsv6\tools\compiler\arm_5.1.7\lib\</path>
         <kind>archive</kind>
         <file>rtsv7M4_T_le_v4SPD16_eabi.lib</file>
         <name>remove.obj</name>
      </input_file>
      <input_file id="fl-172">
         <path>C:\Tools\TivaWare_12573\driverlib\ccs\Debug\</path>
         <kind>archive</kind>
         <file>driverlib.lib</file>
         <name>uart.obj</name>
      </input_file>
      <input_file id="fl-173">
         <path>C:\Tools\TivaWare_12573\driverlib\ccs\Debug\</path>
         <kind>archive</kind>
         <file>driverlib.lib</file>
         <name>timer.obj</name>
      </input_file>
      <input_file id="fl-174">
         <path>C:\Tools\TivaWare_12573\driverlib\ccs\Debug\</path>
         <kind>archive</kind>
         <file>driverlib.lib</file>
         <name>sysctl.obj</name>
      </input_file>
      <input_file id="fl-175">
         <path>C:\Tools\TivaWare_12573\driverlib\ccs\Debug\</path>
         <kind>archive</kind>
         <file>driverlib.lib</file>
         <name>interrupt.obj</name>
      </input_file>
      <input_file id="fl-176">
         <path>C:\Tools\TivaWare_12573\driverlib\ccs\Debug\</path>
         <kind>archive</kind>
         <file>driverlib.lib</file>
         <name>i2c.obj</name>
      </input_file>
      <input_file id="fl-177">
         <path>C:\Tools\TivaWare_12573\driverlib\ccs\Debug\</path>
         <kind>archive</kind>
         <file>driverlib.lib</file>
         <name>gpio.obj</name>
      </input_file>
      <input_file id="fl-178">
         <path>C:\Tools\TivaWare_12573\driverlib\ccs\Debug\</path>
         <kind>archive</kind>
         <file>driverlib.lib</file>
         <name>fpu.obj</name>
      </input_file>
      <input_file id="fl-179">
         <path>C:\Tools\TivaWare_12573\driverlib\ccs\Debug\</path>
         <kind>archive</kind>
         <file>driverlib.lib</file>
         <name>cpu.obj</name>
      </input_file>
      <input_file id="fl-17a">
         <path>C:\Tools\TivaWare_12573\sensorlib\ccs\Debug\</path>
         <kind>archive</kind>
         <file>sensorlib.lib</file>
         <name>bmp180.obj</name>
      </input_file>
   </input_file_list>
   <object_component_list>
      <object_component id="oc-e">
         <name>.intvecs</name>
         <load_address>0x0</load_address>
         <run_address>0x0</run_address>
         <size>0x200</size>
         <input_file_ref idref="fl-4"/>
      </object_component>
      <object_component id="oc-39b">
         <name>.text</name>
         <load_address>0x200</load_address>
         <run_address>0x200</run_address>
         <size>0xec0</size>
         <input_file_ref idref="fl-14b"/>
      </object_component>
      <object_component id="oc-f4">
         <name>.text</name>
         <load_address>0x10c0</load_address>
         <run_address>0x10c0</run_address>
         <size>0xbf8</size>
         <input_file_ref idref="fl-11"/>
      </object_component>
      <object_component id="oc-8b">
         <name>.text</name>
         <load_address>0x1cb8</load_address>
         <run_address>0x1cb8</run_address>
         <size>0x8c0</size>
         <input_file_ref idref="fl-c"/>
      </object_component>
      <object_component id="oc-aa">
         <name>.text</name>
         <load_address>0x2578</load_address>
         <run_address>0x2578</run_address>
         <size>0x66e</size>
         <input_file_ref idref="fl-b"/>
      </object_component>
      <object_component id="oc-bc">
         <name>.text</name>
         <load_address>0x2be8</load_address>
         <run_address>0x2be8</run_address>
         <size>0x49c</size>
         <input_file_ref idref="fl-12"/>
      </object_component>
      <object_component id="oc-4b0">
         <name>.text</name>
         <load_address>0x3084</load_address>
         <run_address>0x3084</run_address>
         <size>0x3dc</size>
         <input_file_ref idref="fl-16f"/>
      </object_component>
      <object_component id="oc-3d8">
         <name>.text</name>
         <load_address>0x3460</load_address>
         <run_address>0x3460</run_address>
         <size>0x310</size>
         <input_file_ref idref="fl-15b"/>
      </object_component>
      <object_component id="oc-4cf">
         <name>.text</name>
         <load_address>0x3770</load_address>
         <run_address>0x3770</run_address>
         <size>0x2d4</size>
         <input_file_ref idref="fl-164"/>
      </object_component>
      <object_component id="oc-26b">
         <name>.text:SysCtlClockFreqSet</name>
         <load_address>0x3a44</load_address>
         <run_address>0x3a44</run_address>
         <size>0x1fc</size>
         <input_file_ref idref="fl-174"/>
      </object_component>
      <object_component id="oc-3ee">
         <name>.text</name>
         <load_address>0x3c40</load_address>
         <run_address>0x3c40</run_address>
         <size>0x1f4</size>
         <input_file_ref idref="fl-166"/>
      </object_component>
      <object_component id="oc-37c">
         <name>.text:BMP180Callback</name>
         <load_address>0x3e34</load_address>
         <run_address>0x3e34</run_address>
         <size>0x1dc</size>
         <input_file_ref idref="fl-17a"/>
      </object_component>
      <object_component id="oc-271">
         <name>.text</name>
         <load_address>0x4010</load_address>
         <run_address>0x4010</run_address>
         <size>0x1d0</size>
         <input_file_ref idref="fl-5"/>
      </object_component>
      <object_component id="oc-129">
         <name>.text</name>
         <load_address>0x41e0</load_address>
         <run_address>0x41e0</run_address>
         <size>0x1cc</size>
         <input_file_ref idref="fl-2"/>
      </object_component>
      <object_component id="oc-40">
         <name>.text</name>
         <load_address>0x43ac</load_address>
         <run_address>0x43ac</run_address>
         <size>0x1c0</size>
         <input_file_ref idref="fl-7"/>
      </object_component>
      <object_component id="oc-4b6">
         <name>.text</name>
         <load_address>0x456c</load_address>
         <run_address>0x456c</run_address>
         <size>0x1c0</size>
         <input_file_ref idref="fl-16e"/>
      </object_component>
      <object_component id="oc-41c">
         <name>.text</name>
         <load_address>0x472c</load_address>
         <run_address>0x472c</run_address>
         <size>0x1b6</size>
         <input_file_ref idref="fl-152"/>
      </object_component>
      <object_component id="oc-16a">
         <name>.text</name>
         <load_address>0x48e4</load_address>
         <run_address>0x48e4</run_address>
         <size>0x1b4</size>
         <input_file_ref idref="fl-3"/>
      </object_component>
      <object_component id="oc-402">
         <name>.text</name>
         <load_address>0x4a98</load_address>
         <run_address>0x4a98</run_address>
         <size>0x136</size>
         <input_file_ref idref="fl-154"/>
      </object_component>
      <object_component id="oc-395">
         <name>.text</name>
         <load_address>0x4bd0</load_address>
         <run_address>0x4bd0</run_address>
         <size>0x134</size>
         <input_file_ref idref="fl-158"/>
      </object_component>
      <object_component id="oc-237">
         <name>.text:GPIOPadConfigSet</name>
         <load_address>0x4d04</load_address>
         <run_address>0x4d04</run_address>
         <size>0x130</size>
         <input_file_ref idref="fl-177"/>
      </object_component>
      <object_component id="oc-15a">
         <name>.text</name>
         <load_address>0x4e34</load_address>
         <run_address>0x4e34</run_address>
         <size>0x12a</size>
         <input_file_ref idref="fl-a"/>
      </object_component>
      <object_component id="oc-46">
         <name>.text</name>
         <load_address>0x4f60</load_address>
         <run_address>0x4f60</run_address>
         <size>0x124</size>
         <input_file_ref idref="fl-6"/>
      </object_component>
      <object_component id="oc-3fd">
         <name>.text</name>
         <load_address>0x5084</load_address>
         <run_address>0x5084</run_address>
         <size>0xfc</size>
         <input_file_ref idref="fl-155"/>
      </object_component>
      <object_component id="oc-3a">
         <name>.text</name>
         <load_address>0x5180</load_address>
         <run_address>0x5180</run_address>
         <size>0xe8</size>
         <input_file_ref idref="fl-e"/>
      </object_component>
      <object_component id="oc-454">
         <name>.text</name>
         <load_address>0x5268</load_address>
         <run_address>0x5268</run_address>
         <size>0xdc</size>
         <input_file_ref idref="fl-16c"/>
      </object_component>
      <object_component id="oc-3d2">
         <name>.text</name>
         <load_address>0x5344</load_address>
         <run_address>0x5344</run_address>
         <size>0xc0</size>
         <input_file_ref idref="fl-16a"/>
      </object_component>
      <object_component id="oc-3cc">
         <name>.text</name>
         <load_address>0x5404</load_address>
         <run_address>0x5404</run_address>
         <size>0xac</size>
         <input_file_ref idref="fl-169"/>
      </object_component>
      <object_component id="oc-38f">
         <name>.text</name>
         <load_address>0x54b0</load_address>
         <run_address>0x54b0</run_address>
         <size>0x9c</size>
         <input_file_ref idref="fl-157"/>
      </object_component>
      <object_component id="oc-64">
         <name>.text</name>
         <load_address>0x554c</load_address>
         <run_address>0x554c</run_address>
         <size>0x9c</size>
         <input_file_ref idref="fl-146"/>
      </object_component>
      <object_component id="oc-4f3">
         <name>.text</name>
         <load_address>0x55e8</load_address>
         <run_address>0x55e8</run_address>
         <size>0x98</size>
         <input_file_ref idref="fl-170"/>
      </object_component>
      <object_component id="oc-4f">
         <name>.text</name>
         <load_address>0x5680</load_address>
         <run_address>0x5680</run_address>
         <size>0x94</size>
         <input_file_ref idref="fl-14e"/>
      </object_component>
      <object_component id="oc-3f8">
         <name>.text:__aeabi_cdcmple</name>
         <load_address>0x5714</load_address>
         <run_address>0x5714</run_address>
         <size>0x86</size>
         <input_file_ref idref="fl-153"/>
      </object_component>
      <object_component id="oc-407">
         <name>.text:__aeabi_cdrcmple</name>
         <load_address>0x579a</load_address>
         <run_address>0x579a</run_address>
         <size>0x86</size>
         <input_file_ref idref="fl-153"/>
      </object_component>
      <object_component id="oc-35">
         <name>.text</name>
         <load_address>0x5820</load_address>
         <run_address>0x5820</run_address>
         <size>0x80</size>
         <input_file_ref idref="fl-f"/>
      </object_component>
      <object_component id="oc-421">
         <name>.text</name>
         <load_address>0x58a0</load_address>
         <run_address>0x58a0</run_address>
         <size>0x78</size>
         <input_file_ref idref="fl-15f"/>
      </object_component>
      <object_component id="oc-348">
         <name>.text</name>
         <load_address>0x5918</load_address>
         <run_address>0x5918</run_address>
         <size>0x70</size>
         <input_file_ref idref="fl-147"/>
      </object_component>
      <object_component id="oc-20a">
         <name>.text:IntIsEnabled</name>
         <load_address>0x5988</load_address>
         <run_address>0x5988</run_address>
         <size>0x64</size>
         <input_file_ref idref="fl-175"/>
      </object_component>
      <object_component id="oc-44e">
         <name>.text</name>
         <load_address>0x59ec</load_address>
         <run_address>0x59ec</run_address>
         <size>0x64</size>
         <input_file_ref idref="fl-16b"/>
      </object_component>
      <object_component id="oc-210">
         <name>.text:IntDisable</name>
         <load_address>0x5a50</load_address>
         <run_address>0x5a50</run_address>
         <size>0x60</size>
         <input_file_ref idref="fl-175"/>
      </object_component>
      <object_component id="oc-d4">
         <name>.text:IntEnable</name>
         <load_address>0x5ab0</load_address>
         <run_address>0x5ab0</run_address>
         <size>0x60</size>
         <input_file_ref idref="fl-175"/>
      </object_component>
      <object_component id="oc-504">
         <name>.text</name>
         <load_address>0x5b10</load_address>
         <run_address>0x5b10</run_address>
         <size>0x60</size>
         <input_file_ref idref="fl-165"/>
      </object_component>
      <object_component id="oc-77">
         <name>.text</name>
         <load_address>0x5b70</load_address>
         <run_address>0x5b70</run_address>
         <size>0x5e</size>
         <input_file_ref idref="fl-143"/>
      </object_component>
      <object_component id="oc-b6">
         <name>.text:TimerConfigure</name>
         <load_address>0x5bd0</load_address>
         <run_address>0x5bd0</run_address>
         <size>0x5c</size>
         <input_file_ref idref="fl-173"/>
      </object_component>
      <object_component id="oc-411">
         <name>.text</name>
         <load_address>0x5c2c</load_address>
         <run_address>0x5c2c</run_address>
         <size>0x5a</size>
         <input_file_ref idref="fl-15c"/>
      </object_component>
      <object_component id="oc-336">
         <name>.text:BMP180DataRead</name>
         <load_address>0x5c88</load_address>
         <run_address>0x5c88</run_address>
         <size>0x58</size>
         <input_file_ref idref="fl-17a"/>
      </object_component>
      <object_component id="oc-31e">
         <name>.text:BMP180Init</name>
         <load_address>0x5ce0</load_address>
         <run_address>0x5ce0</run_address>
         <size>0x58</size>
         <input_file_ref idref="fl-17a"/>
      </object_component>
      <object_component id="oc-330">
         <name>.text:BMP180ReadModifyWrite</name>
         <load_address>0x5d38</load_address>
         <run_address>0x5d38</run_address>
         <size>0x4c</size>
         <input_file_ref idref="fl-17a"/>
      </object_component>
      <object_component id="oc-432">
         <name>.text</name>
         <load_address>0x5d84</load_address>
         <run_address>0x5d84</run_address>
         <size>0x4c</size>
         <input_file_ref idref="fl-14d"/>
      </object_component>
      <object_component id="oc-fa">
         <name>.text:GPIOPinConfigure</name>
         <load_address>0x5dd0</load_address>
         <run_address>0x5dd0</run_address>
         <size>0x48</size>
         <input_file_ref idref="fl-177"/>
      </object_component>
      <object_component id="oc-1fe">
         <name>.text:I2CMasterInitExpClk</name>
         <load_address>0x5e18</load_address>
         <run_address>0x5e18</run_address>
         <size>0x48</size>
         <input_file_ref idref="fl-176"/>
      </object_component>
      <object_component id="oc-30e">
         <name>.text:_SysCtlFrequencyGet</name>
         <load_address>0x5e60</load_address>
         <run_address>0x5e60</run_address>
         <size>0x48</size>
         <input_file_ref idref="fl-174"/>
      </object_component>
      <object_component id="oc-11">
         <name>.text</name>
         <load_address>0x5ea8</load_address>
         <run_address>0x5ea8</run_address>
         <size>0x48</size>
         <input_file_ref idref="fl-141"/>
      </object_component>
      <object_component id="oc-40c">
         <name>.text</name>
         <load_address>0x5ef0</load_address>
         <run_address>0x5ef0</run_address>
         <size>0x48</size>
         <input_file_ref idref="fl-156"/>
      </object_component>
      <object_component id="oc-122">
         <name>.text</name>
         <load_address>0x5f38</load_address>
         <run_address>0x5f38</run_address>
         <size>0x44</size>
         <input_file_ref idref="fl-14f"/>
      </object_component>
      <object_component id="oc-5a">
         <name>.text</name>
         <load_address>0x5f7c</load_address>
         <run_address>0x5f7c</run_address>
         <size>0x44</size>
         <input_file_ref idref="fl-145"/>
      </object_component>
      <object_component id="oc-492">
         <name>.text</name>
         <load_address>0x5fc0</load_address>
         <run_address>0x5fc0</run_address>
         <size>0x44</size>
         <input_file_ref idref="fl-168"/>
      </object_component>
      <object_component id="oc-1c0">
         <name>.text</name>
         <load_address>0x6004</load_address>
         <run_address>0x6004</run_address>
         <size>0x42</size>
         <input_file_ref idref="fl-149"/>
      </object_component>
      <object_component id="oc-1a2">
         <name>.text:UARTConfigSetExpClk</name>
         <load_address>0x6046</load_address>
         <run_address>0x6046</run_address>
         <size>0x40</size>
         <input_file_ref idref="fl-172"/>
      </object_component>
      <object_component id="oc-21c">
         <name>.text:I2CMRead</name>
         <load_address>0x6086</load_address>
         <run_address>0x6086</run_address>
         <size>0x36</size>
         <input_file_ref idref="fl-5"/>
      </object_component>
      <object_component id="oc-10c">
         <name>.text:I2CMWrite</name>
         <load_address>0x60bc</load_address>
         <run_address>0x60bc</run_address>
         <size>0x36</size>
         <input_file_ref idref="fl-5"/>
      </object_component>
      <object_component id="oc-223">
         <name>.text:I2CMWriteBatched</name>
         <load_address>0x60f2</load_address>
         <run_address>0x60f2</run_address>
         <size>0x36</size>
         <input_file_ref idref="fl-5"/>
      </object_component>
      <object_component id="oc-b0">
         <name>.text:SysCtlPeripheralEnable</name>
         <load_address>0x6128</load_address>
         <run_address>0x6128</run_address>
         <size>0x34</size>
         <input_file_ref idref="fl-174"/>
      </object_component>
      <object_component id="oc-19c">
         <name>.text:SysCtlPeripheralPresent</name>
         <load_address>0x615c</load_address>
         <run_address>0x615c</run_address>
         <size>0x34</size>
         <input_file_ref idref="fl-174"/>
      </object_component>
      <object_component id="oc-46d">
         <name>.text</name>
         <load_address>0x6190</load_address>
         <run_address>0x6190</run_address>
         <size>0x30</size>
         <input_file_ref idref="fl-163"/>
      </object_component>
      <object_component id="oc-417">
         <name>.text</name>
         <load_address>0x61c0</load_address>
         <run_address>0x61c0</run_address>
         <size>0x2e</size>
         <input_file_ref idref="fl-159"/>
      </object_component>
      <object_component id="oc-231">
         <name>.text:GPIODirModeSet</name>
         <load_address>0x61ee</load_address>
         <run_address>0x61ee</run_address>
         <size>0x2a</size>
         <input_file_ref idref="fl-177"/>
      </object_component>
      <object_component id="oc-2c5">
         <name>.text:UARTDisable</name>
         <load_address>0x6218</load_address>
         <run_address>0x6218</run_address>
         <size>0x1c</size>
         <input_file_ref idref="fl-172"/>
      </object_component>
      <object_component id="oc-308">
         <name>.text:_SysCtlMemTimingGet</name>
         <load_address>0x6234</load_address>
         <run_address>0x6234</run_address>
         <size>0x1c</size>
         <input_file_ref idref="fl-174"/>
      </object_component>
      <object_component id="oc-42c">
         <name>.text</name>
         <load_address>0x6250</load_address>
         <run_address>0x6250</run_address>
         <size>0x1c</size>
         <input_file_ref idref="fl-15d"/>
      </object_component>
      <object_component id="oc-33c">
         <name>.text:BMP180DataPressureGetRaw</name>
         <load_address>0x626c</load_address>
         <run_address>0x626c</run_address>
         <size>0x18</size>
         <input_file_ref idref="fl-17a"/>
      </object_component>
      <object_component id="oc-24d">
         <name>.text:GPIOPinTypeGPIOOutput</name>
         <load_address>0x6284</load_address>
         <run_address>0x6284</run_address>
         <size>0x18</size>
         <input_file_ref idref="fl-177"/>
      </object_component>
      <object_component id="oc-54">
         <name>.text</name>
         <load_address>0x629c</load_address>
         <run_address>0x629c</run_address>
         <size>0x18</size>
         <input_file_ref idref="fl-14c"/>
      </object_component>
      <object_component id="oc-3f3">
         <name>.text</name>
         <load_address>0x62b4</load_address>
         <run_address>0x62b4</run_address>
         <size>0x18</size>
         <input_file_ref idref="fl-15a"/>
      </object_component>
      <object_component id="oc-461">
         <name>.text</name>
         <load_address>0x62cc</load_address>
         <run_address>0x62cc</run_address>
         <size>0x18</size>
         <input_file_ref idref="fl-161"/>
      </object_component>
      <object_component id="oc-3e6">
         <name>.text</name>
         <load_address>0x62e4</load_address>
         <run_address>0x62e4</run_address>
         <size>0x16</size>
         <input_file_ref idref="fl-15e"/>
      </object_component>
      <object_component id="oc-467">
         <name>.text</name>
         <load_address>0x62fa</load_address>
         <run_address>0x62fa</run_address>
         <size>0x16</size>
         <input_file_ref idref="fl-160"/>
      </object_component>
      <object_component id="oc-1a8">
         <name>.text:UARTEnable</name>
         <load_address>0x6310</load_address>
         <run_address>0x6310</run_address>
         <size>0x14</size>
         <input_file_ref idref="fl-172"/>
      </object_component>
      <object_component id="oc-27f">
         <name>.text</name>
         <load_address>0x6324</load_address>
         <run_address>0x6324</run_address>
         <size>0x14</size>
         <input_file_ref idref="fl-14a"/>
      </object_component>
      <object_component id="oc-3e0">
         <name>.text</name>
         <load_address>0x6338</load_address>
         <run_address>0x6338</run_address>
         <size>0x14</size>
         <input_file_ref idref="fl-162"/>
      </object_component>
      <object_component id="oc-106">
         <name>.text:GPIOPinTypeI2C</name>
         <load_address>0x634c</load_address>
         <run_address>0x634c</run_address>
         <size>0x12</size>
         <input_file_ref idref="fl-177"/>
      </object_component>
      <object_component id="oc-100">
         <name>.text:GPIOPinTypeI2CSCL</name>
         <load_address>0x635e</load_address>
         <run_address>0x635e</run_address>
         <size>0x12</size>
         <input_file_ref idref="fl-177"/>
      </object_component>
      <object_component id="oc-25f">
         <name>.text:GPIOPinTypeUART</name>
         <load_address>0x6370</load_address>
         <run_address>0x6370</run_address>
         <size>0x12</size>
         <input_file_ref idref="fl-177"/>
      </object_component>
      <object_component id="oc-c8">
         <name>.text:TimerLoadSet</name>
         <load_address>0x6382</load_address>
         <run_address>0x6382</run_address>
         <size>0x12</size>
         <input_file_ref idref="fl-173"/>
      </object_component>
      <object_component id="oc-c2">
         <name>.text:TimerPrescaleSet</name>
         <load_address>0x6394</load_address>
         <run_address>0x6394</run_address>
         <size>0x12</size>
         <input_file_ref idref="fl-173"/>
      </object_component>
      <object_component id="oc-1c">
         <name>.text:decompress:ZI</name>
         <load_address>0x63a6</load_address>
         <run_address>0x63a6</run_address>
         <size>0x12</size>
         <input_file_ref idref="fl-144"/>
      </object_component>
      <object_component id="oc-426">
         <name>.text</name>
         <load_address>0x63b8</load_address>
         <run_address>0x63b8</run_address>
         <size>0x12</size>
         <input_file_ref idref="fl-167"/>
      </object_component>
      <object_component id="oc-324">
         <name>.text:FPUEnable</name>
         <load_address>0x63cc</load_address>
         <run_address>0x63cc</run_address>
         <size>0x10</size>
         <input_file_ref idref="fl-178"/>
      </object_component>
      <object_component id="oc-32a">
         <name>.text:FPULazyStackingEnable</name>
         <load_address>0x63dc</load_address>
         <run_address>0x63dc</run_address>
         <size>0x10</size>
         <input_file_ref idref="fl-178"/>
      </object_component>
      <object_component id="oc-50a">
         <name>.text</name>
         <load_address>0x63ec</load_address>
         <run_address>0x63ec</run_address>
         <size>0x10</size>
         <input_file_ref idref="fl-16d"/>
      </object_component>
      <object_component id="oc-da">
         <name>.text:TimerEnable</name>
         <load_address>0x63fc</load_address>
         <run_address>0x63fc</run_address>
         <size>0xe</size>
         <input_file_ref idref="fl-173"/>
      </object_component>
      <object_component id="oc-16">
         <name>.text:decompress:none</name>
         <load_address>0x640a</load_address>
         <run_address>0x640a</run_address>
         <size>0xe</size>
         <input_file_ref idref="fl-142"/>
      </object_component>
      <object_component id="oc-342">
         <name>.text:BMP180DataTemperatureGetRaw</name>
         <load_address>0x6418</load_address>
         <run_address>0x6418</run_address>
         <size>0xc</size>
         <input_file_ref idref="fl-17a"/>
      </object_component>
      <object_component id="oc-216">
         <name>.text:IntTrigger</name>
         <load_address>0x6424</load_address>
         <run_address>0x6424</run_address>
         <size>0xc</size>
         <input_file_ref idref="fl-175"/>
      </object_component>
      <object_component id="oc-2f">
         <name>.text</name>
         <load_address>0x6430</load_address>
         <run_address>0x6430</run_address>
         <size>0xc</size>
         <input_file_ref idref="fl-4"/>
      </object_component>
      <object_component id="oc-2e2">
         <name>.text:I2CMasterEnable</name>
         <load_address>0x643c</load_address>
         <run_address>0x643c</run_address>
         <size>0xa</size>
         <input_file_ref idref="fl-176"/>
      </object_component>
      <object_component id="oc-1b4">
         <name>.text:UARTCharGet</name>
         <load_address>0x6446</load_address>
         <run_address>0x6446</run_address>
         <size>0xa</size>
         <input_file_ref idref="fl-172"/>
      </object_component>
      <object_component id="oc-1ae">
         <name>.text:UARTCharPut</name>
         <load_address>0x6450</load_address>
         <run_address>0x6450</run_address>
         <size>0xa</size>
         <input_file_ref idref="fl-172"/>
      </object_component>
      <object_component id="oc-1f8">
         <name>.text:I2CMasterIntClear</name>
         <load_address>0x645a</load_address>
         <run_address>0x645a</run_address>
         <size>0x8</size>
         <input_file_ref idref="fl-176"/>
      </object_component>
      <object_component id="oc-204">
         <name>.text:I2CMasterIntEnableEx</name>
         <load_address>0x6462</load_address>
         <run_address>0x6462</run_address>
         <size>0x8</size>
         <input_file_ref idref="fl-176"/>
      </object_component>
      <object_component id="oc-1e0">
         <name>.text:I2CMasterSlaveAddrSet</name>
         <load_address>0x646a</load_address>
         <run_address>0x646a</run_address>
         <size>0x8</size>
         <input_file_ref idref="fl-176"/>
      </object_component>
      <object_component id="oc-ce">
         <name>.text:TimerIntEnable</name>
         <load_address>0x6472</load_address>
         <run_address>0x6472</run_address>
         <size>0x8</size>
         <input_file_ref idref="fl-173"/>
      </object_component>
      <object_component id="oc-253">
         <name>.text:GPIOPinRead</name>
         <load_address>0x647a</load_address>
         <run_address>0x647a</run_address>
         <size>0x6</size>
         <input_file_ref idref="fl-177"/>
      </object_component>
      <object_component id="oc-259">
         <name>.text:GPIOPinWrite</name>
         <load_address>0x6480</load_address>
         <run_address>0x6480</run_address>
         <size>0x6</size>
         <input_file_ref idref="fl-177"/>
      </object_component>
      <object_component id="oc-265">
         <name>.text:UARTClockSourceSet</name>
         <load_address>0x6486</load_address>
         <run_address>0x6486</run_address>
         <size>0x6</size>
         <input_file_ref idref="fl-172"/>
      </object_component>
      <object_component id="oc-22">
         <name>.text:decompress:rle24</name>
         <load_address>0x648c</load_address>
         <run_address>0x648c</run_address>
         <size>0x6</size>
         <input_file_ref idref="fl-143"/>
      </object_component>
      <object_component id="oc-1ec">
         <name>.text:I2CMasterControl</name>
         <load_address>0x6492</load_address>
         <run_address>0x6492</run_address>
         <size>0x4</size>
         <input_file_ref idref="fl-176"/>
      </object_component>
      <object_component id="oc-1f2">
         <name>.text:I2CMasterDataGet</name>
         <load_address>0x6496</load_address>
         <run_address>0x6496</run_address>
         <size>0x4</size>
         <input_file_ref idref="fl-176"/>
      </object_component>
      <object_component id="oc-1e6">
         <name>.text:I2CMasterDataPut</name>
         <load_address>0x649a</load_address>
         <run_address>0x649a</run_address>
         <size>0x4</size>
         <input_file_ref idref="fl-176"/>
      </object_component>
      <object_component id="oc-a4">
         <name>.text:TimerIntClear</name>
         <load_address>0x649e</load_address>
         <run_address>0x649e</run_address>
         <size>0x4</size>
         <input_file_ref idref="fl-173"/>
      </object_component>
      <object_component id="oc-317">
         <name>.const:g_pppui32XTALtoVCO</name>
         <load_address>0x64a4</load_address>
         <run_address>0x64a4</run_address>
         <size>0x120</size>
         <input_file_ref idref="fl-174"/>
      </object_component>
      <object_component id="oc-49b">
         <name>.const:.string:_ctypes_</name>
         <load_address>0x65c4</load_address>
         <run_address>0x65c4</run_address>
         <size>0x102</size>
         <input_file_ref idref="fl-150"/>
      </object_component>
      <object_component id="oc-2a9">
         <name>.const</name>
         <load_address>0x66c6</load_address>
         <run_address>0x66c6</run_address>
         <size>0x2</size>
         <input_file_ref idref="fl-3"/>
      </object_component>
      <object_component id="oc-22c">
         <name>.const:g_pui32GPIOBaseAddrs</name>
         <load_address>0x66c8</load_address>
         <run_address>0x66c8</run_address>
         <size>0x90</size>
         <input_file_ref idref="fl-177"/>
      </object_component>
      <object_component id="oc-1cf">
         <name>.const</name>
         <load_address>0x6758</load_address>
         <run_address>0x6758</run_address>
         <size>0x70</size>
         <input_file_ref idref="fl-175"/>
      </object_component>
      <object_component id="oc-314">
         <name>.const:g_pui32Xtals</name>
         <load_address>0x67c8</load_address>
         <run_address>0x67c8</run_address>
         <size>0x6c</size>
         <input_file_ref idref="fl-174"/>
      </object_component>
      <object_component id="oc-351">
         <name>.const:.string:$P$T0$1</name>
         <load_address>0x6834</load_address>
         <run_address>0x6834</run_address>
         <size>0x40</size>
         <input_file_ref idref="fl-5"/>
      </object_component>
      <object_component id="oc-371">
         <name>.const:g_sXTALtoMEMTIM</name>
         <load_address>0x6874</load_address>
         <run_address>0x6874</run_address>
         <size>0x30</size>
         <input_file_ref idref="fl-174"/>
      </object_component>
      <object_component id="oc-1ba">
         <name>.const</name>
         <load_address>0x68a4</load_address>
         <run_address>0x68a4</run_address>
         <size>0x1c</size>
         <input_file_ref idref="fl-12"/>
      </object_component>
      <object_component id="oc-2d0">
         <name>.const:.string</name>
         <load_address>0x68c0</load_address>
         <run_address>0x68c0</run_address>
         <size>0x12</size>
         <input_file_ref idref="fl-12"/>
      </object_component>
      <object_component id="oc-31a">
         <name>.const</name>
         <load_address>0x68d4</load_address>
         <run_address>0x68d4</run_address>
         <size>0x8</size>
         <input_file_ref idref="fl-174"/>
      </object_component>
      <object_component id="oc-557">
         <name>.cinit..data.load</name>
         <load_address>0x68e0</load_address>
         <run_address>0x68e0</run_address>
         <size>0xa5</size>
      </object_component>
      <object_component id="oc-555">
         <name>__TI_handler_table</name>
         <load_address>0x6988</load_address>
         <run_address>0x6988</run_address>
         <size>0xc</size>
      </object_component>
      <object_component id="oc-558">
         <name>.cinit..bss.load</name>
         <load_address>0x6998</load_address>
         <run_address>0x6998</run_address>
         <size>0x8</size>
      </object_component>
      <object_component id="oc-556">
         <name>__TI_cinit_table</name>
         <load_address>0x69a0</load_address>
         <run_address>0x69a0</run_address>
         <size>0x10</size>
      </object_component>
      <object_component id="oc-60">
         <name>.data</name>
         <load_address>0x20005748</load_address>
         <run_address>0x20005748</run_address>
         <size>0x4</size>
         <input_file_ref idref="fl-148"/>
      </object_component>
      <object_component id="oc-91">
         <name>.data</name>
         <load_address>0x20005698</load_address>
         <run_address>0x20005698</run_address>
         <size>0x2c</size>
         <input_file_ref idref="fl-c"/>
      </object_component>
      <object_component id="oc-95">
         <name>.data</name>
         <load_address>0x2000571c</load_address>
         <run_address>0x2000571c</run_address>
         <size>0x8</size>
         <input_file_ref idref="fl-e"/>
      </object_component>
      <object_component id="oc-e0">
         <name>.data</name>
         <load_address>0x20005740</load_address>
         <run_address>0x20005740</run_address>
         <size>0x4</size>
         <input_file_ref idref="fl-7"/>
      </object_component>
      <object_component id="oc-e6">
         <name>.data</name>
         <load_address>0x2000573c</load_address>
         <run_address>0x2000573c</run_address>
         <size>0x4</size>
         <input_file_ref idref="fl-2"/>
      </object_component>
      <object_component id="oc-113">
         <name>.data</name>
         <load_address>0x200056c4</load_address>
         <run_address>0x200056c4</run_address>
         <size>0x21</size>
         <input_file_ref idref="fl-6"/>
      </object_component>
      <object_component id="oc-131">
         <name>.data</name>
         <load_address>0x20005724</load_address>
         <run_address>0x20005724</run_address>
         <size>0x8</size>
         <input_file_ref idref="fl-14a"/>
      </object_component>
      <object_component id="oc-134">
         <name>.data</name>
         <load_address>0x2000572c</load_address>
         <run_address>0x2000572c</run_address>
         <size>0x8</size>
         <input_file_ref idref="fl-145"/>
      </object_component>
      <object_component id="oc-1bd">
         <name>.data</name>
         <load_address>0x20005734</load_address>
         <run_address>0x20005734</run_address>
         <size>0x5</size>
         <input_file_ref idref="fl-12"/>
      </object_component>
      <object_component id="oc-29d">
         <name>.data</name>
         <load_address>0x20005714</load_address>
         <run_address>0x20005714</run_address>
         <size>0x8</size>
         <input_file_ref idref="fl-3"/>
      </object_component>
      <object_component id="oc-34e">
         <name>.data</name>
         <load_address>0x200056e8</load_address>
         <run_address>0x200056e8</run_address>
         <size>0x10</size>
         <input_file_ref idref="fl-5"/>
      </object_component>
      <object_component id="oc-3a1">
         <name>.data:_ftable</name>
         <load_address>0x200054d8</load_address>
         <run_address>0x200054d8</run_address>
         <size>0xf0</size>
         <input_file_ref idref="fl-151"/>
      </object_component>
      <object_component id="oc-45c">
         <name>.data</name>
         <load_address>0x200056f8</load_address>
         <run_address>0x200056f8</run_address>
         <size>0x10</size>
         <input_file_ref idref="fl-151"/>
      </object_component>
      <object_component id="oc-473">
         <name>.data</name>
         <load_address>0x200055c8</load_address>
         <run_address>0x200055c8</run_address>
         <size>0xd0</size>
         <input_file_ref idref="fl-15b"/>
      </object_component>
      <object_component id="oc-4ef">
         <name>.data</name>
         <load_address>0x20005708</load_address>
         <run_address>0x20005708</run_address>
         <size>0xc</size>
         <input_file_ref idref="fl-16f"/>
      </object_component>
      <object_component id="oc-4f9">
         <name>.data</name>
         <load_address>0x20005744</load_address>
         <run_address>0x20005744</run_address>
         <size>0x4</size>
         <input_file_ref idref="fl-16e"/>
      </object_component>
      <object_component id="oc-2c">
         <name>.bss:pulStack</name>
         <uninitialized>true</uninitialized>
         <run_address>0x20004244</run_address>
         <size>0x100</size>
         <input_file_ref idref="fl-4"/>
      </object_component>
      <object_component id="oc-116">
         <name>.bss:sI2C7_Instance</name>
         <uninitialized>true</uninitialized>
         <run_address>0x20004000</run_address>
         <size>0x124</size>
         <input_file_ref idref="fl-6"/>
      </object_component>
      <object_component id="oc-160">
         <name>.bss:pxReadyTasksLists</name>
         <uninitialized>true</uninitialized>
         <run_address>0x200043e4</run_address>
         <size>0x50</size>
         <input_file_ref idref="fl-c"/>
      </object_component>
      <object_component id="oc-2a3">
         <name>.bss:xHeap</name>
         <uninitialized>true</uninitialized>
         <run_address>0x20000000</run_address>
         <size>0x4000</size>
         <input_file_ref idref="fl-3"/>
      </object_component>
      <object_component id="oc-354">
         <name>.bss:sBMP180</name>
         <uninitialized>true</uninitialized>
         <run_address>0x20004434</run_address>
         <size>0x44</size>
         <input_file_ref idref="fl-5"/>
      </object_component>
      <object_component id="oc-51f">
         <name>.bss:__TI_tmpnams</name>
         <uninitialized>true</uninitialized>
         <run_address>0x20004344</run_address>
         <size>0xa0</size>
         <input_file_ref idref="fl-151"/>
      </object_component>
      <object_component id="oc-526">
         <name>.bss:__CIOBUF_</name>
         <uninitialized>true</uninitialized>
         <run_address>0x20004124</run_address>
         <size>0x120</size>
         <input_file_ref idref="fl-165"/>
      </object_component>
      <object_component id="oc-2a6">
         <name>.common:xStart</name>
         <uninitialized>true</uninitialized>
         <run_address>0x200044c4</run_address>
         <size>0x8</size>
      </object_component>
      <object_component id="oc-2a8">
         <name>.common:xEnd</name>
         <uninitialized>true</uninitialized>
         <run_address>0x200044bc</run_address>
         <size>0x8</size>
      </object_component>
      <object_component id="oc-e3">
         <name>.common:Timer_0_A_Semaphore</name>
         <uninitialized>true</uninitialized>
         <run_address>0x200044cc</run_address>
         <size>0x4</size>
      </object_component>
      <object_component id="oc-170">
         <name>.common:xDelayedTaskList1</name>
         <uninitialized>true</uninitialized>
         <run_address>0x20004478</run_address>
         <size>0x14</size>
      </object_component>
      <object_component id="oc-171">
         <name>.common:xDelayedTaskList2</name>
         <uninitialized>true</uninitialized>
         <run_address>0x2000448c</run_address>
         <size>0x14</size>
      </object_component>
      <object_component id="oc-172">
         <name>.common:pxDelayedTaskList</name>
         <uninitialized>true</uninitialized>
         <run_address>0x200044d0</run_address>
         <size>0x4</size>
      </object_component>
      <object_component id="oc-173">
         <name>.common:pxOverflowDelayedTaskList</name>
         <uninitialized>true</uninitialized>
         <run_address>0x200044d4</run_address>
         <size>0x4</size>
      </object_component>
      <object_component id="oc-169">
         <name>.common:xPendingReadyList</name>
         <uninitialized>true</uninitialized>
         <run_address>0x200044a0</run_address>
         <size>0x14</size>
      </object_component>
      <object_component id="oc-510">
         <name>.common:parmbuf</name>
         <uninitialized>true</uninitialized>
         <run_address>0x200044b4</run_address>
         <size>0x8</size>
      </object_component>
      <object_component id="oc-29">
         <name>.sysmem</name>
         <uninitialized>true</uninitialized>
         <run_address>0x20004cd8</run_address>
         <size>0x8</size>
         <input_file_ref idref="fl-16f"/>
      </object_component>
      <object_component id="oc-55a">
         <name>.sysmem</name>
         <uninitialized>true</uninitialized>
         <run_address>0x20004cd8</run_address>
         <size>0x0</size>
      </object_component>
      <object_component id="oc-28">
         <name>.stack</name>
         <uninitialized>true</uninitialized>
         <run_address>0x200044d8</run_address>
         <size>0x0</size>
         <input_file_ref idref="fl-141"/>
      </object_component>
      <object_component id="oc-559">
         <name>.stack</name>
         <uninitialized>true</uninitialized>
         <run_address>0x200044d8</run_address>
         <size>0x0</size>
      </object_component>
      <object_component id="oc-f">
         <name>.debug_info</name>
         <load_address>0x0</load_address>
         <run_address>0x0</run_address>
         <size>0xea</size>
         <input_file_ref idref="fl-4"/>
      </object_component>
      <object_component id="oc-13">
         <name>.debug_info</name>
         <load_address>0xea</load_address>
         <run_address>0xea</run_address>
         <size>0xf3</size>
         <input_file_ref idref="fl-141"/>
      </object_component>
      <object_component id="oc-1a">
         <name>.debug_info</name>
         <load_address>0x1dd</load_address>
         <run_address>0x1dd</run_address>
         <size>0x194</size>
         <input_file_ref idref="fl-142"/>
      </object_component>
      <object_component id="oc-1d">
         <name>.debug_info</name>
         <load_address>0x371</load_address>
         <run_address>0x371</run_address>
         <size>0x16a</size>
         <input_file_ref idref="fl-144"/>
      </object_component>
      <object_component id="oc-24">
         <name>.debug_info</name>
         <load_address>0x4db</load_address>
         <run_address>0x4db</run_address>
         <size>0x18e</size>
         <input_file_ref idref="fl-143"/>
      </object_component>
      <object_component id="oc-2a">
         <name>.debug_info</name>
         <load_address>0x669</load_address>
         <run_address>0x669</run_address>
         <size>0xb6</size>
         <input_file_ref idref="fl-16f"/>
      </object_component>
      <object_component id="oc-2d">
         <name>.debug_info</name>
         <load_address>0x71f</load_address>
         <run_address>0x71f</run_address>
         <size>0xe1</size>
         <input_file_ref idref="fl-4"/>
      </object_component>
      <object_component id="oc-30">
         <name>.debug_info</name>
         <load_address>0x800</load_address>
         <run_address>0x800</run_address>
         <size>0x1fc</size>
         <input_file_ref idref="fl-4"/>
      </object_component>
      <object_component id="oc-36">
         <name>.debug_info</name>
         <load_address>0x9fc</load_address>
         <run_address>0x9fc</run_address>
         <size>0x162</size>
         <input_file_ref idref="fl-f"/>
      </object_component>
      <object_component id="oc-3b">
         <name>.debug_info</name>
         <load_address>0xb5e</load_address>
         <run_address>0xb5e</run_address>
         <size>0x6fc</size>
         <input_file_ref idref="fl-e"/>
      </object_component>
      <object_component id="oc-41">
         <name>.debug_info</name>
         <load_address>0x125a</load_address>
         <run_address>0x125a</run_address>
         <size>0x475</size>
         <input_file_ref idref="fl-7"/>
      </object_component>
      <object_component id="oc-47">
         <name>.debug_info</name>
         <load_address>0x16cf</load_address>
         <run_address>0x16cf</run_address>
         <size>0x3cc</size>
         <input_file_ref idref="fl-6"/>
      </object_component>
      <object_component id="oc-4e">
         <name>.debug_info</name>
         <load_address>0x1a9b</load_address>
         <run_address>0x1a9b</run_address>
         <size>0x1c8</size>
         <input_file_ref idref="fl-4"/>
      </object_component>
      <object_component id="oc-51">
         <name>.debug_info</name>
         <load_address>0x1c63</load_address>
         <run_address>0x1c63</run_address>
         <size>0x13d</size>
         <input_file_ref idref="fl-14e"/>
      </object_component>
      <object_component id="oc-58">
         <name>.debug_info</name>
         <load_address>0x1da0</load_address>
         <run_address>0x1da0</run_address>
         <size>0x11c</size>
         <input_file_ref idref="fl-14c"/>
      </object_component>
      <object_component id="oc-5b">
         <name>.debug_info</name>
         <load_address>0x1ebc</load_address>
         <run_address>0x1ebc</run_address>
         <size>0x1c2</size>
         <input_file_ref idref="fl-145"/>
      </object_component>
      <object_component id="oc-61">
         <name>.debug_info</name>
         <load_address>0x207e</load_address>
         <run_address>0x207e</run_address>
         <size>0xbe</size>
         <input_file_ref idref="fl-148"/>
      </object_component>
      <object_component id="oc-66">
         <name>.debug_info</name>
         <load_address>0x213c</load_address>
         <run_address>0x213c</run_address>
         <size>0xcc</size>
         <input_file_ref idref="fl-146"/>
      </object_component>
      <object_component id="oc-6a">
         <name>.debug_info</name>
         <load_address>0x2208</load_address>
         <run_address>0x2208</run_address>
         <size>0x46</size>
         <input_file_ref idref="fl-142"/>
      </object_component>
      <object_component id="oc-6f">
         <name>.debug_info</name>
         <load_address>0x224e</load_address>
         <run_address>0x224e</run_address>
         <size>0xf2</size>
         <input_file_ref idref="fl-142"/>
      </object_component>
      <object_component id="oc-71">
         <name>.debug_info</name>
         <load_address>0x2340</load_address>
         <run_address>0x2340</run_address>
         <size>0x46</size>
         <input_file_ref idref="fl-144"/>
      </object_component>
      <object_component id="oc-76">
         <name>.debug_info</name>
         <load_address>0x2386</load_address>
         <run_address>0x2386</run_address>
         <size>0xad</size>
         <input_file_ref idref="fl-144"/>
      </object_component>
      <object_component id="oc-79">
         <name>.debug_info</name>
         <load_address>0x2433</load_address>
         <run_address>0x2433</run_address>
         <size>0x1ef</size>
         <input_file_ref idref="fl-143"/>
      </object_component>
      <object_component id="oc-7e">
         <name>.debug_info</name>
         <load_address>0x2622</load_address>
         <run_address>0x2622</run_address>
         <size>0xb7</size>
         <input_file_ref idref="fl-143"/>
      </object_component>
      <object_component id="oc-7f">
         <name>.debug_info</name>
         <load_address>0x26d9</load_address>
         <run_address>0x26d9</run_address>
         <size>0x39</size>
         <input_file_ref idref="fl-143"/>
      </object_component>
      <object_component id="oc-86">
         <name>.debug_info</name>
         <load_address>0x2712</load_address>
         <run_address>0x2712</run_address>
         <size>0x1d7</size>
         <input_file_ref idref="fl-16f"/>
      </object_component>
      <object_component id="oc-8c">
         <name>.debug_info</name>
         <load_address>0x28e9</load_address>
         <run_address>0x28e9</run_address>
         <size>0x1e34</size>
         <input_file_ref idref="fl-c"/>
      </object_component>
      <object_component id="oc-92">
         <name>.debug_info</name>
         <load_address>0x471d</load_address>
         <run_address>0x471d</run_address>
         <size>0x2cb</size>
         <input_file_ref idref="fl-c"/>
      </object_component>
      <object_component id="oc-96">
         <name>.debug_info</name>
         <load_address>0x49e8</load_address>
         <run_address>0x49e8</run_address>
         <size>0x13c</size>
         <input_file_ref idref="fl-e"/>
      </object_component>
      <object_component id="oc-99">
         <name>.debug_info</name>
         <load_address>0x4b24</load_address>
         <run_address>0x4b24</run_address>
         <size>0x218</size>
         <input_file_ref idref="fl-e"/>
      </object_component>
      <object_component id="oc-9a">
         <name>.debug_info</name>
         <load_address>0x4d3c</load_address>
         <run_address>0x4d3c</run_address>
         <size>0x2c</size>
         <input_file_ref idref="fl-2"/>
      </object_component>
      <object_component id="oc-9f">
         <name>.debug_info</name>
         <load_address>0x4d68</load_address>
         <run_address>0x4d68</run_address>
         <size>0xae</size>
         <input_file_ref idref="fl-2"/>
      </object_component>
      <object_component id="oc-a5">
         <name>.debug_info</name>
         <load_address>0x4e16</load_address>
         <run_address>0x4e16</run_address>
         <size>0x1f6</size>
         <input_file_ref idref="fl-173"/>
      </object_component>
      <object_component id="oc-ab">
         <name>.debug_info</name>
         <load_address>0x500c</load_address>
         <run_address>0x500c</run_address>
         <size>0x1c07</size>
         <input_file_ref idref="fl-b"/>
      </object_component>
      <object_component id="oc-b1">
         <name>.debug_info</name>
         <load_address>0x6c13</load_address>
         <run_address>0x6c13</run_address>
         <size>0x1e1</size>
         <input_file_ref idref="fl-174"/>
      </object_component>
      <object_component id="oc-b7">
         <name>.debug_info</name>
         <load_address>0x6df4</load_address>
         <run_address>0x6df4</run_address>
         <size>0x1f0</size>
         <input_file_ref idref="fl-173"/>
      </object_component>
      <object_component id="oc-bd">
         <name>.debug_info</name>
         <load_address>0x6fe4</load_address>
         <run_address>0x6fe4</run_address>
         <size>0x7f4</size>
         <input_file_ref idref="fl-12"/>
      </object_component>
      <object_component id="oc-c3">
         <name>.debug_info</name>
         <load_address>0x77d8</load_address>
         <run_address>0x77d8</run_address>
         <size>0x226</size>
         <input_file_ref idref="fl-173"/>
      </object_component>
      <object_component id="oc-c9">
         <name>.debug_info</name>
         <load_address>0x79fe</load_address>
         <run_address>0x79fe</run_address>
         <size>0x21e</size>
         <input_file_ref idref="fl-173"/>
      </object_component>
      <object_component id="oc-cf">
         <name>.debug_info</name>
         <load_address>0x7c1c</load_address>
         <run_address>0x7c1c</run_address>
         <size>0x1f8</size>
         <input_file_ref idref="fl-173"/>
      </object_component>
      <object_component id="oc-d5">
         <name>.debug_info</name>
         <load_address>0x7e14</load_address>
         <run_address>0x7e14</run_address>
         <size>0x1cc</size>
         <input_file_ref idref="fl-175"/>
      </object_component>
      <object_component id="oc-db">
         <name>.debug_info</name>
         <load_address>0x7fe0</load_address>
         <run_address>0x7fe0</run_address>
         <size>0x1e3</size>
         <input_file_ref idref="fl-173"/>
      </object_component>
      <object_component id="oc-e1">
         <name>.debug_info</name>
         <load_address>0x81c3</load_address>
         <run_address>0x81c3</run_address>
         <size>0xf2</size>
         <input_file_ref idref="fl-7"/>
      </object_component>
      <object_component id="oc-e4">
         <name>.debug_info</name>
         <load_address>0x82b5</load_address>
         <run_address>0x82b5</run_address>
         <size>0x4e8</size>
         <input_file_ref idref="fl-7"/>
      </object_component>
      <object_component id="oc-e7">
         <name>.debug_info</name>
         <load_address>0x879d</load_address>
         <run_address>0x879d</run_address>
         <size>0xf3</size>
         <input_file_ref idref="fl-2"/>
      </object_component>
      <object_component id="oc-ea">
         <name>.debug_info</name>
         <load_address>0x8890</load_address>
         <run_address>0x8890</run_address>
         <size>0x18b</size>
         <input_file_ref idref="fl-2"/>
      </object_component>
      <object_component id="oc-ef">
         <name>.debug_info</name>
         <load_address>0x8a1b</load_address>
         <run_address>0x8a1b</run_address>
         <size>0x8b</size>
         <input_file_ref idref="fl-5"/>
      </object_component>
      <object_component id="oc-f5">
         <name>.debug_info</name>
         <load_address>0x8aa6</load_address>
         <run_address>0x8aa6</run_address>
         <size>0x2316</size>
         <input_file_ref idref="fl-11"/>
      </object_component>
      <object_component id="oc-fb">
         <name>.debug_info</name>
         <load_address>0xadbc</load_address>
         <run_address>0xadbc</run_address>
         <size>0x1e4</size>
         <input_file_ref idref="fl-177"/>
      </object_component>
      <object_component id="oc-101">
         <name>.debug_info</name>
         <load_address>0xafa0</load_address>
         <run_address>0xafa0</run_address>
         <size>0x1e3</size>
         <input_file_ref idref="fl-177"/>
      </object_component>
      <object_component id="oc-107">
         <name>.debug_info</name>
         <load_address>0xb183</load_address>
         <run_address>0xb183</run_address>
         <size>0x1dd</size>
         <input_file_ref idref="fl-177"/>
      </object_component>
      <object_component id="oc-10d">
         <name>.debug_info</name>
         <load_address>0xb360</load_address>
         <run_address>0xb360</run_address>
         <size>0x28e</size>
         <input_file_ref idref="fl-5"/>
      </object_component>
      <object_component id="oc-114">
         <name>.debug_info</name>
         <load_address>0xb5ee</load_address>
         <run_address>0xb5ee</run_address>
         <size>0x257</size>
         <input_file_ref idref="fl-6"/>
      </object_component>
      <object_component id="oc-117">
         <name>.debug_info</name>
         <load_address>0xb845</load_address>
         <run_address>0xb845</run_address>
         <size>0xfa</size>
         <input_file_ref idref="fl-6"/>
      </object_component>
      <object_component id="oc-11a">
         <name>.debug_info</name>
         <load_address>0xb93f</load_address>
         <run_address>0xb93f</run_address>
         <size>0x430</size>
         <input_file_ref idref="fl-6"/>
      </object_component>
      <object_component id="oc-11d">
         <name>.debug_info</name>
         <load_address>0xbd6f</load_address>
         <run_address>0xbd6f</run_address>
         <size>0x84</size>
         <input_file_ref idref="fl-2"/>
      </object_component>
      <object_component id="oc-124">
         <name>.debug_info</name>
         <load_address>0xbdf3</load_address>
         <run_address>0xbdf3</run_address>
         <size>0x14b</size>
         <input_file_ref idref="fl-14f"/>
      </object_component>
      <object_component id="oc-12a">
         <name>.debug_info</name>
         <load_address>0xbf3e</load_address>
         <run_address>0xbf3e</run_address>
         <size>0x482</size>
         <input_file_ref idref="fl-2"/>
      </object_component>
      <object_component id="oc-130">
         <name>.debug_info</name>
         <load_address>0xc3c0</load_address>
         <run_address>0xc3c0</run_address>
         <size>0x11b</size>
         <input_file_ref idref="fl-14c"/>
      </object_component>
      <object_component id="oc-132">
         <name>.debug_info</name>
         <load_address>0xc4db</load_address>
         <run_address>0xc4db</run_address>
         <size>0xc8</size>
         <input_file_ref idref="fl-14a"/>
      </object_component>
      <object_component id="oc-135">
         <name>.debug_info</name>
         <load_address>0xc5a3</load_address>
         <run_address>0xc5a3</run_address>
         <size>0xeb</size>
         <input_file_ref idref="fl-145"/>
      </object_component>
      <object_component id="oc-138">
         <name>.debug_info</name>
         <load_address>0xc68e</load_address>
         <run_address>0xc68e</run_address>
         <size>0x146</size>
         <input_file_ref idref="fl-145"/>
      </object_component>
      <object_component id="oc-13d">
         <name>.debug_info</name>
         <load_address>0xc7d4</load_address>
         <run_address>0xc7d4</run_address>
         <size>0x2c</size>
         <input_file_ref idref="fl-142"/>
      </object_component>
      <object_component id="oc-144">
         <name>.debug_info</name>
         <load_address>0xc800</load_address>
         <run_address>0xc800</run_address>
         <size>0x2c</size>
         <input_file_ref idref="fl-144"/>
      </object_component>
      <object_component id="oc-150">
         <name>.debug_info</name>
         <load_address>0xc82c</load_address>
         <run_address>0xc82c</run_address>
         <size>0x2c</size>
         <input_file_ref idref="fl-16e"/>
      </object_component>
      <object_component id="oc-155">
         <name>.debug_info</name>
         <load_address>0xc858</load_address>
         <run_address>0xc858</run_address>
         <size>0x62</size>
         <input_file_ref idref="fl-16f"/>
      </object_component>
      <object_component id="oc-15b">
         <name>.debug_info</name>
         <load_address>0xc8ba</load_address>
         <run_address>0xc8ba</run_address>
         <size>0x49d</size>
         <input_file_ref idref="fl-a"/>
      </object_component>
      <object_component id="oc-161">
         <name>.debug_info</name>
         <load_address>0xcd57</load_address>
         <run_address>0xcd57</run_address>
         <size>0xf4</size>
         <input_file_ref idref="fl-c"/>
      </object_component>
      <object_component id="oc-164">
         <name>.debug_info</name>
         <load_address>0xce4b</load_address>
         <run_address>0xce4b</run_address>
         <size>0x627</size>
         <input_file_ref idref="fl-c"/>
      </object_component>
      <object_component id="oc-16b">
         <name>.debug_info</name>
         <load_address>0xd472</load_address>
         <run_address>0xd472</run_address>
         <size>0x484</size>
         <input_file_ref idref="fl-3"/>
      </object_component>
      <object_component id="oc-17b">
         <name>.debug_info</name>
         <load_address>0xd8f6</load_address>
         <run_address>0xd8f6</run_address>
         <size>0x14c</size>
         <input_file_ref idref="fl-2"/>
      </object_component>
      <object_component id="oc-180">
         <name>.debug_info</name>
         <load_address>0xda42</load_address>
         <run_address>0xda42</run_address>
         <size>0x2ab</size>
         <input_file_ref idref="fl-2"/>
      </object_component>
      <object_component id="oc-185">
         <name>.debug_info</name>
         <load_address>0xdced</load_address>
         <run_address>0xdced</run_address>
         <size>0x5b8</size>
         <input_file_ref idref="fl-2"/>
      </object_component>
      <object_component id="oc-187">
         <name>.debug_info</name>
         <load_address>0xe2a5</load_address>
         <run_address>0xe2a5</run_address>
         <size>0x18b</size>
         <input_file_ref idref="fl-172"/>
      </object_component>
      <object_component id="oc-18c">
         <name>.debug_info</name>
         <load_address>0xe430</load_address>
         <run_address>0xe430</run_address>
         <size>0x1cf</size>
         <input_file_ref idref="fl-173"/>
      </object_component>
      <object_component id="oc-18e">
         <name>.debug_info</name>
         <load_address>0xe5ff</load_address>
         <run_address>0xe5ff</run_address>
         <size>0x46</size>
         <input_file_ref idref="fl-5"/>
[...]
         <name>__aeabi_stdin</name>
         <value>0x200056fc</value>
         <object_component_ref idref="oc-45c"/>
      </symbol>
      <symbol id="sm-70f">
         <name>_ftable</name>
         <value>0x200054d8</value>
         <object_component_ref idref="oc-3a1"/>
      </symbol>
      <symbol id="sm-710">
         <name>__TI_ft_end</name>
         <value>0x200056f8</value>
         <object_component_ref idref="oc-45c"/>
      </symbol>
      <symbol id="sm-727">
         <name>__aeabi_dsub</name>
         <value>0x472d</value>
         <object_component_ref idref="oc-41c"/>
      </symbol>
      <symbol id="sm-728">
         <name>__aeabi_dadd</name>
         <value>0x4737</value>
         <object_component_ref idref="oc-41c"/>
      </symbol>
      <symbol id="sm-74a">
         <name>__aeabi_cdcmpeq</name>
         <value>0x5715</value>
         <object_component_ref idref="oc-3f8"/>
      </symbol>
      <symbol id="sm-74b">
         <name>__aeabi_cdcmple</name>
         <value>0x5715</value>
         <object_component_ref idref="oc-3f8"/>
      </symbol>
      <symbol id="sm-74c">
         <name>__aeabi_cdrcmple</name>
         <value>0x579b</value>
         <object_component_ref idref="oc-407"/>
      </symbol>
      <symbol id="sm-760">
         <name>__aeabi_ddiv</name>
         <value>0x4a99</value>
         <object_component_ref idref="oc-402"/>
      </symbol>
      <symbol id="sm-76b">
         <name>__aeabi_dmul</name>
         <value>0x5085</value>
         <object_component_ref idref="oc-3fd"/>
      </symbol>
      <symbol id="sm-775">
         <name>__aeabi_d2iz</name>
         <value>0x5ef1</value>
         <object_component_ref idref="oc-40c"/>
      </symbol>
      <symbol id="sm-78d">
         <name>putc</name>
         <value>0x5535</value>
         <object_component_ref idref="oc-38f"/>
      </symbol>
      <symbol id="sm-78e">
         <name>fputc</name>
         <value>0x54b1</value>
         <object_component_ref idref="oc-38f"/>
      </symbol>
      <symbol id="sm-78f">
         <name>putchar</name>
         <value>0x5539</value>
         <object_component_ref idref="oc-38f"/>
      </symbol>
      <symbol id="sm-7b1">
         <name>puts</name>
         <value>0x4cdd</value>
         <object_component_ref idref="oc-395"/>
      </symbol>
      <symbol id="sm-7b2">
         <name>fputs</name>
         <value>0x4bd1</value>
         <object_component_ref idref="oc-395"/>
      </symbol>
      <symbol id="sm-7bc">
         <name>__aeabi_i2d</name>
         <value>0x61c1</value>
         <object_component_ref idref="oc-417"/>
      </symbol>
      <symbol id="sm-7c5">
         <name>__aeabi_lmul</name>
         <value>0x62b5</value>
         <object_component_ref idref="oc-3f3"/>
      </symbol>
      <symbol id="sm-813">
         <name>open</name>
         <value>0x359f</value>
         <object_component_ref idref="oc-3d8"/>
      </symbol>
      <symbol id="sm-814">
         <name>add_device</name>
         <value>0x36c3</value>
         <object_component_ref idref="oc-3d8"/>
      </symbol>
      <symbol id="sm-815">
         <name>remove_device</name>
         <value>0x3553</value>
         <object_component_ref idref="oc-3d8"/>
      </symbol>
      <symbol id="sm-816">
         <name>lseek</name>
         <value>0x364d</value>
         <object_component_ref idref="oc-3d8"/>
      </symbol>
      <symbol id="sm-817">
         <name>read</name>
         <value>0x357b</value>
         <object_component_ref idref="oc-3d8"/>
      </symbol>
      <symbol id="sm-818">
         <name>rename</name>
         <value>0x3515</value>
         <object_component_ref idref="oc-3d8"/>
      </symbol>
      <symbol id="sm-819">
         <name>write</name>
         <value>0x3461</value>
         <object_component_ref idref="oc-3d8"/>
      </symbol>
      <symbol id="sm-81a">
         <name>close</name>
         <value>0x3671</value>
         <object_component_ref idref="oc-3d8"/>
      </symbol>
      <symbol id="sm-81b">
         <name>unlink</name>
         <value>0x34f1</value>
         <object_component_ref idref="oc-3d8"/>
      </symbol>
      <symbol id="sm-82a">
         <name>ltoa</name>
         <value>0x5c2d</value>
         <object_component_ref idref="oc-411"/>
      </symbol>
      <symbol id="sm-83a">
         <name>memccpy</name>
         <value>0x6251</value>
         <object_component_ref idref="oc-42c"/>
      </symbol>
      <symbol id="sm-84a">
         <name>memchr</name>
         <value>0x62e5</value>
         <object_component_ref idref="oc-3e6"/>
      </symbol>
      <symbol id="sm-859">
         <name>__aeabi_memset</name>
         <value>0x58a3</value>
         <object_component_ref idref="oc-421"/>
      </symbol>
      <symbol id="sm-85a">
         <name>memset</name>
         <value>0x58a9</value>
         <object_component_ref idref="oc-421"/>
      </symbol>
      <symbol id="sm-85b">
         <name>__aeabi_memset8</name>
         <value>0x58a3</value>
         <object_component_ref idref="oc-421"/>
      </symbol>
      <symbol id="sm-85c">
         <name>__aeabi_memset4</name>
         <value>0x58a3</value>
         <object_component_ref idref="oc-421"/>
      </symbol>
      <symbol id="sm-85d">
         <name>__aeabi_memclr8</name>
         <value>0x58a1</value>
         <object_component_ref idref="oc-421"/>
      </symbol>
      <symbol id="sm-85e">
         <name>__aeabi_memclr4</name>
         <value>0x58a1</value>
         <object_component_ref idref="oc-421"/>
      </symbol>
      <symbol id="sm-85f">
         <name>__aeabi_memclr</name>
         <value>0x58a1</value>
         <object_component_ref idref="oc-421"/>
      </symbol>
      <symbol id="sm-86f">
         <name>strchr</name>
         <value>0x62fb</value>
         <object_component_ref idref="oc-467"/>
      </symbol>
      <symbol id="sm-87e">
         <name>strcmp</name>
         <value>0x62cd</value>
         <object_component_ref idref="oc-461"/>
      </symbol>
      <symbol id="sm-88c">
         <name>strlen</name>
         <value>0x6339</value>
         <object_component_ref idref="oc-3e0"/>
      </symbol>
      <symbol id="sm-89c">
         <name>strncpy</name>
         <value>0x6191</value>
         <object_component_ref idref="oc-46d"/>
      </symbol>
      <symbol id="sm-8bd">
         <name>HOSTgetenv</name>
         <value>0x3987</value>
         <object_component_ref idref="oc-4cf"/>
      </symbol>
      <symbol id="sm-8be">
         <name>HOSTrename</name>
         <value>0x382f</value>
         <object_component_ref idref="oc-4cf"/>
      </symbol>
      <symbol id="sm-8bf">
         <name>HOSTclose</name>
         <value>0x39c5</value>
         <object_component_ref idref="oc-4cf"/>
      </symbol>
      <symbol id="sm-8c0">
         <name>HOSTunlink</name>
         <value>0x37bd</value>
         <object_component_ref idref="oc-4cf"/>
      </symbol>
      <symbol id="sm-8c1">
         <name>HOSTlseek</name>
         <value>0x392b</value>
         <object_component_ref idref="oc-4cf"/>
      </symbol>
      <symbol id="sm-8c2">
         <name>HOSTopen</name>
         <value>0x38d9</value>
         <object_component_ref idref="oc-4cf"/>
      </symbol>
      <symbol id="sm-8c3">
         <name>HOSTclock</name>
         <value>0x39fd</value>
         <object_component_ref idref="oc-4cf"/>
      </symbol>
      <symbol id="sm-8c4">
         <name>HOSTwrite</name>
         <value>0x3771</value>
         <object_component_ref idref="oc-4cf"/>
      </symbol>
      <symbol id="sm-8c5">
         <name>HOSTread</name>
         <value>0x388d</value>
         <object_component_ref idref="oc-4cf"/>
      </symbol>
      <symbol id="sm-8c6">
         <name>HOSTtime</name>
         <value>0x37f5</value>
         <object_component_ref idref="oc-4cf"/>
      </symbol>
      <symbol id="sm-8e1">
         <name>__TI_readmsg</name>
         <value>0x5b3f</value>
         <object_component_ref idref="oc-504"/>
      </symbol>
      <symbol id="sm-8e2">
         <name>C$$IO$$</name>
         <value>0x5b3b</value>
         <object_component_ref idref="oc-504"/>
      </symbol>
      <symbol id="sm-8e3">
         <name>__CIOBUF_</name>
         <value>0x20004124</value>
         <object_component_ref idref="oc-526"/>
      </symbol>
      <symbol id="sm-8e4">
         <name>__TI_writemsg</name>
         <value>0x5b11</value>
         <object_component_ref idref="oc-504"/>
      </symbol>
      <symbol id="sm-900">
         <name>__aeabi_uldivmod</name>
         <value>0x3c41</value>
         <object_component_ref idref="oc-3ee"/>
      </symbol>
      <symbol id="sm-90a">
         <name>_Dclass</name>
         <value>0x63b9</value>
         <object_component_ref idref="oc-426"/>
      </symbol>
      <symbol id="sm-91c">
         <name>_Dtest</name>
         <value>0x5fc1</value>
         <object_component_ref idref="oc-492"/>
      </symbol>
      <symbol id="sm-93a">
         <name>__TI_wrt_ok</name>
         <value>0x5405</value>
         <object_component_ref idref="oc-3cc"/>
      </symbol>
      <symbol id="sm-93b">
         <name>__TI_rd_ok</name>
         <value>0x5467</value>
         <object_component_ref idref="oc-3cc"/>
      </symbol>
      <symbol id="sm-955">
         <name>__TI_doflush</name>
         <value>0x5345</value>
         <object_component_ref idref="oc-3d2"/>
      </symbol>
      <symbol id="sm-956">
         <name>fflush</name>
         <value>0x5391</value>
         <object_component_ref idref="oc-3d2"/>
      </symbol>
      <symbol id="sm-968">
         <name>fseek</name>
         <value>0x59ed</value>
         <object_component_ref idref="oc-44e"/>
      </symbol>
      <symbol id="sm-984">
         <name>setvbuf</name>
         <value>0x5269</value>
         <object_component_ref idref="oc-454"/>
      </symbol>
      <symbol id="sm-992">
         <name>strcpy</name>
         <value>0x63ed</value>
         <object_component_ref idref="oc-50a"/>
      </symbol>
      <symbol id="sm-9ca">
         <name>__TI_cleanup</name>
         <value>0x4635</value>
         <object_component_ref idref="oc-4b6"/>
      </symbol>
      <symbol id="sm-9cb">
         <name>freopen</name>
         <value>0x4661</value>
         <object_component_ref idref="oc-4b6"/>
      </symbol>
      <symbol id="sm-9cc">
         <name>fopen</name>
         <value>0x468b</value>
         <object_component_ref idref="oc-4b6"/>
      </symbol>
      <symbol id="sm-a3c">
         <name>_sys_memory</name>
         <value>0x20004cd8</value>
         <object_component_ref idref="oc-29"/>
      </symbol>
      <symbol id="sm-a3d">
         <name>free</name>
         <value>0x3179</value>
         <object_component_ref idref="oc-4b0"/>
      </symbol>
      <symbol id="sm-a3e">
         <name>realloc</name>
         <value>0x3239</value>
         <object_component_ref idref="oc-4b0"/>
      </symbol>
      <symbol id="sm-a3f">
         <name>memalign</name>
         <value>0x3345</value>
         <object_component_ref idref="oc-4b0"/>
      </symbol>
      <symbol id="sm-a40">
         <name>calloc</name>
         <value>0x3429</value>
         <object_component_ref idref="oc-4b0"/>
      </symbol>
      <symbol id="sm-a41">
         <name>malloc</name>
         <value>0x3111</value>
         <object_component_ref idref="oc-4b0"/>
      </symbol>
      <symbol id="sm-a42">
         <name>minit</name>
         <value>0x3085</value>
         <object_component_ref idref="oc-4b0"/>
      </symbol>
      <symbol id="sm-a58">
         <name>__TI_closefile</name>
         <value>0x55e9</value>
         <object_component_ref idref="oc-4f3"/>
      </symbol>
      <symbol id="sm-a59">
         <name>fclose</name>
         <value>0x564f</value>
         <object_component_ref idref="oc-4f3"/>
      </symbol>
      <symbol id="sm-aa5">
         <name>UARTConfigSetExpClk</name>
         <value>0x6047</value>
         <object_component_ref idref="oc-1a2"/>
      </symbol>
      <symbol id="sm-aa6">
         <name>UARTDisable</name>
         <value>0x6219</value>
         <object_component_ref idref="oc-2c5"/>
      </symbol>
      <symbol id="sm-aa7">
         <name>UARTClockSourceSet</name>
         <value>0x6487</value>
         <object_component_ref idref="oc-265"/>
      </symbol>
      <symbol id="sm-aa8">
         <name>UARTCharPut</name>
         <value>0x6451</value>
         <object_component_ref idref="oc-1ae"/>
      </symbol>
      <symbol id="sm-aa9">
         <name>UARTEnable</name>
         <value>0x6311</value>
         <object_component_ref idref="oc-1a8"/>
      </symbol>
      <symbol id="sm-aaa">
         <name>UARTCharGet</name>
         <value>0x6447</value>
         <object_component_ref idref="oc-1b4"/>
      </symbol>
      <symbol id="sm-ae5">
         <name>TimerLoadSet</name>
         <value>0x6383</value>
         <object_component_ref idref="oc-c8"/>
      </symbol>
      <symbol id="sm-ae6">
         <name>TimerEnable</name>
         <value>0x63fd</value>
         <object_component_ref idref="oc-da"/>
      </symbol>
      <symbol id="sm-ae7">
         <name>TimerPrescaleSet</name>
         <value>0x6395</value>
         <object_component_ref idref="oc-c2"/>
      </symbol>
      <symbol id="sm-ae8">
         <name>TimerIntEnable</name>
         <value>0x6473</value>
         <object_component_ref idref="oc-ce"/>
      </symbol>
      <symbol id="sm-ae9">
         <name>TimerConfigure</name>
         <value>0x5bd1</value>
         <object_component_ref idref="oc-b6"/>
      </symbol>
      <symbol id="sm-aea">
         <name>TimerIntClear</name>
         <value>0x649f</value>
         <object_component_ref idref="oc-a4"/>
      </symbol>
      <symbol id="sm-b6a">
         <name>SysCtlPeripheralPresent</name>
         <value>0x615d</value>
         <object_component_ref idref="oc-19c"/>
      </symbol>
      <symbol id="sm-b6b">
         <name>SysCtlPeripheralEnable</name>
         <value>0x6129</value>
         <object_component_ref idref="oc-b0"/>
      </symbol>
      <symbol id="sm-b6c">
         <name>SysCtlClockFreqSet</name>
         <value>0x3a45</value>
         <object_component_ref idref="oc-26b"/>
      </symbol>
      <symbol id="sm-bbf">
         <name>IntIsEnabled</name>
         <value>0x5989</value>
         <object_component_ref idref="oc-20a"/>
      </symbol>
      <symbol id="sm-bc0">
         <name>IntEnable</name>
         <value>0x5ab1</value>
         <object_component_ref idref="oc-d4"/>
      </symbol>
      <symbol id="sm-bc1">
         <name>IntTrigger</name>
         <value>0x6425</value>
         <object_component_ref idref="oc-216"/>
      </symbol>
      <symbol id="sm-bc2">
         <name>IntDisable</name>
         <value>0x5a51</value>
         <object_component_ref idref="oc-210"/>
      </symbol>
      <symbol id="sm-c0b">
         <name>I2CMasterDataPut</name>
         <value>0x649b</value>
         <object_component_ref idref="oc-1e6"/>
      </symbol>
      <symbol id="sm-c0c">
         <name>I2CMasterInitExpClk</name>
         <value>0x5e19</value>
         <object_component_ref idref="oc-1fe"/>
      </symbol>
      <symbol id="sm-c0d">
         <name>I2CMasterSlaveAddrSet</name>
         <value>0x646b</value>
         <object_component_ref idref="oc-1e0"/>
      </symbol>
      <symbol id="sm-c0e">
         <name>I2CMasterDataGet</name>
         <value>0x6497</value>
         <object_component_ref idref="oc-1f2"/>
      </symbol>
      <symbol id="sm-c0f">
         <name>I2CMasterIntEnableEx</name>
         <value>0x6463</value>
         <object_component_ref idref="oc-204"/>
      </symbol>
      <symbol id="sm-c10">
         <name>I2CMasterControl</name>
         <value>0x6493</value>
         <object_component_ref idref="oc-1ec"/>
      </symbol>
      <symbol id="sm-c11">
         <name>I2CMasterEnable</name>
         <value>0x643d</value>
         <object_component_ref idref="oc-2e2"/>
      </symbol>
      <symbol id="sm-c12">
         <name>I2CMasterIntClear</name>
         <value>0x645b</value>
         <object_component_ref idref="oc-1f8"/>
      </symbol>
      <symbol id="sm-c72">
         <name>GPIOPinConfigure</name>
         <value>0x5dd1</value>
         <object_component_ref idref="oc-fa"/>
      </symbol>
      <symbol id="sm-c73">
         <name>GPIOPinTypeI2CSCL</name>
         <value>0x635f</value>
         <object_component_ref idref="oc-100"/>
      </symbol>
      <symbol id="sm-c74">
         <name>GPIOPinTypeI2C</name>
         <value>0x634d</value>
         <object_component_ref idref="oc-106"/>
      </symbol>
      <symbol id="sm-c75">
         <name>GPIOPinTypeUART</name>
         <value>0x6371</value>
         <object_component_ref idref="oc-25f"/>
      </symbol>
      <symbol id="sm-c76">
         <name>GPIOPinTypeGPIOOutput</name>
         <value>0x6285</value>
         <object_component_ref idref="oc-24d"/>
      </symbol>
      <symbol id="sm-c77">
         <name>GPIOPinRead</name>
         <value>0x647b</value>
         <object_component_ref idref="oc-253"/>
      </symbol>
      <symbol id="sm-c78">
         <name>GPIODirModeSet</name>
         <value>0x61ef</value>
         <object_component_ref idref="oc-231"/>
      </symbol>
      <symbol id="sm-c79">
         <name>GPIOPinWrite</name>
         <value>0x6481</value>
         <object_component_ref idref="oc-259"/>
      </symbol>
      <symbol id="sm-c7a">
         <name>GPIOPadConfigSet</name>
         <value>0x4d05</value>
         <object_component_ref idref="oc-237"/>
      </symbol>
      <symbol id="sm-c90">
         <name>FPULazyStackingEnable</name>
         <value>0x63dd</value>
         <object_component_ref idref="oc-32a"/>
      </symbol>
      <symbol id="sm-c91">
         <name>FPUEnable</name>
         <value>0x63cd</value>
         <object_component_ref idref="oc-324"/>
      </symbol>
      <symbol id="sm-d01">
         <name>BMP180DataPressureGetRaw</name>
         <value>0x626d</value>
         <object_component_ref idref="oc-33c"/>
      </symbol>
      <symbol id="sm-d02">
         <name>BMP180DataTemperatureGetRaw</name>
         <value>0x6419</value>
         <object_component_ref idref="oc-342"/>
      </symbol>
      <symbol id="sm-d03">
         <name>BMP180ReadModifyWrite</name>
         <value>0x5d39</value>
         <object_component_ref idref="oc-330"/>
      </symbol>
      <symbol id="sm-d04">
         <name>BMP180DataRead</name>
         <value>0x5c89</value>
         <object_component_ref idref="oc-336"/>
      </symbol>
      <symbol id="sm-d05">
         <name>BMP180Init</name>
         <value>0x5ce1</value>
         <object_component_ref idref="oc-31e"/>
      </symbol>
      <symbol id="sm-d06">
         <name>__TI_static_base__</name>
         <value>0x0</value>
      </symbol>
      <symbol id="sm-d07">
         <name>__TI_args_main</name>
         <value>0x1</value>
      </symbol>
      <symbol id="sm-d08">
         <name>SHT$$INIT_ARRAY$$Limit</name>
         <value>0x0</value>
      </symbol>
      <symbol id="sm-d09">
         <name>SHT$$INIT_ARRAY$$Base</name>
         <value>0x0</value>
      </symbol>
      <symbol id="sm-d0d">
         <name>remove</name>
         <value>0x34f1</value>
      </symbol>
   </symbol_table>
   <title>Link successful</title>
</link_info>
